2020-08-20T19:47:00.4898509Z ##[section]Starting: Request a runner to run this job
2020-08-20T19:47:01.2728054Z Can't find any online and idle self-hosted runner in current repository that matches the required labels: 'ubuntu-16.04'
2020-08-20T19:47:01.2728148Z Can't find any online and idle self-hosted runner in current repository's account/organization that matches the required labels: 'ubuntu-16.04'
2020-08-20T19:47:01.2728739Z Found online and idle hosted runner in current repository's account/organization that matches the required labels: 'ubuntu-16.04'
2020-08-20T19:47:01.5018307Z ##[section]Finishing: Request a runner to run this job
2020-08-20T19:47:08.9064430Z Current runner version: '2.273.0'
2020-08-20T19:47:08.9088762Z ##[group]Operating System
2020-08-20T19:47:08.9089437Z Ubuntu
2020-08-20T19:47:08.9089709Z 16.04.7
2020-08-20T19:47:08.9089925Z LTS
2020-08-20T19:47:08.9090112Z ##[endgroup]
2020-08-20T19:47:08.9090466Z ##[group]Virtual Environment
2020-08-20T19:47:08.9090683Z Environment: ubuntu-16.04
2020-08-20T19:47:08.9090871Z Version: 20200817.1
2020-08-20T19:47:08.9091084Z Included Software: https://github.com/actions/virtual-environments/blob/ubuntu16/20200817.1/images/linux/Ubuntu1604-README.md
2020-08-20T19:47:08.9091328Z ##[endgroup]
2020-08-20T19:47:08.9092349Z Prepare workflow directory
2020-08-20T19:47:08.9291517Z Prepare all required actions
2020-08-20T19:47:08.9302925Z Download action repository 'actions/checkout@v1'
2020-08-20T19:47:09.8827102Z Download action repository 'r-lib/actions@master'
2020-08-20T19:47:10.9242849Z ##[group]Run actions/checkout@v1
2020-08-20T19:47:10.9243187Z with:
2020-08-20T19:47:10.9243344Z   clean: true
2020-08-20T19:47:10.9243504Z env:
2020-08-20T19:47:10.9243652Z   R_REMOTES_NO_ERRORS_FROM_WARNINGS: true
2020-08-20T19:47:10.9243807Z   PIP_NO_WARN_SCRIPT_LOCATION: false
2020-08-20T19:47:10.9243960Z   FASTAI2_VERSION:
2020-08-20T19:47:10.9244111Z   RETICULATE_AUTOCONFIGURE: FALSE
2020-08-20T19:47:10.9244316Z   CRAN: https://demo.rstudiopm.com/all/__linux__/xenial/latest
2020-08-20T19:47:10.9244497Z ##[endgroup]
2020-08-20T19:47:11.8774527Z Syncing repository: henry090/fastai
2020-08-20T19:47:11.8778974Z ##[command]git version
2020-08-20T19:47:11.8780193Z git version 2.28.0
2020-08-20T19:47:11.8782498Z ##[command]git lfs version
2020-08-20T19:47:11.8783270Z git-lfs/2.11.0 (GitHub; linux amd64; go 1.13.4)
2020-08-20T19:47:11.8783771Z ##[command]git init "/home/runner/work/fastai/fastai"
2020-08-20T19:47:11.8784122Z Initialized empty Git repository in /home/runner/work/fastai/fastai/.git/
2020-08-20T19:47:11.8784486Z ##[command]git remote add origin https://github.com/henry090/fastai
2020-08-20T19:47:11.8784820Z ##[command]git config gc.auto 0
2020-08-20T19:47:11.8785481Z ##[command]git config --get-all http.https://github.com/henry090/fastai.extraheader
2020-08-20T19:47:11.8787290Z ##[command]git -c http.extraheader="AUTHORIZATION: basic ***" fetch --tags --prune --progress --no-recurse-submodules origin +refs/heads/*:refs/remotes/origin/*
2020-08-20T19:47:12.6730364Z remote: Enumerating objects: 504, done.
2020-08-20T19:47:12.7395712Z remote: Counting objects:   0% (1/504)
2020-08-20T19:47:12.7397772Z remote: Counting objects:   1% (6/504)
2020-08-20T19:47:12.7399817Z remote: Counting objects:   2% (11/504)
2020-08-20T19:47:12.7401394Z remote: Counting objects:   3% (16/504)
2020-08-20T19:47:12.7404875Z remote: Counting objects:   4% (21/504)
2020-08-20T19:47:12.7406735Z remote: Counting objects:   5% (26/504)
2020-08-20T19:47:12.7409759Z remote: Counting objects:   6% (31/504)
2020-08-20T19:47:12.7413541Z remote: Counting objects:   7% (36/504)
2020-08-20T19:47:12.7417426Z remote: Counting objects:   8% (41/504)
2020-08-20T19:47:12.7421439Z remote: Counting objects:   9% (46/504)
2020-08-20T19:47:12.7422919Z remote: Counting objects:  10% (51/504)
2020-08-20T19:47:12.7423935Z remote: Counting objects:  11% (56/504)
2020-08-20T19:47:12.7425187Z remote: Counting objects:  12% (61/504)
2020-08-20T19:47:12.7426395Z remote: Counting objects:  13% (66/504)
2020-08-20T19:47:12.7427125Z remote: Counting objects:  14% (71/504)
2020-08-20T19:47:12.7427756Z remote: Counting objects:  15% (76/504)
2020-08-20T19:47:12.7428559Z remote: Counting objects:  16% (81/504)
2020-08-20T19:47:12.7429182Z remote: Counting objects:  17% (86/504)
2020-08-20T19:47:12.7429791Z remote: Counting objects:  18% (91/504)
2020-08-20T19:47:12.7430519Z remote: Counting objects:  19% (96/504)
2020-08-20T19:47:12.7431332Z remote: Counting objects:  20% (101/504)
2020-08-20T19:47:12.7435143Z remote: Counting objects:  21% (106/504)
2020-08-20T19:47:12.7435990Z remote: Counting objects:  22% (111/504)
2020-08-20T19:47:12.7436103Z remote: Counting objects:  23% (116/504)
2020-08-20T19:47:12.7436211Z remote: Counting objects:  24% (121/504)
2020-08-20T19:47:12.7436318Z remote: Counting objects:  25% (126/504)
2020-08-20T19:47:12.7436430Z remote: Counting objects:  26% (132/504)
2020-08-20T19:47:12.7436538Z remote: Counting objects:  27% (137/504)
2020-08-20T19:47:12.7436631Z remote: Counting objects:  28% (142/504)
2020-08-20T19:47:12.7436742Z remote: Counting objects:  29% (147/504)
2020-08-20T19:47:12.7436850Z remote: Counting objects:  30% (152/504)
2020-08-20T19:47:12.7436957Z remote: Counting objects:  31% (157/504)
2020-08-20T19:47:12.7437176Z remote: Counting objects:  32% (162/504)
2020-08-20T19:47:12.7437305Z remote: Counting objects:  33% (167/504)
2020-08-20T19:47:12.7437411Z remote: Counting objects:  34% (172/504)
2020-08-20T19:47:12.7437524Z remote: Counting objects:  35% (177/504)
2020-08-20T19:47:12.7437633Z remote: Counting objects:  36% (182/504)
2020-08-20T19:47:12.7437739Z remote: Counting objects:  37% (187/504)
2020-08-20T19:47:12.7437830Z remote: Counting objects:  38% (192/504)
2020-08-20T19:47:12.7437935Z remote: Counting objects:  39% (197/504)
2020-08-20T19:47:12.7438040Z remote: Counting objects:  40% (202/504)
2020-08-20T19:47:12.7438145Z remote: Counting objects:  41% (207/504)
2020-08-20T19:47:12.7438250Z remote: Counting objects:  42% (212/504)
2020-08-20T19:47:12.7438356Z remote: Counting objects:  43% (217/504)
2020-08-20T19:47:12.7438463Z remote: Counting objects:  44% (222/504)
2020-08-20T19:47:12.7438575Z remote: Counting objects:  45% (227/504)
2020-08-20T19:47:12.7438669Z remote: Counting objects:  46% (232/504)
2020-08-20T19:47:12.7438776Z remote: Counting objects:  47% (237/504)
2020-08-20T19:47:12.7438888Z remote: Counting objects:  48% (242/504)
2020-08-20T19:47:12.7438991Z remote: Counting objects:  49% (247/504)
2020-08-20T19:47:12.7439095Z remote: Counting objects:  50% (252/504)
2020-08-20T19:47:12.7439200Z remote: Counting objects:  51% (258/504)
2020-08-20T19:47:12.7439476Z remote: Counting objects:  52% (263/504)
2020-08-20T19:47:12.7439587Z remote: Counting objects:  53% (268/504)
2020-08-20T19:47:12.7439678Z remote: Counting objects:  54% (273/504)
2020-08-20T19:47:12.7439784Z remote: Counting objects:  55% (278/504)
2020-08-20T19:47:12.7439889Z remote: Counting objects:  56% (283/504)
2020-08-20T19:47:12.7439993Z remote: Counting objects:  57% (288/504)
2020-08-20T19:47:12.7440105Z remote: Counting objects:  58% (293/504)
2020-08-20T19:47:12.7440214Z remote: Counting objects:  59% (298/504)
2020-08-20T19:47:12.7440319Z remote: Counting objects:  60% (303/504)
2020-08-20T19:47:12.7440432Z remote: Counting objects:  61% (308/504)
2020-08-20T19:47:12.7440524Z remote: Counting objects:  62% (313/504)
2020-08-20T19:47:12.7440630Z remote: Counting objects:  63% (318/504)
2020-08-20T19:47:12.7440738Z remote: Counting objects:  64% (323/504)
2020-08-20T19:47:12.7440843Z remote: Counting objects:  65% (328/504)
2020-08-20T19:47:12.7440951Z remote: Counting objects:  66% (333/504)
2020-08-20T19:47:12.7441056Z remote: Counting objects:  67% (338/504)
2020-08-20T19:47:12.7441160Z remote: Counting objects:  68% (343/504)
2020-08-20T19:47:12.7441266Z remote: Counting objects:  69% (348/504)
2020-08-20T19:47:12.7441356Z remote: Counting objects:  70% (353/504)
2020-08-20T19:47:12.7441467Z remote: Counting objects:  71% (358/504)
2020-08-20T19:47:12.7441573Z remote: Counting objects:  72% (363/504)
2020-08-20T19:47:12.7441677Z remote: Counting objects:  73% (368/504)
2020-08-20T19:47:12.7441890Z remote: Counting objects:  74% (373/504)
2020-08-20T19:47:12.7441995Z remote: Counting objects:  75% (378/504)
2020-08-20T19:47:12.7442100Z remote: Counting objects:  76% (384/504)
2020-08-20T19:47:12.7442206Z remote: Counting objects:  77% (389/504)
2020-08-20T19:47:12.7442296Z remote: Counting objects:  78% (394/504)
2020-08-20T19:47:12.7442401Z remote: Counting objects:  79% (399/504)
2020-08-20T19:47:12.7442512Z remote: Counting objects:  80% (404/504)
2020-08-20T19:47:12.7442616Z remote: Counting objects:  81% (409/504)
2020-08-20T19:47:12.7442720Z remote: Counting objects:  82% (414/504)
2020-08-20T19:47:12.7442824Z remote: Counting objects:  83% (419/504)
2020-08-20T19:47:12.7442930Z remote: Counting objects:  84% (424/504)
2020-08-20T19:47:12.7443100Z remote: Counting objects:  85% (429/504)
2020-08-20T19:47:12.7443205Z remote: Counting objects:  86% (434/504)
2020-08-20T19:47:12.7443319Z remote: Counting objects:  87% (439/504)
2020-08-20T19:47:12.7443424Z remote: Counting objects:  88% (444/504)
2020-08-20T19:47:12.7443529Z remote: Counting objects:  89% (449/504)
2020-08-20T19:47:12.7443633Z remote: Counting objects:  90% (454/504)
2020-08-20T19:47:12.7443738Z remote: Counting objects:  91% (459/504)
2020-08-20T19:47:12.7443841Z remote: Counting objects:  92% (464/504)
2020-08-20T19:47:12.7443946Z remote: Counting objects:  93% (469/504)
2020-08-20T19:47:12.7444036Z remote: Counting objects:  94% (474/504)
2020-08-20T19:47:12.7444143Z remote: Counting objects:  95% (479/504)
2020-08-20T19:47:12.7444273Z remote: Counting objects:  96% (484/504)
2020-08-20T19:47:12.7444363Z remote: Counting objects:  97% (489/504)
2020-08-20T19:47:12.7444474Z remote: Counting objects:  98% (494/504)
2020-08-20T19:47:12.7444580Z remote: Counting objects:  99% (499/504)
2020-08-20T19:47:12.7444690Z remote: Counting objects: 100% (504/504)
2020-08-20T19:47:12.7444798Z remote: Counting objects: 100% (504/504), done.
2020-08-20T19:47:12.7444959Z remote: Compressing objects:   0% (1/313)
2020-08-20T19:47:12.7445071Z remote: Compressing objects:   1% (4/313)
2020-08-20T19:47:12.7445178Z remote: Compressing objects:   2% (7/313)
2020-08-20T19:47:12.7445270Z remote: Compressing objects:   3% (10/313)
2020-08-20T19:47:12.7445379Z remote: Compressing objects:   4% (13/313)
2020-08-20T19:47:12.7445488Z remote: Compressing objects:   5% (16/313)
2020-08-20T19:47:12.7445596Z remote: Compressing objects:   6% (19/313)
2020-08-20T19:47:12.7445701Z remote: Compressing objects:   7% (22/313)
2020-08-20T19:47:12.7445808Z remote: Compressing objects:   8% (26/313)
2020-08-20T19:47:12.7445923Z remote: Compressing objects:   9% (29/313)
2020-08-20T19:47:12.7446210Z remote: Compressing objects:  10% (32/313)
2020-08-20T19:47:12.7446312Z remote: Compressing objects:  11% (35/313)
2020-08-20T19:47:12.7446425Z remote: Compressing objects:  12% (38/313)
2020-08-20T19:47:12.7446705Z remote: Compressing objects:  13% (41/313)
2020-08-20T19:47:12.7446821Z remote: Compressing objects:  14% (44/313)
2020-08-20T19:47:12.7446934Z remote: Compressing objects:  15% (47/313)
2020-08-20T19:47:12.7447047Z remote: Compressing objects:  16% (51/313)
2020-08-20T19:47:12.7447159Z remote: Compressing objects:  17% (54/313)
2020-08-20T19:47:12.7447273Z remote: Compressing objects:  18% (57/313)
2020-08-20T19:47:12.7447386Z remote: Compressing objects:  19% (60/313)
2020-08-20T19:47:12.7447484Z remote: Compressing objects:  20% (63/313)
2020-08-20T19:47:12.7447605Z remote: Compressing objects:  21% (66/313)
2020-08-20T19:47:12.7447898Z remote: Compressing objects:  22% (69/313)
2020-08-20T19:47:12.7448011Z remote: Compressing objects:  23% (72/313)
2020-08-20T19:47:12.7448218Z remote: Compressing objects:  24% (76/313)
2020-08-20T19:47:12.7448330Z remote: Compressing objects:  25% (79/313)
2020-08-20T19:47:12.7448440Z remote: Compressing objects:  26% (82/313)
2020-08-20T19:47:12.7448551Z remote: Compressing objects:  27% (85/313)
2020-08-20T19:47:12.7448646Z remote: Compressing objects:  28% (88/313)
2020-08-20T19:47:12.7448757Z remote: Compressing objects:  29% (91/313)
2020-08-20T19:47:12.7448868Z remote: Compressing objects:  30% (94/313)
2020-08-20T19:47:12.7448978Z remote: Compressing objects:  31% (98/313)
2020-08-20T19:47:12.7449091Z remote: Compressing objects:  32% (101/313)
2020-08-20T19:47:12.7449203Z remote: Compressing objects:  33% (104/313)
2020-08-20T19:47:12.7449538Z remote: Compressing objects:  34% (107/313)
2020-08-20T19:47:12.7449661Z remote: Compressing objects:  35% (110/313)
2020-08-20T19:47:12.7449754Z remote: Compressing objects:  36% (113/313)
2020-08-20T19:47:12.7449867Z remote: Compressing objects:  37% (116/313)
2020-08-20T19:47:12.7449974Z remote: Compressing objects:  38% (119/313)
2020-08-20T19:47:12.7450081Z remote: Compressing objects:  39% (123/313)
2020-08-20T19:47:12.7450187Z remote: Compressing objects:  40% (126/313)
2020-08-20T19:47:12.7450292Z remote: Compressing objects:  41% (129/313)
2020-08-20T19:47:12.7450397Z remote: Compressing objects:  42% (132/313)
2020-08-20T19:47:12.7450504Z remote: Compressing objects:  43% (135/313)
2020-08-20T19:47:12.7450610Z remote: Compressing objects:  44% (138/313)
2020-08-20T19:47:12.7450702Z remote: Compressing objects:  45% (141/313)
2020-08-20T19:47:12.7450807Z remote: Compressing objects:  46% (144/313)
2020-08-20T19:47:12.7450920Z remote: Compressing objects:  47% (148/313)
2020-08-20T19:47:12.7451028Z remote: Compressing objects:  48% (151/313)
2020-08-20T19:47:12.7451138Z remote: Compressing objects:  49% (154/313)
2020-08-20T19:47:12.7451244Z remote: Compressing objects:  50% (157/313)
2020-08-20T19:47:12.7451350Z remote: Compressing objects:  51% (160/313)
2020-08-20T19:47:12.7451456Z remote: Compressing objects:  52% (163/313)
2020-08-20T19:47:12.7451546Z remote: Compressing objects:  53% (166/313)
2020-08-20T19:47:12.7451651Z remote: Compressing objects:  54% (170/313)
2020-08-20T19:47:12.7451758Z remote: Compressing objects:  55% (173/313)
2020-08-20T19:47:12.7451864Z remote: Compressing objects:  56% (176/313)
2020-08-20T19:47:12.7451969Z remote: Compressing objects:  57% (179/313)
2020-08-20T19:47:12.7452073Z remote: Compressing objects:  58% (182/313)
2020-08-20T19:47:12.7452185Z remote: Compressing objects:  59% (185/313)
2020-08-20T19:47:12.7452465Z remote: Compressing objects:  60% (188/313)
2020-08-20T19:47:12.7452562Z remote: Compressing objects:  61% (191/313)
2020-08-20T19:47:12.7452857Z remote: Compressing objects:  62% (195/313)
2020-08-20T19:47:12.7452970Z remote: Compressing objects:  63% (198/313)
2020-08-20T19:47:12.7453085Z remote: Compressing objects:  64% (201/313)
2020-08-20T19:47:12.7453199Z remote: Compressing objects:  65% (204/313)
2020-08-20T19:47:12.7453313Z remote: Compressing objects:  66% (207/313)
2020-08-20T19:47:12.7453428Z remote: Compressing objects:  67% (210/313)
2020-08-20T19:47:12.7453544Z remote: Compressing objects:  68% (213/313)
2020-08-20T19:47:12.7453658Z remote: Compressing objects:  69% (216/313)
2020-08-20T19:47:12.7453757Z remote: Compressing objects:  70% (220/313)
2020-08-20T19:47:12.7453870Z remote: Compressing objects:  71% (223/313)
2020-08-20T19:47:12.7453990Z remote: Compressing objects:  72% (226/313)
2020-08-20T19:47:12.7454106Z remote: Compressing objects:  73% (229/313)
2020-08-20T19:47:12.7454220Z remote: Compressing objects:  74% (232/313)
2020-08-20T19:47:12.7454413Z remote: Compressing objects:  75% (235/313)
2020-08-20T19:47:12.7454527Z remote: Compressing objects:  76% (238/313)
2020-08-20T19:47:12.7454643Z remote: Compressing objects:  77% (242/313)
2020-08-20T19:47:12.7454922Z remote: Compressing objects:  78% (245/313)
2020-08-20T19:47:12.7455033Z remote: Compressing objects:  79% (248/313)
2020-08-20T19:47:12.7455144Z remote: Compressing objects:  80% (251/313)
2020-08-20T19:47:12.7455255Z remote: Compressing objects:  81% (254/313)
2020-08-20T19:47:12.7455366Z remote: Compressing objects:  82% (257/313)
2020-08-20T19:47:12.7455476Z remote: Compressing objects:  83% (260/313)
2020-08-20T19:47:12.7455587Z remote: Compressing objects:  84% (263/313)
2020-08-20T19:47:12.7455755Z remote: Compressing objects:  85% (267/313)
2020-08-20T19:47:12.7455864Z remote: Compressing objects:  86% (270/313)
2020-08-20T19:47:12.7455984Z remote: Compressing objects:  87% (273/313)
2020-08-20T19:47:12.7456254Z remote: Compressing objects:  88% (276/313)
2020-08-20T19:47:12.7456360Z remote: Compressing objects:  89% (279/313)
2020-08-20T19:47:12.7456464Z remote: Compressing objects:  90% (282/313)
2020-08-20T19:47:12.7456570Z remote: Compressing objects:  91% (285/313)
2020-08-20T19:47:12.7456675Z remote: Compressing objects:  92% (288/313)
2020-08-20T19:47:12.7456781Z remote: Compressing objects:  93% (292/313)
2020-08-20T19:47:12.7456888Z remote: Compressing objects:  94% (295/313)
2020-08-20T19:47:12.7456979Z remote: Compressing objects:  95% (298/313)
2020-08-20T19:47:12.7457086Z remote: Compressing objects:  96% (301/313)
2020-08-20T19:47:12.7457198Z remote: Compressing objects:  97% (304/313)
2020-08-20T19:47:12.7457305Z remote: Compressing objects:  98% (307/313)
2020-08-20T19:47:12.7457410Z remote: Compressing objects:  99% (310/313)
2020-08-20T19:47:12.7457525Z remote: Compressing objects: 100% (313/313)
2020-08-20T19:47:12.7457634Z remote: Compressing objects: 100% (313/313), done.
2020-08-20T19:47:12.7597216Z Receiving objects:   0% (1/504)
2020-08-20T19:47:13.2097742Z Receiving objects:   1% (6/504)
2020-08-20T19:47:13.2116154Z Receiving objects:   2% (11/504)
2020-08-20T19:47:13.2151388Z Receiving objects:   3% (16/504)
2020-08-20T19:47:13.2151657Z Receiving objects:   4% (21/504)
2020-08-20T19:47:13.2151960Z Receiving objects:   5% (26/504)
2020-08-20T19:47:13.2152263Z Receiving objects:   6% (31/504)
2020-08-20T19:47:13.2152426Z Receiving objects:   7% (36/504)
2020-08-20T19:47:13.2152529Z Receiving objects:   8% (41/504)
2020-08-20T19:47:13.2152632Z Receiving objects:   9% (46/504)
2020-08-20T19:47:13.2152856Z Receiving objects:  10% (51/504)
2020-08-20T19:47:13.2152962Z Receiving objects:  11% (56/504)
2020-08-20T19:47:13.2153063Z Receiving objects:  12% (61/504)
2020-08-20T19:47:13.2153148Z Receiving objects:  13% (66/504)
2020-08-20T19:47:13.2153329Z Receiving objects:  14% (71/504)
2020-08-20T19:47:13.2153428Z Receiving objects:  15% (76/504)
2020-08-20T19:47:13.2153527Z Receiving objects:  16% (81/504)
2020-08-20T19:47:13.2153625Z Receiving objects:  17% (86/504)
2020-08-20T19:47:13.2153724Z Receiving objects:  18% (91/504)
2020-08-20T19:47:13.2153822Z Receiving objects:  19% (96/504)
2020-08-20T19:47:13.2153908Z Receiving objects:  20% (101/504)
2020-08-20T19:47:13.2154011Z Receiving objects:  21% (106/504)
2020-08-20T19:47:13.2154112Z Receiving objects:  22% (111/504)
2020-08-20T19:47:13.2154213Z Receiving objects:  23% (116/504)
2020-08-20T19:47:13.2154311Z Receiving objects:  24% (121/504)
2020-08-20T19:47:13.2154410Z Receiving objects:  25% (126/504)
2020-08-20T19:47:13.2154510Z Receiving objects:  26% (132/504)
2020-08-20T19:47:13.2154681Z Receiving objects:  27% (137/504)
2020-08-20T19:47:13.2154772Z Receiving objects:  28% (142/504)
2020-08-20T19:47:13.2154873Z Receiving objects:  29% (147/504)
2020-08-20T19:47:13.2155277Z Receiving objects:  30% (152/504)
2020-08-20T19:47:13.2155377Z Receiving objects:  31% (157/504)
2020-08-20T19:47:13.2155476Z Receiving objects:  32% (162/504)
2020-08-20T19:47:13.2155575Z Receiving objects:  33% (167/504)
2020-08-20T19:47:13.2155675Z Receiving objects:  34% (172/504)
2020-08-20T19:47:13.2155757Z Receiving objects:  35% (177/504)
2020-08-20T19:47:13.2156035Z Receiving objects:  36% (182/504)
2020-08-20T19:47:13.2156133Z Receiving objects:  37% (187/504)
2020-08-20T19:47:13.2156228Z Receiving objects:  38% (192/504)
2020-08-20T19:47:13.2156323Z Receiving objects:  39% (197/504)
2020-08-20T19:47:13.2156418Z Receiving objects:  40% (202/504)
2020-08-20T19:47:13.2156513Z Receiving objects:  41% (207/504)
2020-08-20T19:47:13.2156608Z Receiving objects:  42% (212/504)
2020-08-20T19:47:13.2156876Z Receiving objects:  43% (217/504)
2020-08-20T19:47:13.2156998Z Receiving objects:  44% (222/504)
2020-08-20T19:47:13.2157097Z Receiving objects:  45% (227/504)
2020-08-20T19:47:13.2157268Z Receiving objects:  46% (232/504)
2020-08-20T19:47:13.2157365Z Receiving objects:  47% (237/504)
2020-08-20T19:47:13.2157460Z Receiving objects:  48% (242/504)
2020-08-20T19:47:13.2158119Z remote: Total 504 (delta 295), reused 375 (delta 182), pack-reused 0
2020-08-20T19:47:13.2158222Z Receiving objects:  49% (247/504)
2020-08-20T19:47:13.2158322Z Receiving objects:  50% (252/504)
2020-08-20T19:47:13.2158419Z Receiving objects:  51% (258/504)
2020-08-20T19:47:13.2158516Z Receiving objects:  52% (263/504)
2020-08-20T19:47:13.2158613Z Receiving objects:  53% (268/504)
2020-08-20T19:47:13.2158710Z Receiving objects:  54% (273/504)
2020-08-20T19:47:13.2159017Z Receiving objects:  55% (278/504)
2020-08-20T19:47:13.2159135Z Receiving objects:  56% (283/504)
2020-08-20T19:47:13.2159399Z Receiving objects:  57% (288/504)
2020-08-20T19:47:13.2159622Z Receiving objects:  58% (293/504)
2020-08-20T19:47:13.2159727Z Receiving objects:  59% (298/504)
2020-08-20T19:47:13.2159824Z Receiving objects:  60% (303/504)
2020-08-20T19:47:13.2159987Z Receiving objects:  61% (308/504)
2020-08-20T19:47:13.2160084Z Receiving objects:  62% (313/504)
2020-08-20T19:47:13.2160182Z Receiving objects:  63% (318/504)
2020-08-20T19:47:13.2160278Z Receiving objects:  64% (323/504)
2020-08-20T19:47:13.2160359Z Receiving objects:  65% (328/504)
2020-08-20T19:47:13.2160460Z Receiving objects:  66% (333/504)
2020-08-20T19:47:13.2160558Z Receiving objects:  67% (338/504)
2020-08-20T19:47:13.2160656Z Receiving objects:  68% (343/504)
2020-08-20T19:47:13.2160755Z Receiving objects:  69% (348/504)
2020-08-20T19:47:13.2160854Z Receiving objects:  70% (353/504)
2020-08-20T19:47:13.2160951Z Receiving objects:  71% (358/504)
2020-08-20T19:47:13.2161033Z Receiving objects:  72% (363/504)
2020-08-20T19:47:13.2161129Z Receiving objects:  73% (368/504)
2020-08-20T19:47:13.2161294Z Receiving objects:  74% (373/504)
2020-08-20T19:47:13.2161399Z Receiving objects:  75% (378/504)
2020-08-20T19:47:13.2161497Z Receiving objects:  76% (384/504)
2020-08-20T19:47:13.2161659Z Receiving objects:  77% (389/504)
2020-08-20T19:47:13.2161756Z Receiving objects:  78% (394/504)
2020-08-20T19:47:13.2161852Z Receiving objects:  79% (399/504)
2020-08-20T19:47:13.2161933Z Receiving objects:  80% (404/504)
2020-08-20T19:47:13.2162035Z Receiving objects:  81% (409/504)
2020-08-20T19:47:13.2162131Z Receiving objects:  82% (414/504)
2020-08-20T19:47:13.2162226Z Receiving objects:  83% (419/504)
2020-08-20T19:47:13.2162322Z Receiving objects:  84% (424/504)
2020-08-20T19:47:13.2162419Z Receiving objects:  85% (429/504)
2020-08-20T19:47:13.2162516Z Receiving objects:  86% (434/504)
2020-08-20T19:47:13.2162597Z Receiving objects:  87% (439/504)
2020-08-20T19:47:13.2162693Z Receiving objects:  88% (444/504)
2020-08-20T19:47:13.2162790Z Receiving objects:  89% (449/504)
2020-08-20T19:47:13.2162981Z Receiving objects:  90% (454/504)
2020-08-20T19:47:13.2163087Z Receiving objects:  91% (459/504)
2020-08-20T19:47:13.2163184Z Receiving objects:  92% (464/504)
2020-08-20T19:47:13.2163473Z Receiving objects:  93% (469/504)
2020-08-20T19:47:13.2163571Z Receiving objects:  94% (474/504)
2020-08-20T19:47:13.2163652Z Receiving objects:  95% (479/504)
2020-08-20T19:47:13.2163752Z Receiving objects:  96% (484/504)
2020-08-20T19:47:13.2163850Z Receiving objects:  97% (489/504)
2020-08-20T19:47:13.2163946Z Receiving objects:  98% (494/504)
2020-08-20T19:47:13.2164046Z Receiving objects:  99% (499/504)
2020-08-20T19:47:13.2164145Z Receiving objects: 100% (504/504)
2020-08-20T19:47:13.2164251Z Receiving objects: 100% (504/504), 509.30 KiB | 1.46 MiB/s, done.
2020-08-20T19:47:13.2164345Z Resolving deltas:   0% (0/295)
2020-08-20T19:47:13.2164447Z Resolving deltas:  13% (41/295)
2020-08-20T19:47:13.2164549Z Resolving deltas:  31% (92/295)
2020-08-20T19:47:13.2164648Z Resolving deltas:  38% (113/295)
2020-08-20T19:47:13.2164887Z Resolving deltas:  42% (126/295)
2020-08-20T19:47:13.2165011Z Resolving deltas:  47% (139/295)
2020-08-20T19:47:13.2165109Z Resolving deltas:  48% (143/295)
2020-08-20T19:47:13.2165273Z Resolving deltas:  49% (147/295)
2020-08-20T19:47:13.2165355Z Resolving deltas:  51% (153/295)
2020-08-20T19:47:13.2165456Z Resolving deltas:  56% (166/295)
2020-08-20T19:47:13.2165555Z Resolving deltas:  57% (169/295)
2020-08-20T19:47:13.2165654Z Resolving deltas:  58% (172/295)
2020-08-20T19:47:13.2165752Z Resolving deltas:  59% (175/295)
2020-08-20T19:47:13.2165849Z Resolving deltas:  60% (177/295)
2020-08-20T19:47:13.2165947Z Resolving deltas:  63% (188/295)
2020-08-20T19:47:13.2166027Z Resolving deltas:  64% (190/295)
2020-08-20T19:47:13.2166124Z Resolving deltas:  65% (192/295)
2020-08-20T19:47:13.2166221Z Resolving deltas:  66% (195/295)
2020-08-20T19:47:13.2166317Z Resolving deltas:  68% (201/295)
2020-08-20T19:47:13.2166414Z Resolving deltas:  69% (205/295)
2020-08-20T19:47:13.2166511Z Resolving deltas:  70% (208/295)
2020-08-20T19:47:13.2166669Z Resolving deltas:  71% (211/295)
2020-08-20T19:47:13.2166756Z Resolving deltas:  72% (214/295)
2020-08-20T19:47:13.2166853Z Resolving deltas:  73% (216/295)
2020-08-20T19:47:13.2167010Z Resolving deltas:  74% (219/295)
2020-08-20T19:47:13.2167108Z Resolving deltas:  75% (222/295)
2020-08-20T19:47:13.2167204Z Resolving deltas:  76% (225/295)
2020-08-20T19:47:13.2167341Z Resolving deltas:  77% (228/295)
2020-08-20T19:47:13.2167439Z Resolving deltas:  78% (231/295)
2020-08-20T19:47:13.2167535Z Resolving deltas:  79% (234/295)
2020-08-20T19:47:13.2167631Z Resolving deltas:  80% (236/295)
2020-08-20T19:47:13.2167728Z Resolving deltas:  81% (239/295)
2020-08-20T19:47:13.2167824Z Resolving deltas:  82% (242/295)
2020-08-20T19:47:13.2167919Z Resolving deltas:  83% (245/295)
2020-08-20T19:47:13.2168000Z Resolving deltas:  84% (248/295)
2020-08-20T19:47:13.2168095Z Resolving deltas:  85% (251/295)
2020-08-20T19:47:13.2168193Z Resolving deltas:  86% (254/295)
2020-08-20T19:47:13.2168352Z Resolving deltas:  87% (257/295)
2020-08-20T19:47:13.2168456Z Resolving deltas:  90% (268/295)
2020-08-20T19:47:13.2168553Z Resolving deltas:  91% (269/295)
2020-08-20T19:47:13.2168708Z Resolving deltas:  92% (272/295)
2020-08-20T19:47:13.2168790Z Resolving deltas:  93% (276/295)
2020-08-20T19:47:13.2168888Z Resolving deltas:  94% (280/295)
2020-08-20T19:47:13.2168984Z Resolving deltas:  95% (282/295)
2020-08-20T19:47:13.2169081Z Resolving deltas:  98% (290/295)
2020-08-20T19:47:13.2169180Z Resolving deltas:  99% (293/295)
2020-08-20T19:47:13.2169276Z Resolving deltas: 100% (295/295)
2020-08-20T19:47:13.2169375Z Resolving deltas: 100% (295/295), done.
2020-08-20T19:47:13.2169594Z From https://github.com/henry090/fastai
2020-08-20T19:47:13.2169996Z  * [new branch]      fix-actions -> origin/fix-actions
2020-08-20T19:47:13.2170247Z  * [new branch]      master      -> origin/master
2020-08-20T19:47:13.2170908Z ##[command]git checkout --progress --force 01bbb4cb30bbc8b4aa7b4c1b8444e63b2755901f
2020-08-20T19:47:13.2339061Z Note: switching to '01bbb4cb30bbc8b4aa7b4c1b8444e63b2755901f'.
2020-08-20T19:47:13.2339527Z
2020-08-20T19:47:13.2364498Z You are in 'detached HEAD' state. You can look around, make experimental
2020-08-20T19:47:13.2365438Z changes and commit them, and you can discard any commits you make in this
2020-08-20T19:47:13.2387215Z state without impacting any branches by switching back to a branch.
2020-08-20T19:47:13.2387588Z
2020-08-20T19:47:13.2387859Z If you want to create a new branch to retain commits you create, you may
2020-08-20T19:47:13.2388821Z do so (now or later) by using -c with the switch command. Example:
2020-08-20T19:47:13.2389110Z
2020-08-20T19:47:13.2389698Z   git switch -c <new-branch-name>
2020-08-20T19:47:13.2389924Z
2020-08-20T19:47:13.2390132Z Or undo this operation with:
2020-08-20T19:47:13.2390443Z
2020-08-20T19:47:13.2391132Z   git switch -
2020-08-20T19:47:13.2391325Z
2020-08-20T19:47:13.2391713Z Turn off this advice by setting config variable advice.detachedHead to false
2020-08-20T19:47:13.2392104Z
2020-08-20T19:47:13.2392391Z HEAD is now at 01bbb4c initial
2020-08-20T19:47:13.2460290Z ##[group]Run r-lib/actions/setup-r@master
2020-08-20T19:47:13.2460432Z with:
2020-08-20T19:47:13.2460526Z   r-version: release
2020-08-20T19:47:13.2460616Z   Ncpus: 1
2020-08-20T19:47:13.2460704Z   crayon.enabled: TRUE
2020-08-20T19:47:13.2460795Z   remove-openmp-macos: true
2020-08-20T19:47:13.2460900Z   http-user-agent: default
2020-08-20T19:47:13.2460975Z   install-r: true
2020-08-20T19:47:13.2461064Z env:
2020-08-20T19:47:13.2461156Z   R_REMOTES_NO_ERRORS_FROM_WARNINGS: true
2020-08-20T19:47:13.2461424Z   PIP_NO_WARN_SCRIPT_LOCATION: false
2020-08-20T19:47:13.2461517Z   FASTAI2_VERSION:
2020-08-20T19:47:13.2461767Z   RETICULATE_AUTOCONFIGURE: FALSE
2020-08-20T19:47:13.2461929Z   CRAN: https://demo.rstudiopm.com/all/__linux__/xenial/latest
2020-08-20T19:47:13.2462043Z ##[endgroup]
2020-08-20T19:47:14.4700465Z [command]sudo DEBIAN_FRONTEND=noninteractive add-apt-repository -y ppa:cran/travis
2020-08-20T19:47:15.6491684Z gpg: keyring `/tmp/tmp_6e2g08i/secring.gpg' created
2020-08-20T19:47:15.6492832Z gpg: keyring `/tmp/tmp_6e2g08i/pubring.gpg' created
2020-08-20T19:47:15.6505815Z gpg: requesting key 15B55A9F from hkp server keyserver.ubuntu.com
2020-08-20T19:47:15.9675586Z gpg: /tmp/tmp_6e2g08i/trustdb.gpg: trustdb created
2020-08-20T19:47:15.9675760Z gpg: key 15B55A9F: public key "Launchpad PPA for cran" imported
2020-08-20T19:47:15.9676058Z gpg: Total number processed: 1
2020-08-20T19:47:15.9676168Z gpg:               imported: 1  (RSA: 1)
2020-08-20T19:47:16.0299377Z OK
2020-08-20T19:47:16.0539234Z [command]sudo DEBIAN_FRONTEND=noninteractive apt-get update -qq
2020-08-20T19:47:22.1061458Z [command]sudo DEBIAN_FRONTEND=noninteractive apt-get install gdebi-core qpdf devscripts
2020-08-20T19:47:22.1392230Z Reading package lists...
2020-08-20T19:47:22.2607590Z Building dependency tree...
2020-08-20T19:47:22.2619563Z Reading state information...
2020-08-20T19:47:22.3680686Z The following additional packages will be installed:
2020-08-20T19:47:22.3681376Z   dctrl-tools diffstat dput gettext hardening-includes intltool-debian
2020-08-20T19:47:22.3681677Z   libapt-pkg-perl libarchive-zip-perl libasprintf-dev libclass-accessor-perl
2020-08-20T19:47:22.3681966Z   libclone-perl libdata-alias-perl libdigest-hmac-perl libdistro-info-perl
2020-08-20T19:47:22.3682244Z   libemail-valid-perl libexporter-tiny-perl libgettextpo-dev libgettextpo0
2020-08-20T19:47:22.3682514Z   libio-pty-perl libio-socket-inet6-perl libio-string-perl libipc-run-perl
2020-08-20T19:47:22.3682783Z   liblist-moreutils-perl libnet-dns-perl libnet-domain-tld-perl libnet-ip-perl
2020-08-20T19:47:22.3683225Z   libparse-debianchangelog-perl libperlio-gzip-perl libqpdf21 libsocket6-perl
2020-08-20T19:47:22.3683492Z   libsub-name-perl libtext-levenshtein-perl libunistring0 libyaml-libyaml-perl
2020-08-20T19:47:22.3683731Z   lintian patchutils python3-magic t1utils wdiff
2020-08-20T19:47:22.3686789Z Suggested packages:
2020-08-20T19:47:22.3687148Z   debtags bsd-mailx | mailx cvs-buildpackage diffoscope devscripts-el
2020-08-20T19:47:22.3687426Z   dose-extra gnuplot libterm-size-perl libyaml-syck-perl mozilla-devscripts
2020-08-20T19:47:22.3687919Z   mutt svn-buildpackage w3m debian-keyring equivs libsoap-lite-perl
2020-08-20T19:47:22.3688179Z   mini-dinstall python-bzrlib gettext-doc autopoint libxml-simple-perl
2020-08-20T19:47:22.3695597Z   binutils-multiarch libtext-template-perl
2020-08-20T19:47:22.3695768Z The following NEW packages will be installed:
2020-08-20T19:47:22.3696069Z   dctrl-tools devscripts diffstat dput gdebi-core gettext hardening-includes
2020-08-20T19:47:22.3696345Z   intltool-debian libapt-pkg-perl libarchive-zip-perl libasprintf-dev
2020-08-20T19:47:22.3696831Z   libclass-accessor-perl libclone-perl libdata-alias-perl libdigest-hmac-perl
2020-08-20T19:47:22.3697077Z   libdistro-info-perl libemail-valid-perl libexporter-tiny-perl
2020-08-20T19:47:22.3697347Z   libgettextpo-dev libgettextpo0 libio-pty-perl libio-socket-inet6-perl
2020-08-20T19:47:22.3697800Z   libio-string-perl libipc-run-perl liblist-moreutils-perl libnet-dns-perl
2020-08-20T19:47:22.3698122Z   libnet-domain-tld-perl libnet-ip-perl libparse-debianchangelog-perl
2020-08-20T19:47:22.3698394Z   libperlio-gzip-perl libqpdf21 libsocket6-perl libsub-name-perl
2020-08-20T19:47:22.3698656Z   libtext-levenshtein-perl libunistring0 libyaml-libyaml-perl lintian
2020-08-20T19:47:22.3698894Z   patchutils python3-magic qpdf t1utils wdiff
2020-08-20T19:47:22.4094260Z 0 upgraded, 42 newly installed, 0 to remove and 28 not upgraded.
2020-08-20T19:47:22.4094819Z Need to get 4,969 kB of archives.
2020-08-20T19:47:22.4095123Z After this operation, 18.8 MB of additional disk space will be used.
2020-08-20T19:47:22.4096004Z Get:1 http://azure.archive.ubuntu.com/ubuntu xenial/main amd64 libunistring0 amd64 0.9.3-5.2ubuntu1 [279 kB]
2020-08-20T19:47:22.4184548Z Get:2 http://azure.archive.ubuntu.com/ubuntu xenial/main amd64 dctrl-tools amd64 2.24-2 [59.1 kB]
2020-08-20T19:47:22.4197612Z Get:3 http://azure.archive.ubuntu.com/ubuntu xenial/main amd64 devscripts amd64 2.16.2ubuntu3 [848 kB]
2020-08-20T19:47:22.4410929Z Get:4 http://azure.archive.ubuntu.com/ubuntu xenial/main amd64 diffstat amd64 1.61-1 [23.6 kB]
2020-08-20T19:47:22.4419511Z Get:5 http://azure.archive.ubuntu.com/ubuntu xenial/main amd64 dput all 0.9.6.4ubuntu3 [33.1 kB]
2020-08-20T19:47:22.4430016Z Get:6 http://azure.archive.ubuntu.com/ubuntu xenial/main amd64 gdebi-core all 0.9.5.7ubuntu1 [9,716 B]
2020-08-20T19:47:22.4435224Z Get:7 http://azure.archive.ubuntu.com/ubuntu xenial-updates/main amd64 gettext amd64 0.19.7-2ubuntu3.1 [1,082 kB]
2020-08-20T19:47:22.4578872Z Get:8 http://azure.archive.ubuntu.com/ubuntu xenial/main amd64 intltool-debian all 0.35.0+20060710.4 [24.9 kB]
2020-08-20T19:47:22.4586156Z Get:9 http://azure.archive.ubuntu.com/ubuntu xenial/main amd64 libapt-pkg-perl amd64 0.1.29build7 [65.3 kB]
2020-08-20T19:47:22.4603901Z Get:10 http://azure.archive.ubuntu.com/ubuntu xenial-updates/main amd64 libarchive-zip-perl all 1.56-2ubuntu0.1 [84.7 kB]
2020-08-20T19:47:22.4616959Z Get:11 http://azure.archive.ubuntu.com/ubuntu xenial-updates/main amd64 libasprintf-dev amd64 0.19.7-2ubuntu3.1 [4,778 B]
2020-08-20T19:47:22.4623035Z Get:12 http://azure.archive.ubuntu.com/ubuntu xenial/main amd64 libsub-name-perl amd64 0.14-1build1 [10.8 kB]
2020-08-20T19:47:22.4627523Z Get:13 http://azure.archive.ubuntu.com/ubuntu xenial/main amd64 libclass-accessor-perl all 0.34-1 [26.0 kB]
2020-08-20T19:47:22.4632969Z Get:14 http://azure.archive.ubuntu.com/ubuntu xenial/main amd64 libclone-perl amd64 0.38-1build1 [10.3 kB]
2020-08-20T19:47:22.4637232Z Get:15 http://azure.archive.ubuntu.com/ubuntu xenial/main amd64 libdata-alias-perl amd64 1.20-1build1 [33.9 kB]
2020-08-20T19:47:22.4643146Z Get:16 http://azure.archive.ubuntu.com/ubuntu xenial/main amd64 libdigest-hmac-perl all 1.03+dfsg-1 [12.1 kB]
2020-08-20T19:47:22.4648012Z Get:17 http://azure.archive.ubuntu.com/ubuntu xenial-updates/main amd64 libdistro-info-perl all 0.14ubuntu0.1 [4,690 B]
2020-08-20T19:47:22.4652284Z Get:18 http://azure.archive.ubuntu.com/ubuntu xenial/main amd64 libsocket6-perl amd64 0.25-1build2 [22.8 kB]
2020-08-20T19:47:22.4656457Z Get:19 http://azure.archive.ubuntu.com/ubuntu xenial/main amd64 libio-socket-inet6-perl all 2.72-2 [13.8 kB]
2020-08-20T19:47:22.4660698Z Get:20 http://azure.archive.ubuntu.com/ubuntu xenial/main amd64 libnet-ip-perl all 1.26-1 [31.5 kB]
2020-08-20T19:47:22.4665214Z Get:21 http://azure.archive.ubuntu.com/ubuntu xenial/main amd64 libnet-dns-perl amd64 0.81-2build1 [266 kB]
2020-08-20T19:47:22.4697356Z Get:22 http://azure.archive.ubuntu.com/ubuntu xenial/main amd64 libnet-domain-tld-perl all 1.73-1 [21.4 kB]
2020-08-20T19:47:22.4702767Z Get:23 http://azure.archive.ubuntu.com/ubuntu xenial/main amd64 libemail-valid-perl all 1.198-1 [16.5 kB]
2020-08-20T19:47:22.4707870Z Get:24 http://azure.archive.ubuntu.com/ubuntu xenial/main amd64 libexporter-tiny-perl all 0.042-1 [28.8 kB]
2020-08-20T19:47:22.4715237Z Get:25 http://azure.archive.ubuntu.com/ubuntu xenial-updates/main amd64 libgettextpo0 amd64 0.19.7-2ubuntu3.1 [125 kB]
2020-08-20T19:47:22.4734853Z Get:26 http://azure.archive.ubuntu.com/ubuntu xenial-updates/main amd64 libgettextpo-dev amd64 0.19.7-2ubuntu3.1 [141 kB]
2020-08-20T19:47:22.4754299Z Get:27 http://azure.archive.ubuntu.com/ubuntu xenial/main amd64 libio-pty-perl amd64 1:1.08-1.1build1 [30.2 kB]
2020-08-20T19:47:22.4759978Z Get:28 http://azure.archive.ubuntu.com/ubuntu xenial/main amd64 libio-string-perl all 1.08-3 [11.1 kB]
2020-08-20T19:47:22.4766573Z Get:29 http://azure.archive.ubuntu.com/ubuntu xenial/main amd64 libipc-run-perl all 0.94-1 [92.2 kB]
2020-08-20T19:47:22.4782001Z Get:30 http://azure.archive.ubuntu.com/ubuntu xenial/main amd64 liblist-moreutils-perl amd64 0.413-1build1 [67.0 kB]
2020-08-20T19:47:22.4794670Z Get:31 http://azure.archive.ubuntu.com/ubuntu xenial/main amd64 libparse-debianchangelog-perl all 1.2.0-8 [50.4 kB]
2020-08-20T19:47:22.4803650Z Get:32 http://azure.archive.ubuntu.com/ubuntu xenial/main amd64 libperlio-gzip-perl amd64 0.19-1build1 [14.2 kB]
2020-08-20T19:47:22.4809021Z Get:33 http://azure.archive.ubuntu.com/ubuntu xenial-updates/main amd64 libqpdf21 amd64 8.0.2-3~16.04.1 [315 kB]
2020-08-20T19:47:22.4851656Z Get:34 http://azure.archive.ubuntu.com/ubuntu xenial/main amd64 libtext-levenshtein-perl all 0.13-1 [9,612 B]
2020-08-20T19:47:22.4856449Z Get:35 http://azure.archive.ubuntu.com/ubuntu xenial/main amd64 libyaml-libyaml-perl amd64 0.41-6build1 [61.2 kB]
2020-08-20T19:47:22.4863932Z Get:36 http://azure.archive.ubuntu.com/ubuntu xenial/main amd64 hardening-includes all 2.7ubuntu2 [13.6 kB]
2020-08-20T19:47:22.4868427Z Get:37 http://azure.archive.ubuntu.com/ubuntu xenial/main amd64 patchutils amd64 0.3.4-1 [70.1 kB]
2020-08-20T19:47:22.4880024Z Get:38 http://azure.archive.ubuntu.com/ubuntu xenial/main amd64 t1utils amd64 1.39-2 [53.4 kB]
2020-08-20T19:47:22.4887407Z Get:39 http://azure.archive.ubuntu.com/ubuntu xenial-updates/main amd64 lintian all 2.5.43ubuntu0.1 [626 kB]
2020-08-20T19:47:22.4957615Z Get:40 http://azure.archive.ubuntu.com/ubuntu xenial-updates/main amd64 qpdf amd64 8.0.2-3~16.04.1 [242 kB]
2020-08-20T19:47:22.4986854Z Get:41 http://azure.archive.ubuntu.com/ubuntu xenial/main amd64 wdiff amd64 1.2.2-1build1 [28.8 kB]
2020-08-20T19:47:22.4994536Z Get:42 http://azure.archive.ubuntu.com/ubuntu xenial-updates/main amd64 python3-magic all 1:5.25-2ubuntu1.4 [5,440 B]
2020-08-20T19:47:22.6414885Z
2020-08-20T19:47:22.6880277Z Extracting templates from packages: 71%
2020-08-20T19:47:22.6880771Z Extracting templates from packages: 100%
2020-08-20T19:47:22.7387387Z Fetched 4,969 kB in 0s (48.1 MB/s)
2020-08-20T19:47:22.7794393Z Selecting previously unselected package libunistring0:amd64.
2020-08-20T19:47:22.8008868Z (Reading database ...
2020-08-20T19:47:22.8009521Z (Reading database ... 5%
2020-08-20T19:47:22.8009850Z (Reading database ... 10%
2020-08-20T19:47:22.8010008Z (Reading database ... 15%
2020-08-20T19:47:22.8010117Z (Reading database ... 20%
2020-08-20T19:47:22.8010248Z (Reading database ... 25%
2020-08-20T19:47:22.8010351Z (Reading database ... 30%
2020-08-20T19:47:22.8011282Z (Reading database ... 35%
2020-08-20T19:47:22.8011615Z (Reading database ... 40%
2020-08-20T19:47:22.8011982Z (Reading database ... 45%
2020-08-20T19:47:22.8012100Z (Reading database ... 50%
2020-08-20T19:47:22.8270433Z (Reading database ... 55%
2020-08-20T19:47:22.8648489Z (Reading database ... 60%
2020-08-20T19:47:22.9041096Z (Reading database ... 65%
2020-08-20T19:47:22.9564800Z (Reading database ... 70%
2020-08-20T19:47:23.0238419Z (Reading database ... 75%
2020-08-20T19:47:23.1182054Z (Reading database ... 80%
2020-08-20T19:47:23.1787263Z (Reading database ... 85%
2020-08-20T19:47:23.2362814Z (Reading database ... 90%
2020-08-20T19:47:23.3252512Z (Reading database ... 95%
2020-08-20T19:47:23.3253018Z (Reading database ... 100%
2020-08-20T19:47:23.3257568Z (Reading database ... 239521 files and directories currently installed.)
2020-08-20T19:47:23.3384812Z Preparing to unpack .../libunistring0_0.9.3-5.2ubuntu1_amd64.deb ...
2020-08-20T19:47:23.3397258Z Unpacking libunistring0:amd64 (0.9.3-5.2ubuntu1) ...
2020-08-20T19:47:23.3880842Z Selecting previously unselected package dctrl-tools.
2020-08-20T19:47:23.4093263Z Preparing to unpack .../dctrl-tools_2.24-2_amd64.deb ...
2020-08-20T19:47:23.4147386Z Unpacking dctrl-tools (2.24-2) ...
2020-08-20T19:47:23.4539163Z Selecting previously unselected package devscripts.
2020-08-20T19:47:23.4709550Z Preparing to unpack .../devscripts_2.16.2ubuntu3_amd64.deb ...
2020-08-20T19:47:23.4817213Z Unpacking devscripts (2.16.2ubuntu3) ...
2020-08-20T19:47:23.6391609Z Selecting previously unselected package diffstat.
2020-08-20T19:47:23.6606319Z Preparing to unpack .../diffstat_1.61-1_amd64.deb ...
2020-08-20T19:47:23.6616995Z Unpacking diffstat (1.61-1) ...
2020-08-20T19:47:23.7000165Z Selecting previously unselected package dput.
2020-08-20T19:47:23.7132750Z Preparing to unpack .../dput_0.9.6.4ubuntu3_all.deb ...
2020-08-20T19:47:23.7144755Z Unpacking dput (0.9.6.4ubuntu3) ...
2020-08-20T19:47:23.7418197Z Selecting previously unselected package gdebi-core.
2020-08-20T19:47:23.7569318Z Preparing to unpack .../gdebi-core_0.9.5.7ubuntu1_all.deb ...
2020-08-20T19:47:23.7578044Z Unpacking gdebi-core (0.9.5.7ubuntu1) ...
2020-08-20T19:47:23.7880305Z Selecting previously unselected package gettext.
2020-08-20T19:47:23.7935210Z Preparing to unpack .../gettext_0.19.7-2ubuntu3.1_amd64.deb ...
2020-08-20T19:47:23.7945305Z Unpacking gettext (0.19.7-2ubuntu3.1) ...
2020-08-20T19:47:23.9480930Z Selecting previously unselected package intltool-debian.
2020-08-20T19:47:23.9684937Z Preparing to unpack .../intltool-debian_0.35.0+20060710.4_all.deb ...
2020-08-20T19:47:23.9692047Z Unpacking intltool-debian (0.35.0+20060710.4) ...
2020-08-20T19:47:23.9960442Z Selecting previously unselected package libapt-pkg-perl.
2020-08-20T19:47:24.0073827Z Preparing to unpack .../libapt-pkg-perl_0.1.29build7_amd64.deb ...
2020-08-20T19:47:24.0083960Z Unpacking libapt-pkg-perl (0.1.29build7) ...
2020-08-20T19:47:24.0391293Z Selecting previously unselected package libarchive-zip-perl.
2020-08-20T19:47:24.0535869Z Preparing to unpack .../libarchive-zip-perl_1.56-2ubuntu0.1_all.deb ...
2020-08-20T19:47:24.0545279Z Unpacking libarchive-zip-perl (1.56-2ubuntu0.1) ...
2020-08-20T19:47:24.0920634Z Selecting previously unselected package libasprintf-dev:amd64.
2020-08-20T19:47:24.1000734Z Preparing to unpack .../libasprintf-dev_0.19.7-2ubuntu3.1_amd64.deb ...
2020-08-20T19:47:24.1011053Z Unpacking libasprintf-dev:amd64 (0.19.7-2ubuntu3.1) ...
2020-08-20T19:47:24.1280473Z Selecting previously unselected package libsub-name-perl.
2020-08-20T19:47:24.1341111Z Preparing to unpack .../libsub-name-perl_0.14-1build1_amd64.deb ...
2020-08-20T19:47:24.1351707Z Unpacking libsub-name-perl (0.14-1build1) ...
2020-08-20T19:47:24.1640623Z Selecting previously unselected package libclass-accessor-perl.
2020-08-20T19:47:24.1721969Z Preparing to unpack .../libclass-accessor-perl_0.34-1_all.deb ...
2020-08-20T19:47:24.1731787Z Unpacking libclass-accessor-perl (0.34-1) ...
2020-08-20T19:47:24.8703005Z Selecting previously unselected package libclone-perl.
2020-08-20T19:47:24.8703486Z Preparing to unpack .../libclone-perl_0.38-1build1_amd64.deb ...
2020-08-20T19:47:24.8704990Z Unpacking libclone-perl (0.38-1build1) ...
2020-08-20T19:47:24.8705536Z Selecting previously unselected package libdata-alias-perl.
2020-08-20T19:47:24.8706049Z Preparing to unpack .../libdata-alias-perl_1.20-1build1_amd64.deb ...
2020-08-20T19:47:24.8706545Z Unpacking libdata-alias-perl (1.20-1build1) ...
2020-08-20T19:47:24.8707029Z Selecting previously unselected package libdigest-hmac-perl.
2020-08-20T19:47:24.8707521Z Preparing to unpack .../libdigest-hmac-perl_1.03+dfsg-1_all.deb ...
2020-08-20T19:47:24.8708005Z Unpacking libdigest-hmac-perl (1.03+dfsg-1) ...
2020-08-20T19:47:24.8708490Z Selecting previously unselected package libdistro-info-perl.
2020-08-20T19:47:24.8709155Z Preparing to unpack .../libdistro-info-perl_0.14ubuntu0.1_all.deb ...
2020-08-20T19:47:24.8709656Z Unpacking libdistro-info-perl (0.14ubuntu0.1) ...
2020-08-20T19:47:24.8710296Z Selecting previously unselected package libsocket6-perl.
2020-08-20T19:47:24.8710881Z Preparing to unpack .../libsocket6-perl_0.25-1build2_amd64.deb ...
2020-08-20T19:47:24.8711403Z Unpacking libsocket6-perl (0.25-1build2) ...
2020-08-20T19:47:24.8711896Z Selecting previously unselected package libio-socket-inet6-perl.
2020-08-20T19:47:24.8712561Z Preparing to unpack .../libio-socket-inet6-perl_2.72-2_all.deb ...
2020-08-20T19:47:24.8713041Z Unpacking libio-socket-inet6-perl (2.72-2) ...
2020-08-20T19:47:24.8713521Z Selecting previously unselected package libnet-ip-perl.
2020-08-20T19:47:24.8714005Z Preparing to unpack .../libnet-ip-perl_1.26-1_all.deb ...
2020-08-20T19:47:24.8714473Z Unpacking libnet-ip-perl (1.26-1) ...
2020-08-20T19:47:24.8715056Z Selecting previously unselected package libnet-dns-perl.
2020-08-20T19:47:24.8715555Z Preparing to unpack .../libnet-dns-perl_0.81-2build1_amd64.deb ...
2020-08-20T19:47:24.8716035Z Unpacking libnet-dns-perl (0.81-2build1) ...
2020-08-20T19:47:24.8716529Z Selecting previously unselected package libnet-domain-tld-perl.
2020-08-20T19:47:24.8717033Z Preparing to unpack .../libnet-domain-tld-perl_1.73-1_all.deb ...
2020-08-20T19:47:24.8717522Z Unpacking libnet-domain-tld-perl (1.73-1) ...
2020-08-20T19:47:24.8718007Z Selecting previously unselected package libemail-valid-perl.
2020-08-20T19:47:24.8719060Z Preparing to unpack .../libemail-valid-perl_1.198-1_all.deb ...
2020-08-20T19:47:24.8719815Z Unpacking libemail-valid-perl (1.198-1) ...
2020-08-20T19:47:24.8720259Z Selecting previously unselected package libexporter-tiny-perl.
2020-08-20T19:47:24.8720664Z Preparing to unpack .../libexporter-tiny-perl_0.042-1_all.deb ...
2020-08-20T19:47:24.8721042Z Unpacking libexporter-tiny-perl (0.042-1) ...
2020-08-20T19:47:24.8721275Z Selecting previously unselected package libgettextpo0:amd64.
2020-08-20T19:47:24.8721640Z Preparing to unpack .../libgettextpo0_0.19.7-2ubuntu3.1_amd64.deb ...
2020-08-20T19:47:24.8722021Z Unpacking libgettextpo0:amd64 (0.19.7-2ubuntu3.1) ...
2020-08-20T19:47:24.8722412Z Selecting previously unselected package libgettextpo-dev:amd64.
2020-08-20T19:47:24.8722819Z Preparing to unpack .../libgettextpo-dev_0.19.7-2ubuntu3.1_amd64.deb ...
2020-08-20T19:47:24.8723199Z Unpacking libgettextpo-dev:amd64 (0.19.7-2ubuntu3.1) ...
2020-08-20T19:47:24.8723549Z Selecting previously unselected package libio-pty-perl.
2020-08-20T19:47:24.8723936Z Preparing to unpack .../libio-pty-perl_1%3a1.08-1.1build1_amd64.deb ...
2020-08-20T19:47:24.8724304Z Unpacking libio-pty-perl (1:1.08-1.1build1) ...
2020-08-20T19:47:24.8724672Z Selecting previously unselected package libio-string-perl.
2020-08-20T19:47:24.8725045Z Preparing to unpack .../libio-string-perl_1.08-3_all.deb ...
2020-08-20T19:47:24.8725403Z Unpacking libio-string-perl (1.08-3) ...
2020-08-20T19:47:24.8725768Z Selecting previously unselected package libipc-run-perl.
2020-08-20T19:47:24.8726138Z Preparing to unpack .../libipc-run-perl_0.94-1_all.deb ...
2020-08-20T19:47:24.8726492Z Unpacking libipc-run-perl (0.94-1) ...
2020-08-20T19:47:24.8960644Z Selecting previously unselected package liblist-moreutils-perl.
2020-08-20T19:47:24.9098996Z Preparing to unpack .../liblist-moreutils-perl_0.413-1build1_amd64.deb ...
2020-08-20T19:47:24.9112881Z Unpacking liblist-moreutils-perl (0.413-1build1) ...
2020-08-20T19:47:24.9427744Z Selecting previously unselected package libparse-debianchangelog-perl.
2020-08-20T19:47:24.9607770Z Preparing to unpack .../libparse-debianchangelog-perl_1.2.0-8_all.deb ...
2020-08-20T19:47:24.9623519Z Unpacking libparse-debianchangelog-perl (1.2.0-8) ...
2020-08-20T19:47:24.9994581Z Selecting previously unselected package libperlio-gzip-perl.
2020-08-20T19:47:25.0179512Z Preparing to unpack .../libperlio-gzip-perl_0.19-1build1_amd64.deb ...
2020-08-20T19:47:25.0194934Z Unpacking libperlio-gzip-perl (0.19-1build1) ...
2020-08-20T19:47:25.0532149Z Selecting previously unselected package libqpdf21:amd64.
2020-08-20T19:47:25.0720091Z Preparing to unpack .../libqpdf21_8.0.2-3~16.04.1_amd64.deb ...
2020-08-20T19:47:25.0742920Z Unpacking libqpdf21:amd64 (8.0.2-3~16.04.1) ...
2020-08-20T19:47:25.1426214Z Selecting previously unselected package libtext-levenshtein-perl.
2020-08-20T19:47:25.1683554Z Preparing to unpack .../libtext-levenshtein-perl_0.13-1_all.deb ...
2020-08-20T19:47:25.1703314Z Unpacking libtext-levenshtein-perl (0.13-1) ...
2020-08-20T19:47:25.1961810Z Selecting previously unselected package libyaml-libyaml-perl.
2020-08-20T19:47:25.2167439Z Preparing to unpack .../libyaml-libyaml-perl_0.41-6build1_amd64.deb ...
2020-08-20T19:47:25.2177224Z Unpacking libyaml-libyaml-perl (0.41-6build1) ...
2020-08-20T19:47:25.2520374Z Selecting previously unselected package hardening-includes.
2020-08-20T19:47:25.2691471Z Preparing to unpack .../hardening-includes_2.7ubuntu2_all.deb ...
2020-08-20T19:47:25.2704604Z Unpacking hardening-includes (2.7ubuntu2) ...
2020-08-20T19:47:25.2961140Z Selecting previously unselected package patchutils.
2020-08-20T19:47:25.3134123Z Preparing to unpack .../patchutils_0.3.4-1_amd64.deb ...
2020-08-20T19:47:25.3144856Z Unpacking patchutils (0.3.4-1) ...
2020-08-20T19:47:25.3481241Z Selecting previously unselected package t1utils.
2020-08-20T19:47:25.3648589Z Preparing to unpack .../t1utils_1.39-2_amd64.deb ...
2020-08-20T19:47:25.3659739Z Unpacking t1utils (1.39-2) ...
2020-08-20T19:47:25.4040518Z Selecting previously unselected package lintian.
2020-08-20T19:47:25.4169229Z Preparing to unpack .../lintian_2.5.43ubuntu0.1_all.deb ...
2020-08-20T19:47:25.4181717Z Unpacking lintian (2.5.43ubuntu0.1) ...
2020-08-20T19:47:25.5600789Z Selecting previously unselected package qpdf.
2020-08-20T19:47:25.5810317Z Preparing to unpack .../qpdf_8.0.2-3~16.04.1_amd64.deb ...
2020-08-20T19:47:25.5823651Z Unpacking qpdf (8.0.2-3~16.04.1) ...
2020-08-20T19:47:25.6239855Z Selecting previously unselected package wdiff.
2020-08-20T19:47:25.6371268Z Preparing to unpack .../wdiff_1.2.2-1build1_amd64.deb ...
2020-08-20T19:47:25.6381847Z Unpacking wdiff (1.2.2-1build1) ...
2020-08-20T19:47:25.6737984Z Selecting previously unselected package python3-magic.
2020-08-20T19:47:25.6910575Z Preparing to unpack .../python3-magic_1%3a5.25-2ubuntu1.4_all.deb ...
2020-08-20T19:47:25.6925517Z Unpacking python3-magic (1:5.25-2ubuntu1.4) ...
2020-08-20T19:47:25.7058600Z Processing triggers for man-db (2.7.5-1) ...
2020-08-20T19:47:27.7587643Z Processing triggers for install-info (6.1.0.dfsg.1-5) ...
2020-08-20T19:47:27.8710447Z Processing triggers for libc-bin (2.23-0ubuntu11.2) ...
2020-08-20T19:47:27.9370142Z Setting up libunistring0:amd64 (0.9.3-5.2ubuntu1) ...
2020-08-20T19:47:27.9459966Z Setting up dctrl-tools (2.24-2) ...
2020-08-20T19:47:27.9543711Z Setting up devscripts (2.16.2ubuntu3) ...
2020-08-20T19:47:28.1293676Z Setting up diffstat (1.61-1) ...
2020-08-20T19:47:28.1325682Z Setting up dput (0.9.6.4ubuntu3) ...
2020-08-20T19:47:28.1723503Z Setting up gdebi-core (0.9.5.7ubuntu1) ...
2020-08-20T19:47:28.3222719Z Setting up gettext (0.19.7-2ubuntu3.1) ...
2020-08-20T19:47:28.3292099Z Setting up intltool-debian (0.35.0+20060710.4) ...
2020-08-20T19:47:28.3333652Z Setting up libapt-pkg-perl (0.1.29build7) ...
2020-08-20T19:47:28.3369163Z Setting up libarchive-zip-perl (1.56-2ubuntu0.1) ...
2020-08-20T19:47:28.3402029Z Setting up libasprintf-dev:amd64 (0.19.7-2ubuntu3.1) ...
2020-08-20T19:47:28.3434724Z Setting up libsub-name-perl (0.14-1build1) ...
2020-08-20T19:47:28.3466700Z Setting up libclass-accessor-perl (0.34-1) ...
2020-08-20T19:47:28.3497688Z Setting up libclone-perl (0.38-1build1) ...
2020-08-20T19:47:28.3530467Z Setting up libdata-alias-perl (1.20-1build1) ...
2020-08-20T19:47:28.3562690Z Setting up libdigest-hmac-perl (1.03+dfsg-1) ...
2020-08-20T19:47:28.3597187Z Setting up libdistro-info-perl (0.14ubuntu0.1) ...
2020-08-20T19:47:28.3632091Z Setting up libsocket6-perl (0.25-1build2) ...
2020-08-20T19:47:28.3659946Z Setting up libio-socket-inet6-perl (2.72-2) ...
2020-08-20T19:47:28.3692665Z Setting up libnet-ip-perl (1.26-1) ...
2020-08-20T19:47:28.3722665Z Setting up libnet-dns-perl (0.81-2build1) ...
2020-08-20T19:47:28.3755951Z Setting up libnet-domain-tld-perl (1.73-1) ...
2020-08-20T19:47:28.3792781Z Setting up libemail-valid-perl (1.198-1) ...
2020-08-20T19:47:28.3822242Z Setting up libexporter-tiny-perl (0.042-1) ...
2020-08-20T19:47:28.3853883Z Setting up libgettextpo0:amd64 (0.19.7-2ubuntu3.1) ...
2020-08-20T19:47:28.3920799Z Setting up libgettextpo-dev:amd64 (0.19.7-2ubuntu3.1) ...
2020-08-20T19:47:28.3955543Z Setting up libio-pty-perl (1:1.08-1.1build1) ...
2020-08-20T19:47:28.3990243Z Setting up libio-string-perl (1.08-3) ...
2020-08-20T19:47:28.4022263Z Setting up libipc-run-perl (0.94-1) ...
2020-08-20T19:47:28.4055243Z Setting up liblist-moreutils-perl (0.413-1build1) ...
2020-08-20T19:47:28.4114109Z Setting up libparse-debianchangelog-perl (1.2.0-8) ...
2020-08-20T19:47:28.4149224Z Setting up libperlio-gzip-perl (0.19-1build1) ...
2020-08-20T19:47:28.4187954Z Setting up libqpdf21:amd64 (8.0.2-3~16.04.1) ...
2020-08-20T19:47:28.4216596Z Setting up libtext-levenshtein-perl (0.13-1) ...
2020-08-20T19:47:28.4249304Z Setting up libyaml-libyaml-perl (0.41-6build1) ...
2020-08-20T19:47:28.4277871Z Setting up hardening-includes (2.7ubuntu2) ...
2020-08-20T19:47:28.4308488Z Setting up patchutils (0.3.4-1) ...
2020-08-20T19:47:28.4338055Z Setting up t1utils (1.39-2) ...
2020-08-20T19:47:28.4376686Z Setting up lintian (2.5.43ubuntu0.1) ...
2020-08-20T19:47:28.4425069Z Setting up qpdf (8.0.2-3~16.04.1) ...
2020-08-20T19:47:28.4459829Z Setting up wdiff (1.2.2-1build1) ...
2020-08-20T19:47:28.4489309Z Setting up python3-magic (1:5.25-2ubuntu1.4) ...
2020-08-20T19:47:28.6135648Z Processing triggers for libc-bin (2.23-0ubuntu11.2) ...
2020-08-20T19:47:29.6870923Z [command]sudo gdebi --non-interactive /home/runner/work/_temp/r-4.0.2_1_amd64.deb
2020-08-20T19:47:29.7645733Z
2020-08-20T19:47:29.7841723Z Reading package lists... 0%
2020-08-20T19:47:29.7842350Z
2020-08-20T19:47:29.7908447Z Reading package lists... 100%
2020-08-20T19:47:29.7908535Z
2020-08-20T19:47:29.7908581Z
2020-08-20T19:47:29.7908670Z Reading package lists... Done
2020-08-20T19:47:29.7908734Z
2020-08-20T19:47:29.7908823Z Building dependency tree... 0%
2020-08-20T19:47:29.7908897Z
2020-08-20T19:47:29.8165775Z Building dependency tree... 0%
2020-08-20T19:47:29.8165862Z
2020-08-20T19:47:29.8166501Z Building dependency tree... 50%
2020-08-20T19:47:29.8166576Z
2020-08-20T19:47:29.9097619Z Building dependency tree... 50%
2020-08-20T19:47:29.9097749Z
2020-08-20T19:47:29.9097849Z Building dependency tree
2020-08-20T19:47:29.9097898Z
2020-08-20T19:47:29.9097991Z Reading state information... 0%
2020-08-20T19:47:29.9098043Z
2020-08-20T19:47:30.0508005Z Reading state information... 0%
2020-08-20T19:47:30.0508095Z
2020-08-20T19:47:30.0508137Z
2020-08-20T19:47:30.0508230Z Reading state information... Done
2020-08-20T19:47:30.0508294Z
2020-08-20T19:47:30.0508388Z Reading state information... 0%
2020-08-20T19:47:30.0651922Z
2020-08-20T19:47:30.0652056Z Reading state information... 1%
2020-08-20T19:47:30.0771272Z
2020-08-20T19:47:30.0771424Z Reading state information... 3%
2020-08-20T19:47:30.0875491Z
2020-08-20T19:47:30.0875609Z Reading state information... 5%
2020-08-20T19:47:30.0983301Z
2020-08-20T19:47:30.0983417Z Reading state information... 7%
2020-08-20T19:47:30.1083670Z
2020-08-20T19:47:30.1083799Z Reading state information... 9%
2020-08-20T19:47:30.1184547Z
2020-08-20T19:47:30.1184667Z Reading state information... 11%
2020-08-20T19:47:30.1284714Z
2020-08-20T19:47:30.1285005Z Reading state information... 13%
2020-08-20T19:47:30.1378579Z
2020-08-20T19:47:30.1378697Z Reading state information... 15%
2020-08-20T19:47:30.1482154Z
2020-08-20T19:47:30.1482279Z Reading state information... 17%
2020-08-20T19:47:30.1579302Z
2020-08-20T19:47:30.1579426Z Reading state information... 19%
2020-08-20T19:47:30.1698442Z
2020-08-20T19:47:30.1698562Z Reading state information... 21%
2020-08-20T19:47:30.1799012Z
2020-08-20T19:47:30.1799104Z Reading state information... 23%
2020-08-20T19:47:30.1893635Z
2020-08-20T19:47:30.1893913Z Reading state information... 25%
2020-08-20T19:47:30.1989399Z
2020-08-20T19:47:30.1989514Z Reading state information... 27%
2020-08-20T19:47:30.2085572Z
2020-08-20T19:47:30.2085686Z Reading state information... 29%
2020-08-20T19:47:30.2180630Z
2020-08-20T19:47:30.2180723Z Reading state information... 31%
2020-08-20T19:47:30.2276215Z
2020-08-20T19:47:30.2276335Z Reading state information... 33%
2020-08-20T19:47:30.2369289Z
2020-08-20T19:47:30.2369407Z Reading state information... 35%
2020-08-20T19:47:30.2476228Z
2020-08-20T19:47:30.2476344Z Reading state information... 37%
2020-08-20T19:47:30.2570662Z
2020-08-20T19:47:30.2570755Z Reading state information... 39%
2020-08-20T19:47:30.2667061Z
2020-08-20T19:47:30.2667189Z Reading state information... 41%
2020-08-20T19:47:30.2804290Z
2020-08-20T19:47:30.2804408Z Reading state information... 43%
2020-08-20T19:47:30.2896860Z
2020-08-20T19:47:30.2896968Z Reading state information... 45%
2020-08-20T19:47:30.2989825Z
2020-08-20T19:47:30.2990108Z Reading state information... 47%
2020-08-20T19:47:30.3088251Z
2020-08-20T19:47:30.3088363Z Reading state information... 49%
2020-08-20T19:47:30.3182804Z
2020-08-20T19:47:30.3182917Z Reading state information... 51%
2020-08-20T19:47:30.3273766Z
2020-08-20T19:47:30.3273880Z Reading state information... 53%
2020-08-20T19:47:30.3371707Z
2020-08-20T19:47:30.3371999Z Reading state information... 55%
2020-08-20T19:47:30.3469390Z
2020-08-20T19:47:30.3469506Z Reading state information... 57%
2020-08-20T19:47:30.3557980Z
2020-08-20T19:47:30.3558095Z Reading state information... 59%
2020-08-20T19:47:30.3650373Z
2020-08-20T19:47:30.3650495Z Reading state information... 61%
2020-08-20T19:47:30.3741049Z
2020-08-20T19:47:30.3741179Z Reading state information... 63%
2020-08-20T19:47:30.3830395Z
2020-08-20T19:47:30.3830516Z Reading state information... 65%
2020-08-20T19:47:30.3924262Z
2020-08-20T19:47:30.3924378Z Reading state information... 67%
2020-08-20T19:47:30.4026827Z
2020-08-20T19:47:30.4026945Z Reading state information... 69%
2020-08-20T19:47:30.4117564Z
2020-08-20T19:47:30.4117680Z Reading state information... 71%
2020-08-20T19:47:30.4212101Z
2020-08-20T19:47:30.4212217Z Reading state information... 73%
2020-08-20T19:47:30.4345570Z
2020-08-20T19:47:30.4345687Z Reading state information... 75%
2020-08-20T19:47:30.4436052Z
2020-08-20T19:47:30.4436453Z Reading state information... 77%
2020-08-20T19:47:30.4529223Z
2020-08-20T19:47:30.4529342Z Reading state information... 79%
2020-08-20T19:47:30.4621530Z
2020-08-20T19:47:30.4621647Z Reading state information... 81%
2020-08-20T19:47:30.4715452Z
2020-08-20T19:47:30.4715570Z Reading state information... 83%
2020-08-20T19:47:30.4805542Z
2020-08-20T19:47:30.4805665Z Reading state information... 85%
2020-08-20T19:47:30.4921889Z
2020-08-20T19:47:30.4922007Z Reading state information... 87%
2020-08-20T19:47:30.5020155Z
2020-08-20T19:47:30.5020368Z Reading state information... 89%
2020-08-20T19:47:30.5120151Z
2020-08-20T19:47:30.5120348Z Reading state information... 91%
2020-08-20T19:47:30.5214422Z
2020-08-20T19:47:30.5214533Z Reading state information... 93%
2020-08-20T19:47:30.5342807Z
2020-08-20T19:47:30.5342930Z Reading state information... 95%
2020-08-20T19:47:30.5453688Z
2020-08-20T19:47:30.5453805Z Reading state information... 97%
2020-08-20T19:47:30.5568025Z
2020-08-20T19:47:30.5568165Z Reading state information... 99%
2020-08-20T19:47:31.6843147Z  Selecting previously unselected package libopenblas-base.
2020-08-20T19:47:31.6914295Z (Reading database ...
2020-08-20T19:47:31.6914554Z (Reading database ... 5%
2020-08-20T19:47:31.6915132Z (Reading database ... 10%
2020-08-20T19:47:31.6915251Z (Reading database ... 15%
2020-08-20T19:47:31.6915350Z (Reading database ... 20%
2020-08-20T19:47:31.6915452Z (Reading database ... 25%
2020-08-20T19:47:31.6915554Z (Reading database ... 30%
2020-08-20T19:47:31.6915653Z (Reading database ... 35%
2020-08-20T19:47:31.6916349Z (Reading database ... 40%
2020-08-20T19:47:31.6916498Z (Reading database ... 45%
2020-08-20T19:47:31.6916827Z (Reading database ... 50%
2020-08-20T19:47:31.6943834Z (Reading database ... 55%
2020-08-20T19:47:31.6982159Z (Reading database ... 60%
2020-08-20T19:47:31.7008641Z (Reading database ... 65%
2020-08-20T19:47:31.7093483Z (Reading database ... 70%
2020-08-20T19:47:31.7153051Z (Reading database ... 75%
2020-08-20T19:47:31.7287659Z (Reading database ... 80%
2020-08-20T19:47:31.7335328Z (Reading database ... 85%
2020-08-20T19:47:31.7381134Z (Reading database ... 90%
2020-08-20T19:47:31.7650844Z (Reading database ... 95%
2020-08-20T19:47:31.7650964Z (Reading database ... 100%
2020-08-20T19:47:31.7651162Z (Reading database ... 241220 files and directories currently installed.)
2020-08-20T19:47:31.7756590Z Preparing to unpack .../libopenblas-base_0.2.18-1ubuntu1_amd64.deb ...
2020-08-20T19:47:31.7808525Z Unpacking libopenblas-base (0.2.18-1ubuntu1) ...
2020-08-20T19:47:32.7244918Z Selecting previously unselected package libopenblas-dev.
2020-08-20T19:47:32.7451869Z Preparing to unpack .../libopenblas-dev_0.2.18-1ubuntu1_amd64.deb ...
2020-08-20T19:47:32.7479627Z Unpacking libopenblas-dev (0.2.18-1ubuntu1) ...
2020-08-20T19:47:33.7841079Z Selecting previously unselected package libpng16-16:amd64.
2020-08-20T19:47:33.8009052Z Preparing to unpack .../libpng16-16_1.6.20-2_amd64.deb ...
2020-08-20T19:47:33.8021537Z Unpacking libpng16-16:amd64 (1.6.20-2) ...
2020-08-20T19:47:33.8308824Z Processing triggers for libc-bin (2.23-0ubuntu11.2) ...
2020-08-20T19:47:33.8855239Z Setting up libopenblas-base (0.2.18-1ubuntu1) ...
2020-08-20T19:47:33.8967323Z update-alternatives: using /usr/lib/openblas-base/libblas.so.3 to provide /usr/lib/libblas.so.3 (libblas.so.3) in auto mode
2020-08-20T19:47:33.9030936Z update-alternatives: using /usr/lib/openblas-base/liblapack.so.3 to provide /usr/lib/liblapack.so.3 (liblapack.so.3) in auto mode
2020-08-20T19:47:33.9060597Z Setting up libopenblas-dev (0.2.18-1ubuntu1) ...
2020-08-20T19:47:33.9146736Z update-alternatives: using /usr/lib/openblas-base/libblas.so to provide /usr/lib/libblas.so (libblas.so) in auto mode
2020-08-20T19:47:33.9207098Z update-alternatives: using /usr/lib/openblas-base/liblapack.so to provide /usr/lib/liblapack.so (liblapack.so) in auto mode
2020-08-20T19:47:33.9233804Z Setting up libpng16-16:amd64 (1.6.20-2) ...
2020-08-20T19:47:33.9274486Z Processing triggers for libc-bin (2.23-0ubuntu11.2) ...
2020-08-20T19:47:35.0901318Z Selecting previously unselected package r-4.0.2.
2020-08-20T19:47:35.1796146Z (Reading database ... 241259 files and directories currently installed.)
2020-08-20T19:47:35.1907126Z Preparing to unpack .../work/_temp/r-4.0.2_1_amd64.deb ...
2020-08-20T19:47:35.1922366Z Unpacking r-4.0.2 (1) ...
2020-08-20T19:47:36.6115191Z Setting up r-4.0.2 (1) ...
2020-08-20T19:47:36.6518952Z
2020-08-20T19:47:36.6519440Z
2020-08-20T19:47:36.6519684Z Reading state information... Done
2020-08-20T19:47:36.6519846Z
2020-08-20T19:47:36.6520495Z Get:1 http://azure.archive.ubuntu.com/ubuntu xenial/universe amd64 libopenblas-base amd64 0.2.18-1ubuntu1 [5097 kB]
2020-08-20T19:47:36.6520749Z
2020-08-20T19:47:36.6521249Z Get:2 http://azure.archive.ubuntu.com/ubuntu xenial/universe amd64 libopenblas-dev amd64 0.2.18-1ubuntu1 [3300 kB]
2020-08-20T19:47:36.6521681Z
2020-08-20T19:47:36.6522168Z Get:3 http://azure.archive.ubuntu.com/ubuntu xenial/universe amd64 libpng16-16 amd64 1.6.20-2 [172 kB]
2020-08-20T19:47:36.6522371Z
2020-08-20T19:47:36.6522563Z Fetched 8569 kB in 0s (0 B/s)
2020-08-20T19:47:36.6802089Z [command]sudo ln -s /opt/R/4.0.2/bin/R /usr/local/bin/R
2020-08-20T19:47:36.6888922Z [command]sudo ln -s /opt/R/4.0.2/bin/Rscript /usr/local/bin/Rscript
2020-08-20T19:47:36.7098076Z ##[group]Run r-lib/actions/setup-pandoc@master
2020-08-20T19:47:36.7098210Z with:
2020-08-20T19:47:36.7098311Z   pandoc-version: 2.7.3
2020-08-20T19:47:36.7098407Z env:
2020-08-20T19:47:36.7098505Z   R_REMOTES_NO_ERRORS_FROM_WARNINGS: true
2020-08-20T19:47:36.7098590Z   PIP_NO_WARN_SCRIPT_LOCATION: false
2020-08-20T19:47:36.7098859Z   FASTAI2_VERSION:
2020-08-20T19:47:36.7099108Z   RETICULATE_AUTOCONFIGURE: FALSE
2020-08-20T19:47:36.7099254Z   CRAN: https://demo.rstudiopm.com/all/__linux__/xenial/latest
2020-08-20T19:47:36.7099374Z   R_LIBS_USER: /home/runner/work/_temp/Library
2020-08-20T19:47:36.7099462Z   TZ: UTC
2020-08-20T19:47:36.7099546Z   NOT_CRAN: true
2020-08-20T19:47:36.7099630Z ##[endgroup]
2020-08-20T19:47:37.4621756Z [command]sudo apt-get install -y gdebi-core
2020-08-20T19:47:37.7696123Z Reading package lists...
2020-08-20T19:47:37.8883071Z Building dependency tree...
2020-08-20T19:47:37.8892275Z Reading state information...
2020-08-20T19:47:37.9877976Z gdebi-core is already the newest version (0.9.5.7ubuntu1).
2020-08-20T19:47:37.9878257Z 0 upgraded, 0 newly installed, 0 to remove and 28 not upgraded.
2020-08-20T19:47:37.9913806Z [command]sudo gdebi --non-interactive /home/runner/work/_temp/pandoc-2.7.3-1-amd64.deb
2020-08-20T19:47:38.0744304Z
2020-08-20T19:47:38.0943613Z Reading package lists... 0%
2020-08-20T19:47:38.0943988Z
2020-08-20T19:47:38.0998908Z Reading package lists... 100%
2020-08-20T19:47:38.0999061Z
2020-08-20T19:47:38.0999114Z
2020-08-20T19:47:38.0999410Z Reading package lists... Done
2020-08-20T19:47:38.0999489Z
2020-08-20T19:47:38.0999629Z Building dependency tree... 0%
2020-08-20T19:47:38.0999689Z
2020-08-20T19:47:38.1240430Z Building dependency tree... 0%
2020-08-20T19:47:38.1240841Z
2020-08-20T19:47:38.1241068Z Building dependency tree... 50%
2020-08-20T19:47:38.1241153Z
2020-08-20T19:47:38.2151493Z Building dependency tree... 50%
2020-08-20T19:47:38.2151610Z
2020-08-20T19:47:38.2151757Z Building dependency tree
2020-08-20T19:47:38.2151833Z
2020-08-20T19:47:38.2151976Z Reading state information... 0%
2020-08-20T19:47:38.2152049Z
2020-08-20T19:47:38.3436337Z Reading state information... 0%
2020-08-20T19:47:38.3436466Z
2020-08-20T19:47:38.3436536Z
2020-08-20T19:47:38.3436664Z Reading state information... Done
2020-08-20T19:47:38.3436742Z
2020-08-20T19:47:38.3436883Z Reading state information... 0%
2020-08-20T19:47:38.3539480Z
2020-08-20T19:47:38.3539670Z Reading state information... 1%
2020-08-20T19:47:38.3629102Z
2020-08-20T19:47:38.3629281Z Reading state information... 3%
2020-08-20T19:47:38.3722999Z
2020-08-20T19:47:38.3723363Z Reading state information... 5%
2020-08-20T19:47:38.3821328Z
2020-08-20T19:47:38.3821534Z Reading state information... 7%
2020-08-20T19:47:38.3907308Z
2020-08-20T19:47:38.3907498Z Reading state information... 9%
2020-08-20T19:47:38.3994586Z
2020-08-20T19:47:38.3994774Z Reading state information... 11%
2020-08-20T19:47:38.4098498Z
2020-08-20T19:47:38.4098698Z Reading state information... 13%
2020-08-20T19:47:38.4189323Z
2020-08-20T19:47:38.4189684Z Reading state information... 15%
2020-08-20T19:47:38.4280534Z
2020-08-20T19:47:38.4280888Z Reading state information... 17%
2020-08-20T19:47:38.4369056Z
2020-08-20T19:47:38.4369410Z Reading state information... 19%
2020-08-20T19:47:38.4456036Z
2020-08-20T19:47:38.4456398Z Reading state information... 21%
2020-08-20T19:47:38.4545806Z
2020-08-20T19:47:38.4546151Z Reading state information... 23%
2020-08-20T19:47:38.4639475Z
2020-08-20T19:47:38.4639986Z Reading state information... 25%
2020-08-20T19:47:38.4729395Z
2020-08-20T19:47:38.4729842Z Reading state information... 27%
2020-08-20T19:47:38.4821159Z
2020-08-20T19:47:38.4821518Z Reading state information... 29%
2020-08-20T19:47:38.4913403Z
2020-08-20T19:47:38.4913758Z Reading state information... 31%
2020-08-20T19:47:38.4997020Z
2020-08-20T19:47:38.4997378Z Reading state information... 33%
2020-08-20T19:47:38.5090322Z
2020-08-20T19:47:38.5090922Z Reading state information... 35%
2020-08-20T19:47:38.5194326Z
2020-08-20T19:47:38.5194683Z Reading state information... 37%
2020-08-20T19:47:38.5288618Z
2020-08-20T19:47:38.5288993Z Reading state information... 39%
2020-08-20T19:47:38.5395351Z
2020-08-20T19:47:38.5395718Z Reading state information... 41%
2020-08-20T19:47:38.5529387Z
2020-08-20T19:47:38.5529757Z Reading state information... 43%
2020-08-20T19:47:38.5674253Z
2020-08-20T19:47:38.5674979Z Reading state information... 45%
2020-08-20T19:47:38.5802149Z
2020-08-20T19:47:38.5802474Z Reading state information... 47%
2020-08-20T19:47:38.5906311Z
2020-08-20T19:47:38.5906694Z Reading state information... 49%
2020-08-20T19:47:38.6010315Z
2020-08-20T19:47:38.6010962Z Reading state information... 51%
2020-08-20T19:47:38.6107853Z
2020-08-20T19:47:38.6108227Z Reading state information... 53%
2020-08-20T19:47:38.6208875Z
2020-08-20T19:47:38.6209410Z Reading state information... 55%
2020-08-20T19:47:38.6314340Z
2020-08-20T19:47:38.6314698Z Reading state information... 57%
2020-08-20T19:47:38.6403869Z
2020-08-20T19:47:38.6404242Z Reading state information... 59%
2020-08-20T19:47:38.6505325Z
2020-08-20T19:47:38.6505669Z Reading state information... 61%
2020-08-20T19:47:38.6597566Z
2020-08-20T19:47:38.6597911Z Reading state information... 63%
2020-08-20T19:47:38.6686798Z
2020-08-20T19:47:38.6687173Z Reading state information... 65%
2020-08-20T19:47:38.6784255Z
2020-08-20T19:47:38.6784613Z Reading state information... 67%
2020-08-20T19:47:38.6886330Z
2020-08-20T19:47:38.6886698Z Reading state information... 69%
2020-08-20T19:47:38.7002213Z
2020-08-20T19:47:38.7002450Z Reading state information... 71%
2020-08-20T19:47:38.7113217Z
2020-08-20T19:47:38.7113574Z Reading state information... 73%
2020-08-20T19:47:38.7260019Z
2020-08-20T19:47:38.7260385Z Reading state information... 75%
2020-08-20T19:47:38.7356012Z
2020-08-20T19:47:38.7356370Z Reading state information... 77%
2020-08-20T19:47:38.7447368Z
2020-08-20T19:47:38.7447901Z Reading state information... 79%
2020-08-20T19:47:38.7538301Z
2020-08-20T19:47:38.7538658Z Reading state information... 81%
2020-08-20T19:47:38.7631184Z
2020-08-20T19:47:38.7631532Z Reading state information... 83%
2020-08-20T19:47:38.7725571Z
2020-08-20T19:47:38.7725939Z Reading state information... 85%
2020-08-20T19:47:38.7819586Z
2020-08-20T19:47:38.7820182Z Reading state information... 87%
2020-08-20T19:47:38.7914956Z
2020-08-20T19:47:38.7915312Z Reading state information... 89%
2020-08-20T19:47:38.8005692Z
2020-08-20T19:47:38.8006048Z Reading state information... 91%
2020-08-20T19:47:38.8106094Z
2020-08-20T19:47:38.8106448Z Reading state information... 93%
2020-08-20T19:47:38.8200417Z
2020-08-20T19:47:38.8200985Z Reading state information... 95%
2020-08-20T19:47:38.8291445Z
2020-08-20T19:47:38.8291907Z Reading state information... 97%
2020-08-20T19:47:38.8403516Z
2020-08-20T19:47:38.8403859Z Reading state information... 99%
2020-08-20T19:47:39.3995981Z  Selecting previously unselected package pandoc.
2020-08-20T19:47:39.4769625Z (Reading database ... 243269 files and directories currently installed.)
2020-08-20T19:47:39.4870300Z Preparing to unpack .../_temp/pandoc-2.7.3-1-amd64.deb ...
2020-08-20T19:47:39.4892876Z Unpacking pandoc (2.7.3-1) ...
2020-08-20T19:47:42.6136379Z Setting up pandoc (2.7.3-1) ...
2020-08-20T19:47:42.6173868Z Processing triggers for man-db (2.7.5-1) ...
2020-08-20T19:47:43.0600346Z
2020-08-20T19:47:43.0600959Z
2020-08-20T19:47:43.0601578Z Reading state information... Done
2020-08-20T19:47:43.0882507Z ##[group]Run Rscript -e "install.packages('remotes')"
2020-08-20T19:47:43.0882725Z [36;1mRscript -e "install.packages('remotes')"[0m
2020-08-20T19:47:43.0882831Z [36;1mRscript -e "remotes::install_deps(dependencies =  TRUE)"[0m
2020-08-20T19:47:43.0882936Z [36;1mRscript -e "remotes::install_cran('rcmdcheck')"[0m
2020-08-20T19:47:43.0924741Z shell: /bin/bash -e {0}
2020-08-20T19:47:43.0924844Z env:
2020-08-20T19:47:43.0924943Z   R_REMOTES_NO_ERRORS_FROM_WARNINGS: true
2020-08-20T19:47:43.0925021Z   PIP_NO_WARN_SCRIPT_LOCATION: false
2020-08-20T19:47:43.0925113Z   FASTAI2_VERSION:
2020-08-20T19:47:43.0925203Z   RETICULATE_AUTOCONFIGURE: FALSE
2020-08-20T19:47:43.0925350Z   CRAN: https://demo.rstudiopm.com/all/__linux__/xenial/latest
2020-08-20T19:47:43.0925470Z   R_LIBS_USER: /home/runner/work/_temp/Library
2020-08-20T19:47:43.0925562Z   TZ: UTC
2020-08-20T19:47:43.0925650Z   NOT_CRAN: true
2020-08-20T19:47:43.0925721Z ##[endgroup]
2020-08-20T19:47:43.2979824Z Installing package into /home/runner/work/_temp/Library
2020-08-20T19:47:43.2980521Z (as lib is unspecified)
2020-08-20T19:47:44.0064116Z trying URL 'https://demo.rstudiopm.com/all/__linux__/xenial/latest/src/contrib/remotes_2.2.0.tar.gz'
2020-08-20T19:47:44.4349856Z Content type 'binary/octet-stream' length 385980 bytes (376 KB)
2020-08-20T19:47:44.4398766Z ==================================================
2020-08-20T19:47:44.4398946Z downloaded 376 KB
2020-08-20T19:47:44.4399024Z
2020-08-20T19:47:44.6679130Z * installing *binary* package remotes ...
2020-08-20T19:47:44.6725326Z * DONE (remotes)
2020-08-20T19:47:44.6808232Z
2020-08-20T19:47:44.6808531Z The downloaded source packages are in
2020-08-20T19:47:46.9847239Z 	/tmp/RtmpJaOt9d/downloaded_packages
2020-08-20T19:47:46.9847729Z xfun        (NA -> 0.16  ) [CRAN]
2020-08-20T19:47:46.9849463Z rlang       (NA -> 0.4.7 ) [CRAN]
2020-08-20T19:47:46.9849775Z base64enc   (NA -> 0.1-3 ) [CRAN]
2020-08-20T19:47:46.9850133Z digest      (NA -> 0.6.25) [CRAN]
2020-08-20T19:47:46.9850435Z stringi     (NA -> 1.4.6 ) [CRAN]
2020-08-20T19:47:46.9850722Z magrittr    (NA -> 1.5   ) [CRAN]
2020-08-20T19:47:46.9850999Z glue        (NA -> 1.4.1 ) [CRAN]
2020-08-20T19:47:46.9851278Z mime        (NA -> 0.9   ) [CRAN]
2020-08-20T19:47:46.9851536Z yaml        (NA -> 2.2.1 ) [CRAN]
2020-08-20T19:47:46.9851812Z stringr     (NA -> 1.4.0 ) [CRAN]
2020-08-20T19:47:46.9852092Z markdown    (NA -> 1.1   ) [CRAN]
2020-08-20T19:47:46.9852522Z highr       (NA -> 0.8   ) [CRAN]
2020-08-20T19:47:46.9852792Z evaluate    (NA -> 0.14  ) [CRAN]
2020-08-20T19:47:46.9853054Z ps          (NA -> 1.3.4 ) [CRAN]
2020-08-20T19:47:46.9853317Z processx    (NA -> 3.4.3 ) [CRAN]
2020-08-20T19:47:46.9853583Z backports   (NA -> 1.1.8 ) [CRAN]
2020-08-20T19:47:46.9853829Z prettyunits (NA -> 1.1.1 ) [CRAN]
2020-08-20T19:47:46.9854090Z callr       (NA -> 3.4.3 ) [CRAN]
2020-08-20T19:47:46.9854357Z R6          (NA -> 2.4.1 ) [CRAN]
2020-08-20T19:47:46.9854621Z fansi       (NA -> 0.4.1 ) [CRAN]
2020-08-20T19:47:46.9854901Z assertthat  (NA -> 0.2.1 ) [CRAN]
2020-08-20T19:47:46.9855166Z withr       (NA -> 2.2.0 ) [CRAN]
2020-08-20T19:47:46.9855429Z rstudioapi  (NA -> 0.11  ) [CRAN]
2020-08-20T19:47:46.9855692Z rprojroot   (NA -> 1.3-2 ) [CRAN]
2020-08-20T19:47:46.9855937Z pkgbuild    (NA -> 1.1.0 ) [CRAN]
2020-08-20T19:47:46.9856200Z desc        (NA -> 1.2.0 ) [CRAN]
2020-08-20T19:47:46.9856465Z crayon      (NA -> 1.3.4 ) [CRAN]
2020-08-20T19:47:46.9856731Z cli         (NA -> 2.0.2 ) [CRAN]
2020-08-20T19:47:46.9856997Z tinytex     (NA -> 0.25  ) [CRAN]
2020-08-20T19:47:46.9857259Z jsonlite    (NA -> 1.7.0 ) [CRAN]
2020-08-20T19:47:46.9857520Z htmltools   (NA -> 0.5.0 ) [CRAN]
2020-08-20T19:47:46.9857781Z knitr       (NA -> 1.29  ) [CRAN]
2020-08-20T19:47:46.9858026Z praise      (NA -> 1.0.0 ) [CRAN]
2020-08-20T19:47:46.9858467Z pkgload     (NA -> 1.1.0 ) [CRAN]
2020-08-20T19:47:46.9858742Z ellipsis    (NA -> 0.3.1 ) [CRAN]
2020-08-20T19:47:46.9859019Z Rcpp        (NA -> 1.0.5 ) [CRAN]
2020-08-20T19:47:46.9859721Z rappdirs    (NA -> 0.3.1 ) [CRAN]
2020-08-20T19:47:46.9860041Z rmarkdown   (NA -> 2.3   ) [CRAN]
2020-08-20T19:47:46.9860321Z testthat    (NA -> 2.3.2 ) [CRAN]
2020-08-20T19:47:46.9860599Z data.table  (NA -> 1.13.0) [CRAN]
2020-08-20T19:47:46.9860856Z generics    (NA -> 0.0.2 ) [CRAN]
2020-08-20T19:47:46.9861131Z reticulate  (NA -> 1.16  ) [CRAN]
2020-08-20T19:47:46.9872674Z Installing 42 packages: xfun, rlang, base64enc, digest, stringi, magrittr, glue, mime, yaml, stringr, markdown, highr, evaluate, ps, processx, backports, prettyunits, callr, R6, fansi, assertthat, withr, rstudioapi, rprojroot, pkgbuild, desc, crayon, cli, tinytex, jsonlite, htmltools, knitr, praise, pkgload, ellipsis, Rcpp, rappdirs, rmarkdown, testthat, data.table, generics, reticulate
2020-08-20T19:47:46.9888136Z Installing packages into /home/runner/work/_temp/Library
2020-08-20T19:47:46.9888640Z (as lib is unspecified)
2020-08-20T19:47:47.4991838Z trying URL 'https://demo.rstudiopm.com/all/__linux__/xenial/latest/src/contrib/xfun_0.16.tar.gz'
2020-08-20T19:47:48.0460256Z Content type 'binary/octet-stream' length 216824 bytes (211 KB)
2020-08-20T19:47:48.0529470Z ==================================================
2020-08-20T19:47:48.0529664Z downloaded 211 KB
2020-08-20T19:47:48.0529743Z
2020-08-20T19:47:48.0560430Z trying URL 'https://demo.rstudiopm.com/all/__linux__/xenial/latest/src/contrib/rlang_0.4.7.tar.gz'
2020-08-20T19:47:48.4981729Z Content type 'binary/octet-stream' length 1213243 bytes (1.2 MB)
2020-08-20T19:47:48.5231606Z ==================================================
2020-08-20T19:47:48.5231978Z downloaded 1.2 MB
2020-08-20T19:47:48.5232056Z
2020-08-20T19:47:48.5259869Z trying URL 'https://demo.rstudiopm.com/all/__linux__/xenial/latest/src/contrib/base64enc_0.1-3.tar.gz'
2020-08-20T19:47:49.0859752Z Content type 'binary/octet-stream' length 35414 bytes (34 KB)
2020-08-20T19:47:49.1595946Z ==================================================
2020-08-20T19:47:49.1596440Z downloaded 34 KB
2020-08-20T19:47:49.1596750Z
2020-08-20T19:47:49.1630567Z trying URL 'https://demo.rstudiopm.com/all/__linux__/xenial/latest/src/contrib/digest_0.6.25.tar.gz'
2020-08-20T19:47:49.5867140Z Content type 'binary/octet-stream' length 258799 bytes (252 KB)
2020-08-20T19:47:49.6042427Z ==================================================
2020-08-20T19:47:49.6043070Z downloaded 252 KB
2020-08-20T19:47:49.6043183Z
2020-08-20T19:47:49.6073851Z trying URL 'https://demo.rstudiopm.com/all/__linux__/xenial/latest/src/contrib/stringi_1.4.6.tar.gz'
2020-08-20T19:47:50.1543380Z Content type 'binary/octet-stream' length 2338067 bytes (2.2 MB)
2020-08-20T19:47:50.1846140Z ==================================================
2020-08-20T19:47:50.1846601Z downloaded 2.2 MB
2020-08-20T19:47:50.1846852Z
2020-08-20T19:47:50.1876813Z trying URL 'https://demo.rstudiopm.com/all/__linux__/xenial/latest/src/contrib/magrittr_1.5.tar.gz'
2020-08-20T19:47:50.9319905Z Content type 'binary/octet-stream' length 153554 bytes (149 KB)
2020-08-20T19:47:50.9391020Z ==================================================
2020-08-20T19:47:50.9391861Z downloaded 149 KB
2020-08-20T19:47:50.9392138Z
2020-08-20T19:47:50.9469429Z trying URL 'https://demo.rstudiopm.com/all/__linux__/xenial/latest/src/contrib/glue_1.4.1.tar.gz'
2020-08-20T19:47:51.4903561Z Content type 'binary/octet-stream' length 140515 bytes (137 KB)
2020-08-20T19:47:51.5048775Z ==================================================
2020-08-20T19:47:51.5049426Z downloaded 137 KB
2020-08-20T19:47:51.5049692Z
2020-08-20T19:47:51.5081457Z trying URL 'https://demo.rstudiopm.com/all/__linux__/xenial/latest/src/contrib/mime_0.9.tar.gz'
2020-08-20T19:47:51.9702082Z Content type 'binary/octet-stream' length 35980 bytes (35 KB)
2020-08-20T19:47:51.9705448Z ==================================================
2020-08-20T19:47:51.9705777Z downloaded 35 KB
2020-08-20T19:47:51.9705951Z
2020-08-20T19:47:51.9738761Z trying URL 'https://demo.rstudiopm.com/all/__linux__/xenial/latest/src/contrib/yaml_2.2.1.tar.gz'
2020-08-20T19:47:52.5374791Z Content type 'binary/octet-stream' length 248529 bytes (242 KB)
2020-08-20T19:47:52.5422820Z ==================================================
2020-08-20T19:47:52.5423452Z downloaded 242 KB
2020-08-20T19:47:52.5423790Z
2020-08-20T19:47:52.5459066Z trying URL 'https://demo.rstudiopm.com/all/__linux__/xenial/latest/src/contrib/stringr_1.4.0.tar.gz'
2020-08-20T19:47:53.0942231Z Content type 'binary/octet-stream' length 203705 bytes (198 KB)
2020-08-20T19:47:53.1005006Z ==================================================
2020-08-20T19:47:53.1005518Z downloaded 198 KB
2020-08-20T19:47:53.1005892Z
2020-08-20T19:47:53.1035583Z trying URL 'https://demo.rstudiopm.com/all/__linux__/xenial/latest/src/contrib/markdown_1.1.tar.gz'
2020-08-20T19:47:53.5100839Z Content type 'binary/octet-stream' length 213303 bytes (208 KB)
2020-08-20T19:47:53.5129801Z ==================================================
2020-08-20T19:47:53.5130564Z downloaded 208 KB
2020-08-20T19:47:53.5131438Z
2020-08-20T19:47:53.5168907Z trying URL 'https://demo.rstudiopm.com/all/__linux__/xenial/latest/src/contrib/highr_0.8.tar.gz'
2020-08-20T19:47:54.0710379Z Content type 'binary/octet-stream' length 40977 bytes (40 KB)
2020-08-20T19:47:54.0738246Z ==================================================
2020-08-20T19:47:54.0738901Z downloaded 40 KB
2020-08-20T19:47:54.0739324Z
2020-08-20T19:47:54.0776857Z trying URL 'https://demo.rstudiopm.com/all/__linux__/xenial/latest/src/contrib/evaluate_0.14.tar.gz'
2020-08-20T19:47:54.6229978Z Content type 'binary/octet-stream' length 73990 bytes (72 KB)
2020-08-20T19:47:54.6241811Z ==================================================
2020-08-20T19:47:54.6242258Z downloaded 72 KB
2020-08-20T19:47:54.6242481Z
2020-08-20T19:47:54.6272185Z trying URL 'https://demo.rstudiopm.com/all/__linux__/xenial/latest/src/contrib/ps_1.3.4.tar.gz'
2020-08-20T19:47:55.1723728Z Content type 'binary/octet-stream' length 277360 bytes (270 KB)
2020-08-20T19:47:55.1924994Z ==================================================
2020-08-20T19:47:55.1926320Z downloaded 270 KB
2020-08-20T19:47:55.1927249Z
2020-08-20T19:47:55.1956168Z trying URL 'https://demo.rstudiopm.com/all/__linux__/xenial/latest/src/contrib/processx_3.4.3.tar.gz'
2020-08-20T19:47:55.7667511Z Content type 'binary/octet-stream' length 366467 bytes (357 KB)
2020-08-20T19:47:55.7755096Z ==================================================
2020-08-20T19:47:55.7755651Z downloaded 357 KB
2020-08-20T19:47:55.7755733Z
2020-08-20T19:47:55.7790543Z trying URL 'https://demo.rstudiopm.com/all/__linux__/xenial/latest/src/contrib/backports_1.1.8.tar.gz'
2020-08-20T19:47:56.1988599Z Content type 'binary/octet-stream' length 72543 bytes (70 KB)
2020-08-20T19:47:56.2090198Z ==================================================
2020-08-20T19:47:56.2090850Z downloaded 70 KB
2020-08-20T19:47:56.2091125Z
2020-08-20T19:47:56.2130170Z trying URL 'https://demo.rstudiopm.com/all/__linux__/xenial/latest/src/contrib/prettyunits_1.1.1.tar.gz'
2020-08-20T19:47:56.7879432Z Content type 'binary/octet-stream' length 34385 bytes (33 KB)
2020-08-20T19:47:56.7881739Z ==================================================
2020-08-20T19:47:56.7881942Z downloaded 33 KB
2020-08-20T19:47:56.7881999Z
2020-08-20T19:47:56.7912072Z trying URL 'https://demo.rstudiopm.com/all/__linux__/xenial/latest/src/contrib/callr_3.4.3.tar.gz'
2020-08-20T19:47:57.3599423Z Content type 'binary/octet-stream' length 387315 bytes (378 KB)
2020-08-20T19:47:57.4632101Z ==================================================
2020-08-20T19:47:57.4632595Z downloaded 378 KB
2020-08-20T19:47:57.4632999Z
2020-08-20T19:47:57.4662148Z trying URL 'https://demo.rstudiopm.com/all/__linux__/xenial/latest/src/contrib/R6_2.4.1.tar.gz'
2020-08-20T19:47:57.9971444Z Content type 'binary/octet-stream' length 57065 bytes (55 KB)
2020-08-20T19:47:57.9985880Z ==================================================
2020-08-20T19:47:57.9987093Z downloaded 55 KB
2020-08-20T19:47:57.9987935Z
2020-08-20T19:47:58.0010095Z trying URL 'https://demo.rstudiopm.com/all/__linux__/xenial/latest/src/contrib/fansi_0.4.1.tar.gz'
2020-08-20T19:47:58.5533283Z Content type 'binary/octet-stream' length 231570 bytes (226 KB)
2020-08-20T19:47:58.5739769Z ==================================================
2020-08-20T19:47:58.5739979Z downloaded 226 KB
2020-08-20T19:47:58.5740035Z
2020-08-20T19:47:58.5766252Z trying URL 'https://demo.rstudiopm.com/all/__linux__/xenial/latest/src/contrib/assertthat_0.2.1.tar.gz'
2020-08-20T19:47:59.1874188Z Content type 'binary/octet-stream' length 52078 bytes (50 KB)
2020-08-20T19:47:59.1882926Z ==================================================
2020-08-20T19:47:59.1883449Z downloaded 50 KB
2020-08-20T19:47:59.1883766Z
2020-08-20T19:47:59.1919671Z trying URL 'https://demo.rstudiopm.com/all/__linux__/xenial/latest/src/contrib/withr_2.2.0.tar.gz'
2020-08-20T19:47:59.6229011Z Content type 'binary/octet-stream' length 203204 bytes (198 KB)
2020-08-20T19:47:59.6360912Z ==================================================
2020-08-20T19:47:59.6364226Z downloaded 198 KB
2020-08-20T19:47:59.6364573Z
2020-08-20T19:47:59.6396073Z trying URL 'https://demo.rstudiopm.com/all/__linux__/xenial/latest/src/contrib/rstudioapi_0.11.tar.gz'
2020-08-20T19:48:00.2349321Z Content type 'binary/octet-stream' length 256726 bytes (250 KB)
2020-08-20T19:48:00.2493865Z ==================================================
2020-08-20T19:48:00.2494339Z downloaded 250 KB
2020-08-20T19:48:00.2494571Z
2020-08-20T19:48:00.2523708Z trying URL 'https://demo.rstudiopm.com/all/__linux__/xenial/latest/src/contrib/rprojroot_1.3-2.tar.gz'
2020-08-20T19:48:00.7981606Z Content type 'binary/octet-stream' length 80084 bytes (78 KB)
2020-08-20T19:48:00.8309092Z ==================================================
2020-08-20T19:48:00.8309606Z downloaded 78 KB
2020-08-20T19:48:00.8309847Z
2020-08-20T19:48:00.8344181Z trying URL 'https://demo.rstudiopm.com/all/__linux__/xenial/latest/src/contrib/pkgbuild_1.1.0.tar.gz'
2020-08-20T19:48:01.4367017Z Content type 'binary/octet-stream' length 138632 bytes (135 KB)
2020-08-20T19:48:01.4599612Z ==================================================
2020-08-20T19:48:01.4600153Z downloaded 135 KB
2020-08-20T19:48:01.4600404Z
2020-08-20T19:48:01.4628765Z trying URL 'https://demo.rstudiopm.com/all/__linux__/xenial/latest/src/contrib/desc_1.2.0.tar.gz'
2020-08-20T19:48:02.0541443Z Content type 'binary/octet-stream' length 275880 bytes (269 KB)
2020-08-20T19:48:02.0751246Z ==================================================
2020-08-20T19:48:02.0751477Z downloaded 269 KB
2020-08-20T19:48:02.0751545Z
2020-08-20T19:48:02.0786016Z trying URL 'https://demo.rstudiopm.com/all/__linux__/xenial/latest/src/contrib/crayon_1.3.4.tar.gz'
2020-08-20T19:48:02.6299157Z Content type 'binary/octet-stream' length 744833 bytes (727 KB)
2020-08-20T19:48:02.6363622Z ==================================================
2020-08-20T19:48:02.6363835Z downloaded 727 KB
2020-08-20T19:48:02.6363896Z
2020-08-20T19:48:02.6394738Z trying URL 'https://demo.rstudiopm.com/all/__linux__/xenial/latest/src/contrib/cli_2.0.2.tar.gz'
2020-08-20T19:48:03.3826031Z Content type 'binary/octet-stream' length 388262 bytes (379 KB)
2020-08-20T19:48:03.3883446Z ==================================================
2020-08-20T19:48:03.3883700Z downloaded 379 KB
2020-08-20T19:48:03.3883934Z
2020-08-20T19:48:03.3919206Z trying URL 'https://demo.rstudiopm.com/all/__linux__/xenial/latest/src/contrib/tinytex_0.25.tar.gz'
2020-08-20T19:48:03.9122251Z Content type 'binary/octet-stream' length 108143 bytes (105 KB)
2020-08-20T19:48:03.9136647Z ==================================================
2020-08-20T19:48:03.9137062Z downloaded 105 KB
2020-08-20T19:48:03.9137172Z
2020-08-20T19:48:03.9172246Z trying URL 'https://demo.rstudiopm.com/all/__linux__/xenial/latest/src/contrib/jsonlite_1.7.0.tar.gz'
2020-08-20T19:48:04.3643862Z Content type 'binary/octet-stream' length 1157849 bytes (1.1 MB)
2020-08-20T19:48:04.4297337Z ==================================================
2020-08-20T19:48:04.4297564Z downloaded 1.1 MB
2020-08-20T19:48:04.4297884Z
2020-08-20T19:48:04.4331229Z trying URL 'https://demo.rstudiopm.com/all/__linux__/xenial/latest/src/contrib/htmltools_0.5.0.tar.gz'
2020-08-20T19:48:04.8881757Z Content type 'binary/octet-stream' length 221603 bytes (216 KB)
2020-08-20T19:48:04.8963472Z ==================================================
2020-08-20T19:48:04.8963668Z downloaded 216 KB
2020-08-20T19:48:04.8963804Z
2020-08-20T19:48:04.8998291Z trying URL 'https://demo.rstudiopm.com/all/__linux__/xenial/latest/src/contrib/knitr_1.29.tar.gz'
2020-08-20T19:48:05.4081074Z Content type 'binary/octet-stream' length 1384069 bytes (1.3 MB)
2020-08-20T19:48:05.4171930Z ==================================================
2020-08-20T19:48:05.4172096Z downloaded 1.3 MB
2020-08-20T19:48:05.4172209Z
2020-08-20T19:48:05.4213470Z trying URL 'https://demo.rstudiopm.com/all/__linux__/xenial/latest/src/contrib/praise_1.0.0.tar.gz'
2020-08-20T19:48:05.8353692Z Content type 'binary/octet-stream' length 15950 bytes (15 KB)
2020-08-20T19:48:05.8361975Z ==================================================
2020-08-20T19:48:05.8362172Z downloaded 15 KB
2020-08-20T19:48:05.8362361Z
2020-08-20T19:48:05.8397134Z trying URL 'https://demo.rstudiopm.com/all/__linux__/xenial/latest/src/contrib/pkgload_1.1.0.tar.gz'
2020-08-20T19:48:06.4178224Z Content type 'binary/octet-stream' length 149966 bytes (146 KB)
2020-08-20T19:48:06.4281728Z ==================================================
2020-08-20T19:48:06.4281960Z downloaded 146 KB
2020-08-20T19:48:06.4282189Z
2020-08-20T19:48:06.4313083Z trying URL 'https://demo.rstudiopm.com/all/__linux__/xenial/latest/src/contrib/ellipsis_0.3.1.tar.gz'
2020-08-20T19:48:07.0282522Z Content type 'binary/octet-stream' length 35529 bytes (34 KB)
2020-08-20T19:48:07.0302959Z ==================================================
2020-08-20T19:48:07.0303124Z downloaded 34 KB
2020-08-20T19:48:07.0303187Z
2020-08-20T19:48:07.0337296Z trying URL 'https://demo.rstudiopm.com/all/__linux__/xenial/latest/src/contrib/Rcpp_1.0.5.tar.gz'
2020-08-20T19:48:07.5547668Z Content type 'binary/octet-stream' length 3211734 bytes (3.1 MB)
2020-08-20T19:48:07.6424509Z ==================================================
2020-08-20T19:48:07.6424868Z downloaded 3.1 MB
2020-08-20T19:48:07.6425091Z
2020-08-20T19:48:07.6466305Z trying URL 'https://demo.rstudiopm.com/all/__linux__/xenial/latest/src/contrib/rappdirs_0.3.1.tar.gz'
2020-08-20T19:48:08.3200235Z Content type 'binary/octet-stream' length 145662 bytes (142 KB)
2020-08-20T19:48:08.3303134Z ==================================================
2020-08-20T19:48:08.3303307Z downloaded 142 KB
2020-08-20T19:48:08.3303371Z
2020-08-20T19:48:08.3341648Z trying URL 'https://demo.rstudiopm.com/all/__linux__/xenial/latest/src/contrib/rmarkdown_2.3.tar.gz'
2020-08-20T19:48:08.9567824Z Content type 'binary/octet-stream' length 3584937 bytes (3.4 MB)
2020-08-20T19:48:08.9879524Z ==================================================
2020-08-20T19:48:08.9879705Z downloaded 3.4 MB
2020-08-20T19:48:08.9879771Z
2020-08-20T19:48:08.9921569Z trying URL 'https://demo.rstudiopm.com/all/__linux__/xenial/latest/src/contrib/testthat_2.3.2.tar.gz'
2020-08-20T19:48:09.3077025Z Content type 'binary/octet-stream' length 2138609 bytes (2.0 MB)
2020-08-20T19:48:09.3308997Z ==================================================
2020-08-20T19:48:09.3309444Z downloaded 2.0 MB
2020-08-20T19:48:09.3309677Z
2020-08-20T19:48:09.3341072Z trying URL 'https://demo.rstudiopm.com/all/__linux__/xenial/latest/src/contrib/data.table_1.13.0.tar.gz'
2020-08-20T19:48:10.2012945Z Content type 'binary/octet-stream' length 2458198 bytes (2.3 MB)
2020-08-20T19:48:10.3054095Z ==================================================
2020-08-20T19:48:10.3054579Z downloaded 2.3 MB
2020-08-20T19:48:10.3054663Z
2020-08-20T19:48:10.3090438Z trying URL 'https://demo.rstudiopm.com/all/__linux__/xenial/latest/src/contrib/generics_0.0.2.tar.gz'
2020-08-20T19:48:10.6207844Z Content type 'binary/octet-stream' length 61141 bytes (59 KB)
2020-08-20T19:48:10.6698360Z ==================================================
2020-08-20T19:48:10.6699199Z downloaded 59 KB
2020-08-20T19:48:10.6699471Z
2020-08-20T19:48:10.6725306Z trying URL 'https://demo.rstudiopm.com/all/__linux__/xenial/latest/src/contrib/reticulate_1.16.tar.gz'
2020-08-20T19:48:11.3219472Z Content type 'binary/octet-stream' length 1959510 bytes (1.9 MB)
2020-08-20T19:48:11.3440456Z ==================================================
2020-08-20T19:48:11.3441383Z downloaded 1.9 MB
2020-08-20T19:48:11.3442115Z
2020-08-20T19:48:11.5644905Z * installing *binary* package xfun ...
2020-08-20T19:48:11.5688418Z * DONE (xfun)
2020-08-20T19:48:11.8691814Z * installing *binary* package rlang ...
2020-08-20T19:48:11.8747360Z * DONE (rlang)
2020-08-20T19:48:12.0874942Z * installing *binary* package base64enc ...
2020-08-20T19:48:12.0912961Z * DONE (base64enc)
2020-08-20T19:48:12.3701664Z * installing *binary* package digest ...
2020-08-20T19:48:12.3761073Z * DONE (digest)
2020-08-20T19:48:12.7898484Z * installing *binary* package stringi ...
2020-08-20T19:48:12.7981826Z * DONE (stringi)
2020-08-20T19:48:13.0146559Z * installing *binary* package magrittr ...
2020-08-20T19:48:13.0187883Z * DONE (magrittr)
2020-08-20T19:48:13.2394279Z * installing *binary* package glue ...
2020-08-20T19:48:13.2442590Z * DONE (glue)
2020-08-20T19:48:13.4612241Z * installing *binary* package mime ...
2020-08-20T19:48:13.4652253Z * DONE (mime)
2020-08-20T19:48:13.7033386Z * installing *binary* package yaml ...
2020-08-20T19:48:13.7088084Z * DONE (yaml)
2020-08-20T19:48:13.9140562Z * installing *binary* package highr ...
2020-08-20T19:48:13.9188214Z * DONE (highr)
2020-08-20T19:48:14.1292082Z * installing *binary* package evaluate ...
2020-08-20T19:48:14.1336964Z * DONE (evaluate)
2020-08-20T19:48:14.3567112Z * installing *binary* package ps ...
2020-08-20T19:48:14.3612495Z * DONE (ps)
2020-08-20T19:48:14.5628951Z * installing *binary* package backports ...
2020-08-20T19:48:14.5668951Z * DONE (backports)
2020-08-20T19:48:14.7685198Z * installing *binary* package prettyunits ...
2020-08-20T19:48:14.7724744Z * DONE (prettyunits)
2020-08-20T19:48:14.9777834Z * installing *binary* package R6 ...
2020-08-20T19:48:14.9824961Z * DONE (R6)
2020-08-20T19:48:15.2208431Z * installing *binary* package fansi ...
2020-08-20T19:48:15.2265761Z * DONE (fansi)
2020-08-20T19:48:15.4246759Z * installing *binary* package assertthat ...
2020-08-20T19:48:15.4285418Z * DONE (assertthat)
2020-08-20T19:48:15.6523912Z * installing *binary* package withr ...
2020-08-20T19:48:15.6576203Z * DONE (withr)
2020-08-20T19:48:15.8921605Z * installing *binary* package rstudioapi ...
2020-08-20T19:48:15.8974321Z * DONE (rstudioapi)
2020-08-20T19:48:16.1403857Z * installing *binary* package crayon ...
2020-08-20T19:48:16.1459680Z * DONE (crayon)
2020-08-20T19:48:16.4735533Z * installing *binary* package jsonlite ...
2020-08-20T19:48:16.4801902Z * DONE (jsonlite)
2020-08-20T19:48:16.6865549Z * installing *binary* package praise ...
2020-08-20T19:48:16.6904320Z * DONE (praise)
2020-08-20T19:48:17.6564070Z * installing *binary* package Rcpp ...
2020-08-20T19:48:17.6934846Z * DONE (Rcpp)
2020-08-20T19:48:17.9332771Z * installing *binary* package rappdirs ...
2020-08-20T19:48:17.9381911Z * DONE (rappdirs)
2020-08-20T19:48:18.3474662Z * installing *binary* package data.table ...
2020-08-20T19:48:18.3594988Z * DONE (data.table)
2020-08-20T19:48:18.5629655Z * installing *binary* package generics ...
2020-08-20T19:48:18.5668817Z * DONE (generics)
2020-08-20T19:48:18.7957602Z * installing *binary* package stringr ...
2020-08-20T19:48:18.8005601Z * DONE (stringr)
2020-08-20T19:48:19.0319559Z * installing *binary* package markdown ...
2020-08-20T19:48:19.0376976Z * DONE (markdown)
2020-08-20T19:48:19.2632699Z * installing *binary* package processx ...
2020-08-20T19:48:19.2679143Z * DONE (processx)
2020-08-20T19:48:19.4828061Z * installing *binary* package rprojroot ...
2020-08-20T19:48:19.4870998Z * DONE (rprojroot)
2020-08-20T19:48:19.7140693Z * installing *binary* package cli ...
2020-08-20T19:48:19.7188536Z * DONE (cli)
2020-08-20T19:48:19.9279464Z * installing *binary* package tinytex ...
2020-08-20T19:48:19.9317627Z * DONE (tinytex)
2020-08-20T19:48:20.1508481Z * installing *binary* package htmltools ...
2020-08-20T19:48:20.1553413Z * DONE (htmltools)
2020-08-20T19:48:20.3762123Z * installing *binary* package ellipsis ...
2020-08-20T19:48:20.3815578Z * DONE (ellipsis)
2020-08-20T19:48:20.7836993Z * installing *binary* package reticulate ...
2020-08-20T19:48:20.7925725Z * DONE (reticulate)
2020-08-20T19:48:21.0271286Z * installing *binary* package callr ...
2020-08-20T19:48:21.0319769Z * DONE (callr)
2020-08-20T19:48:21.2525725Z * installing *binary* package desc ...
2020-08-20T19:48:21.2575808Z * DONE (desc)
2020-08-20T19:48:21.6463707Z * installing *binary* package knitr ...
2020-08-20T19:48:21.6571698Z * DONE (knitr)
2020-08-20T19:48:21.8668252Z * installing *binary* package pkgbuild ...
2020-08-20T19:48:21.8709315Z * DONE (pkgbuild)
2020-08-20T19:48:22.5004341Z * installing *binary* package rmarkdown ...
2020-08-20T19:48:22.5190781Z * DONE (rmarkdown)
2020-08-20T19:48:22.7533397Z * installing *binary* package pkgload ...
2020-08-20T19:48:22.7671266Z * DONE (pkgload)
2020-08-20T19:48:23.2055320Z * installing *binary* package testthat ...
2020-08-20T19:48:23.2150356Z * DONE (testthat)
2020-08-20T19:48:23.2236566Z
2020-08-20T19:48:23.2236874Z The downloaded source packages are in
2020-08-20T19:48:23.2237410Z 	/tmp/RtmpCxc283/downloaded_packages
2020-08-20T19:48:24.1085976Z Installing 1 packages: rcmdcheck
2020-08-20T19:48:24.1100121Z Installing package into /home/runner/work/_temp/Library
2020-08-20T19:48:24.1100769Z (as lib is unspecified)
2020-08-20T19:48:24.6134704Z also installing the dependencies sessioninfo, xopen
2020-08-20T19:48:24.6135228Z
2020-08-20T19:48:24.6145576Z trying URL 'https://demo.rstudiopm.com/all/__linux__/xenial/latest/src/contrib/sessioninfo_1.1.1.tar.gz'
2020-08-20T19:48:25.4546514Z Content type 'binary/octet-stream' length 43950 bytes (42 KB)
2020-08-20T19:48:25.4650884Z ==================================================
2020-08-20T19:48:25.4651398Z downloaded 42 KB
2020-08-20T19:48:25.4651756Z
2020-08-20T19:48:25.4679653Z trying URL 'https://demo.rstudiopm.com/all/__linux__/xenial/latest/src/contrib/xopen_1.0.0.tar.gz'
2020-08-20T19:48:26.0074000Z Content type 'binary/octet-stream' length 22199 bytes (21 KB)
2020-08-20T19:48:26.0084472Z ==================================================
2020-08-20T19:48:26.0085331Z downloaded 21 KB
2020-08-20T19:48:26.0085604Z
2020-08-20T19:48:26.0110055Z trying URL 'https://demo.rstudiopm.com/all/__linux__/xenial/latest/src/contrib/rcmdcheck_1.3.3.tar.gz'
2020-08-20T19:48:26.5731203Z Content type 'binary/octet-stream' length 131593 bytes (128 KB)
2020-08-20T19:48:26.5916087Z ==================================================
2020-08-20T19:48:26.5916505Z downloaded 128 KB
2020-08-20T19:48:26.5916752Z
2020-08-20T19:48:26.8009125Z * installing *binary* package sessioninfo ...
2020-08-20T19:48:26.8052809Z * DONE (sessioninfo)
2020-08-20T19:48:27.0218372Z * installing *binary* package xopen ...
2020-08-20T19:48:27.0258541Z * DONE (xopen)
2020-08-20T19:48:27.8873132Z * installing *binary* package rcmdcheck ...
2020-08-20T19:48:27.8877450Z * DONE (rcmdcheck)
2020-08-20T19:48:27.8879777Z
2020-08-20T19:48:27.8880250Z The downloaded source packages are in
2020-08-20T19:48:27.8880805Z 	/tmp/RtmpDd7S0D/downloaded_packages
2020-08-20T19:48:27.8912701Z ##[group]Run Rscript -e "remotes::install_github('rstudio/reticulate')"
2020-08-20T19:48:27.8912928Z [36;1mRscript -e "remotes::install_github('rstudio/reticulate')"[0m
2020-08-20T19:48:27.8913034Z [36;1mRscript -e "try(reticulate::install_miniconda())"[0m
2020-08-20T19:48:27.8913144Z [36;1mRscript -e "reticulate::conda_create('r-reticulate', packages = 'python==3.6.10')"[0m
2020-08-20T19:48:27.8960703Z shell: /bin/bash -e {0}
2020-08-20T19:48:27.8960992Z env:
2020-08-20T19:48:27.8961102Z   R_REMOTES_NO_ERRORS_FROM_WARNINGS: true
2020-08-20T19:48:27.8961339Z   PIP_NO_WARN_SCRIPT_LOCATION: false
2020-08-20T19:48:27.8961443Z   FASTAI2_VERSION:
2020-08-20T19:48:27.8961796Z   RETICULATE_AUTOCONFIGURE: FALSE
2020-08-20T19:48:27.8961959Z   CRAN: https://demo.rstudiopm.com/all/__linux__/xenial/latest
2020-08-20T19:48:27.8962102Z   R_LIBS_USER: /home/runner/work/_temp/Library
2020-08-20T19:48:27.8962210Z   TZ: UTC
2020-08-20T19:48:27.8962312Z   NOT_CRAN: true
2020-08-20T19:48:27.8962475Z ##[endgroup]
2020-08-20T19:48:28.0947475Z Using bundled GitHub PAT. Please add your own PAT to the env var `GITHUB_PAT`
2020-08-20T19:48:28.8273365Z Downloading GitHub repo rstudio/reticulate@HEAD
2020-08-20T19:48:32.5896654Z
2020-08-20T19:48:32.7919176Z
2020-08-20T19:48:32.7920480Z    checking for file /tmp/RtmpkAZ47K/remotes28f26335bfc4/rstudio-reticulate-afc475e/DESCRIPTION ...
2020-08-20T19:48:32.7972583Z
2020-08-20T19:48:32.7974432Z [32m[39m  [90mchecking for file /tmp/RtmpkAZ47K/remotes28f26335bfc4/rstudio-reticulate-afc475e/DESCRIPTION[39m[36m[39m
2020-08-20T19:48:32.8160221Z
2020-08-20T19:48:32.8160614Z
2020-08-20T19:48:32.8161319Z [90m[39m[90m  [39m[90mpreparing reticulate:[39m[36m[39m
2020-08-20T19:48:32.8168605Z
2020-08-20T19:48:32.8170101Z
2020-08-20T19:48:32.8356275Z    checking DESCRIPTION meta-information ...
2020-08-20T19:48:32.8376985Z
2020-08-20T19:48:32.8378535Z [32m[39m  [90mchecking DESCRIPTION meta-information[39m[36m[39m
2020-08-20T19:48:32.8389299Z
2020-08-20T19:48:32.8406754Z
2020-08-20T19:48:32.8408090Z [90m[39m[90m  [39m[90mcleaning src[39m[36m[39m
2020-08-20T19:48:32.9370853Z
2020-08-20T19:48:32.9406233Z
2020-08-20T19:48:32.9408053Z [90m[39m[90m  [39m[90mchecking for LF line-endings in source and make files and shell scripts[39m[36m[39m
2020-08-20T19:48:32.9461722Z
2020-08-20T19:48:32.9479063Z
2020-08-20T19:48:32.9481001Z [90m[39m[90m  [39m[90mchecking for empty or unneeded directories[39m[36m[39m
2020-08-20T19:48:32.9520431Z
2020-08-20T19:48:32.9538592Z
2020-08-20T19:48:32.9541497Z [90m[39m[90m  [39m[90mbuilding reticulate_1.16-9000.tar.gz[39m[36m[39m
2020-08-20T19:48:33.1311276Z
2020-08-20T19:48:33.1315320Z
2020-08-20T19:48:33.1316940Z
2020-08-20T19:48:33.1941163Z Installing package into /home/runner/work/_temp/Library
2020-08-20T19:48:33.1942137Z (as lib is unspecified)
2020-08-20T19:48:33.5127822Z * installing *source* package reticulate ...
2020-08-20T19:48:33.5182890Z ** using staged installation
2020-08-20T19:48:33.5426591Z ** libs
2020-08-20T19:48:33.5482075Z
2020-08-20T19:48:33.5483307Z g++ -std=gnu++11 -I"/opt/R/4.0.2/lib/R/include" -DNDEBUG  -I'/home/runner/work/_temp/Library/Rcpp/include' -I/usr/local/include   -fpic  -g -O2  -c RcppExports.cpp -o RcppExports.o
2020-08-20T19:48:38.5043252Z g++ -std=gnu++11 -I"/opt/R/4.0.2/lib/R/include" -DNDEBUG  -I'/home/runner/work/_temp/Library/Rcpp/include' -I/usr/local/include   -fpic  -g -O2  -c event_loop.cpp -o event_loop.o
2020-08-20T19:48:38.7730135Z g++ -std=gnu++11 -I"/opt/R/4.0.2/lib/R/include" -DNDEBUG  -I'/home/runner/work/_temp/Library/Rcpp/include' -I/usr/local/include   -fpic  -g -O2  -c libpython.cpp -o libpython.o
2020-08-20T19:48:39.8551800Z g++ -std=gnu++11 -I"/opt/R/4.0.2/lib/R/include" -DNDEBUG  -I'/home/runner/work/_temp/Library/Rcpp/include' -I/usr/local/include   -fpic  -g -O2  -c output.cpp -o output.o
2020-08-20T19:48:42.2616743Z g++ -std=gnu++11 -I"/opt/R/4.0.2/lib/R/include" -DNDEBUG  -I'/home/runner/work/_temp/Library/Rcpp/include' -I/usr/local/include   -fpic  -g -O2  -c python.cpp -o python.o
2020-08-20T19:48:48.9209557Z g++ -std=gnu++11 -I"/opt/R/4.0.2/lib/R/include" -DNDEBUG  -I'/home/runner/work/_temp/Library/Rcpp/include' -I/usr/local/include   -fpic  -g -O2  -c readline.cpp -o readline.o
2020-08-20T19:48:51.4296588Z g++ -std=gnu++11 -shared -L/opt/R/4.0.2/lib/R/lib -L/usr/local/lib -o reticulate.so RcppExports.o event_loop.o libpython.o output.o python.o readline.o -L/opt/R/4.0.2/lib/R/lib -lR
2020-08-20T19:48:51.5341761Z installing to /home/runner/work/_temp/Library/00LOCK-reticulate/00new/reticulate/libs
2020-08-20T19:48:51.5394378Z ** R
2020-08-20T19:48:51.5731049Z ** inst
2020-08-20T19:48:51.5744167Z ** byte-compile and prepare package for lazy loading
2020-08-20T19:48:54.8630421Z ** help
2020-08-20T19:48:54.9805512Z *** installing help indices
2020-08-20T19:48:55.0564292Z ** building package indices
2020-08-20T19:48:55.3302221Z ** installing vignettes
2020-08-20T19:48:55.3416423Z ** testing if installed package can be loaded from temporary location
2020-08-20T19:48:56.4149145Z ** checking absolute paths in shared objects and dynamic libraries
2020-08-20T19:48:56.4441572Z ** testing if installed package can be loaded from final location
2020-08-20T19:48:57.5121198Z ** testing if installed package keeps a record of temporary installation path
2020-08-20T19:48:57.5124717Z * DONE (reticulate)
2020-08-20T19:48:58.6457461Z * Downloading 'https://repo.anaconda.com/miniconda/Miniconda3-latest-Linux-x86_64.sh' ...
2020-08-20T19:48:58.6568988Z trying URL 'https://repo.anaconda.com/miniconda/Miniconda3-latest-Linux-x86_64.sh'
2020-08-20T19:48:58.7803765Z Content type 'application/x-sh' length 93052469 bytes (88.7 MB)
2020-08-20T19:48:59.5079068Z ==================================================
2020-08-20T19:48:59.5079759Z downloaded 88.7 MB
2020-08-20T19:48:59.5080017Z
2020-08-20T19:48:59.5092993Z * Installing Miniconda -- please wait a moment ...
2020-08-20T19:48:59.5217022Z PREFIX=/home/runner/.local/share/r-miniconda
2020-08-20T19:48:59.7401061Z Unpacking payload ...
2020-08-20T19:49:06.3306211Z
2020-08-20T19:49:06.5097281Z   0%|          | 0/35 [00:00<?, ?it/s]
2020-08-20T19:49:06.5098540Z Extracting : pyopenssl-19.1.0-py38_0.conda:   0%|          | 0/35 [00:00<?, ?it/s]
2020-08-20T19:49:06.5933379Z Extracting : pyopenssl-19.1.0-py38_0.conda:   3%|         | 1/35 [00:00<00:06,  5.60it/s]
2020-08-20T19:49:06.5985284Z Extracting : libgcc-ng-9.1.0-hdf63c60_0.conda:   3%|         | 1/35 [00:00<00:06,  5.60it/s]
2020-08-20T19:49:06.6735622Z Extracting : pysocks-1.7.1-py38_0.conda:   6%|         | 2/35 [00:00<00:05,  5.60it/s]
2020-08-20T19:49:06.6736454Z Extracting : ld_impl_linux-64-2.33.1-h53a641e_7.conda:   9%|         | 3/35 [00:00<00:05,  5.60it/s]
2020-08-20T19:49:06.6913184Z Extracting : ld_impl_linux-64-2.33.1-h53a641e_7.conda:  11%|        | 4/35 [00:00<00:04,  7.07it/s]
2020-08-20T19:49:07.1858495Z Extracting : tqdm-4.46.0-py_0.conda:  11%|        | 4/35 [00:00<00:04,  7.07it/s]
2020-08-20T19:49:07.1859373Z Extracting : python-3.8.3-hcff3b4d_0.conda:  14%|        | 5/35 [00:00<00:04,  7.07it/s]
2020-08-20T19:49:07.1859988Z Extracting : python-3.8.3-hcff3b4d_0.conda:  17%|        | 6/35 [00:00<00:05,  5.69it/s]
2020-08-20T19:49:07.1860587Z Extracting : idna-2.9-py_1.conda:  17%|        | 6/35 [00:00<00:05,  5.69it/s]
2020-08-20T19:49:07.1861187Z Extracting : libstdcxx-ng-9.1.0-hdf63c60_0.conda:  20%|        | 7/35 [00:00<00:04,  5.69it/s]
2020-08-20T19:49:07.1861791Z Extracting : zlib-1.2.11-h7b6447c_3.conda:  23%|       | 8/35 [00:00<00:04,  5.69it/s]
2020-08-20T19:49:07.2086356Z Extracting : cffi-1.14.0-py38he30daa8_1.conda:  26%|       | 9/35 [00:00<00:04,  5.69it/s]
2020-08-20T19:49:07.2922666Z Extracting : xz-5.2.5-h7b6447c_0.conda:  29%|       | 10/35 [00:00<00:04,  5.69it/s]
2020-08-20T19:49:07.2923600Z Extracting : sqlite-3.31.1-h62c20be_1.conda:  31%|      | 11/35 [00:00<00:04,  5.69it/s]
2020-08-20T19:49:07.3084130Z Extracting : sqlite-3.31.1-h62c20be_1.conda:  34%|      | 12/35 [00:00<00:02,  7.79it/s]
2020-08-20T19:49:07.4750502Z Extracting : conda-package-handling-1.6.1-py38h7b6447c_0.conda:  34%|      | 12/35 [00:00<00:02,  7.79it/s]
2020-08-20T19:49:07.4751603Z Extracting : ncurses-6.2-he6710b0_1.conda:  37%|      | 13/35 [00:01<00:02,  7.79it/s]
2020-08-20T19:49:07.4752258Z Extracting : tk-8.6.8-hbc83047_0.conda:  40%|      | 14/35 [00:01<00:02,  7.79it/s]
2020-08-20T19:49:07.5936005Z Extracting : tk-8.6.8-hbc83047_0.conda:  43%|     | 15/35 [00:01<00:02,  9.25it/s]
2020-08-20T19:49:07.5937469Z Extracting : pip-20.0.2-py38_3.conda:  43%|     | 15/35 [00:01<00:02,  9.25it/s]
2020-08-20T19:49:07.5938095Z Extracting : chardet-3.0.4-py38_1003.conda:  46%|     | 16/35 [00:01<00:02,  9.25it/s]
2020-08-20T19:49:07.6642771Z Extracting : chardet-3.0.4-py38_1003.conda:  49%|     | 17/35 [00:01<00:01, 10.70it/s]
2020-08-20T19:49:07.6837418Z Extracting : libedit-3.1.20181209-hc058e9b_0.conda:  49%|     | 17/35 [00:01<00:01, 10.70it/s]
2020-08-20T19:49:07.7543139Z Extracting : yaml-0.1.7-had09818_2.conda:  51%|    | 18/35 [00:01<00:01, 10.70it/s]
2020-08-20T19:49:07.7544449Z Extracting : ca-certificates-2020.1.1-0.conda:  54%|    | 19/35 [00:01<00:01, 10.70it/s]
2020-08-20T19:49:07.7746202Z Extracting : ca-certificates-2020.1.1-0.conda:  57%|    | 20/35 [00:01<00:01, 12.27it/s]
2020-08-20T19:49:07.8489112Z Extracting : libffi-3.3-he6710b0_1.conda:  57%|    | 20/35 [00:01<00:01, 12.27it/s]
2020-08-20T19:49:07.8692544Z Extracting : readline-8.0-h7b6447c_0.conda:  60%|    | 21/35 [00:01<00:01, 12.27it/s]
2020-08-20T19:49:07.8693374Z Extracting : urllib3-1.25.8-py38_0.conda:  63%|   | 22/35 [00:01<00:01, 12.27it/s]
2020-08-20T19:49:07.9399670Z Extracting : urllib3-1.25.8-py38_0.conda:  66%|   | 23/35 [00:01<00:00, 14.59it/s]
2020-08-20T19:49:07.9615355Z Extracting : pycosat-0.6.3-py38h7b6447c_1.conda:  66%|   | 23/35 [00:01<00:00, 14.59it/s]
2020-08-20T19:49:08.0462254Z Extracting : pycparser-2.20-py_0.conda:  69%|   | 24/35 [00:01<00:00, 14.59it/s]
2020-08-20T19:49:08.0463157Z Extracting : cryptography-2.9.2-py38h1ba5d50_0.conda:  71%|  | 25/35 [00:01<00:00, 14.59it/s]
2020-08-20T19:49:08.0565812Z Extracting : cryptography-2.9.2-py38h1ba5d50_0.conda:  74%|  | 26/35 [00:01<00:00, 15.22it/s]
2020-08-20T19:49:08.1387833Z Extracting : certifi-2020.4.5.1-py38_0.conda:  74%|  | 26/35 [00:01<00:00, 15.22it/s]
2020-08-20T19:49:08.1485208Z Extracting : requests-2.23.0-py38_0.conda:  77%|  | 27/35 [00:01<00:00, 15.22it/s]
2020-08-20T19:49:08.1486292Z Extracting : wheel-0.34.2-py38_0.conda:  80%|  | 28/35 [00:01<00:00, 15.22it/s]
2020-08-20T19:49:08.2686986Z Extracting : wheel-0.34.2-py38_0.conda:  83%| | 29/35 [00:01<00:00, 17.79it/s]
2020-08-20T19:49:08.2687871Z Extracting : openssl-1.1.1g-h7b6447c_0.conda:  83%| | 29/35 [00:01<00:00, 17.79it/s]
2020-08-20T19:49:08.3363998Z Extracting : ruamel_yaml-0.15.87-py38h7b6447c_0.conda:  86%| | 30/35 [00:01<00:00, 17.79it/s]
2020-08-20T19:49:08.3364900Z Extracting : _libgcc_mutex-0.1-main.conda:  89%| | 31/35 [00:02<00:00, 17.79it/s]
2020-08-20T19:49:08.4036354Z Extracting : _libgcc_mutex-0.1-main.conda:  91%|| 32/35 [00:02<00:00, 17.20it/s]
2020-08-20T19:49:08.4492020Z Extracting : setuptools-46.4.0-py38_0.conda:  91%|| 32/35 [00:02<00:00, 17.20it/s]
2020-08-20T19:49:08.8029173Z Extracting : six-1.14.0-py38_0.conda:  94%|| 33/35 [00:02<00:00, 17.20it/s]
2020-08-20T19:49:08.8030043Z Extracting : conda-4.8.3-py38_0.tar.bz2:  97%|| 34/35 [00:02<00:00, 17.20it/s]
2020-08-20T19:49:08.8034498Z Extracting : conda-4.8.3-py38_0.tar.bz2: 100%|| 35/35 [00:02<00:00, 11.45it/s]
2020-08-20T19:49:09.7196800Z Collecting package metadata (current_repodata.json): ...working... done
2020-08-20T19:49:09.8553110Z Solving environment: ...working... done
2020-08-20T19:49:09.8693651Z
2020-08-20T19:49:09.8694084Z ## Package Plan ##
2020-08-20T19:49:09.8694309Z
2020-08-20T19:49:09.8695193Z   environment location: /home/runner/.local/share/r-miniconda
2020-08-20T19:49:09.8695476Z
2020-08-20T19:49:09.8695759Z   added / updated specs:
2020-08-20T19:49:09.8696247Z     - _libgcc_mutex==0.1=main
2020-08-20T19:49:09.8696773Z     - ca-certificates==2020.1.1=0
2020-08-20T19:49:09.8697309Z     - certifi==2020.4.5.1=py38_0
2020-08-20T19:49:09.8697822Z     - cffi==1.14.0=py38he30daa8_1
2020-08-20T19:49:09.8698569Z     - chardet==3.0.4=py38_1003
2020-08-20T19:49:09.8699129Z     - conda-package-handling==1.6.1=py38h7b6447c_0
2020-08-20T19:49:09.8699627Z     - conda==4.8.3=py38_0
2020-08-20T19:49:09.8700157Z     - cryptography==2.9.2=py38h1ba5d50_0
2020-08-20T19:49:09.8700641Z     - idna==2.9=py_1
2020-08-20T19:49:09.8701162Z     - ld_impl_linux-64==2.33.1=h53a641e_7
2020-08-20T19:49:09.8701684Z     - libedit==3.1.20181209=hc058e9b_0
2020-08-20T19:49:09.8702193Z     - libffi==3.3=he6710b0_1
2020-08-20T19:49:09.8702690Z     - libgcc-ng==9.1.0=hdf63c60_0
2020-08-20T19:49:09.8703204Z     - libstdcxx-ng==9.1.0=hdf63c60_0
2020-08-20T19:49:09.8703702Z     - ncurses==6.2=he6710b0_1
2020-08-20T19:49:09.8704206Z     - openssl==1.1.1g=h7b6447c_0
2020-08-20T19:49:09.8704688Z     - pip==20.0.2=py38_3
2020-08-20T19:49:09.8705200Z     - pycosat==0.6.3=py38h7b6447c_1
2020-08-20T19:49:09.8705688Z     - pycparser==2.20=py_0
2020-08-20T19:49:09.8706187Z     - pyopenssl==19.1.0=py38_0
2020-08-20T19:49:09.8706674Z     - pysocks==1.7.1=py38_0
2020-08-20T19:49:09.8707180Z     - python==3.8.3=hcff3b4d_0
2020-08-20T19:49:09.8708155Z     - readline==8.0=h7b6447c_0
2020-08-20T19:49:09.8708674Z     - requests==2.23.0=py38_0
2020-08-20T19:49:09.8709125Z     - ruamel_yaml==0.15.87=py38h7b6447c_0
2020-08-20T19:49:09.8709524Z     - setuptools==46.4.0=py38_0
2020-08-20T19:49:09.8709908Z     - six==1.14.0=py38_0
2020-08-20T19:49:09.8710303Z     - sqlite==3.31.1=h62c20be_1
2020-08-20T19:49:09.8710702Z     - tk==8.6.8=hbc83047_0
2020-08-20T19:49:09.8711256Z     - tqdm==4.46.0=py_0
2020-08-20T19:49:09.8711658Z     - urllib3==1.25.8=py38_0
2020-08-20T19:49:09.8712054Z     - wheel==0.34.2=py38_0
2020-08-20T19:49:09.8712452Z     - xz==5.2.5=h7b6447c_0
2020-08-20T19:49:09.8712856Z     - yaml==0.1.7=had09818_2
2020-08-20T19:49:09.8713262Z     - zlib==1.2.11=h7b6447c_3
2020-08-20T19:49:09.8713427Z
2020-08-20T19:49:09.8713579Z
2020-08-20T19:49:09.8713817Z The following NEW packages will be INSTALLED:
2020-08-20T19:49:09.8713974Z
2020-08-20T19:49:09.8714931Z   _libgcc_mutex      pkgs/main/linux-64::_libgcc_mutex-0.1-main
2020-08-20T19:49:09.8715634Z   ca-certificates    pkgs/main/linux-64::ca-certificates-2020.1.1-0
2020-08-20T19:49:09.8716313Z   certifi            pkgs/main/linux-64::certifi-2020.4.5.1-py38_0
2020-08-20T19:49:09.8716982Z   cffi               pkgs/main/linux-64::cffi-1.14.0-py38he30daa8_1
2020-08-20T19:49:09.8717653Z   chardet            pkgs/main/linux-64::chardet-3.0.4-py38_1003
2020-08-20T19:49:09.8718502Z   conda              pkgs/main/linux-64::conda-4.8.3-py38_0
2020-08-20T19:49:09.8719425Z   conda-package-han~ pkgs/main/linux-64::conda-package-handling-1.6.1-py38h7b6447c_0
2020-08-20T19:49:09.8720252Z   cryptography       pkgs/main/linux-64::cryptography-2.9.2-py38h1ba5d50_0
2020-08-20T19:49:09.8720937Z   idna               pkgs/main/noarch::idna-2.9-py_1
2020-08-20T19:49:09.8722192Z   ld_impl_linux-64   pkgs/main/linux-64::ld_impl_linux-64-2.33.1-h53a641e_7
2020-08-20T19:49:09.8722953Z   libedit            pkgs/main/linux-64::libedit-3.1.20181209-hc058e9b_0
2020-08-20T19:49:09.8723684Z   libffi             pkgs/main/linux-64::libffi-3.3-he6710b0_1
2020-08-20T19:49:09.8724398Z   libgcc-ng          pkgs/main/linux-64::libgcc-ng-9.1.0-hdf63c60_0
2020-08-20T19:49:09.8725440Z   libstdcxx-ng       pkgs/main/linux-64::libstdcxx-ng-9.1.0-hdf63c60_0
2020-08-20T19:49:09.8726104Z   ncurses            pkgs/main/linux-64::ncurses-6.2-he6710b0_1
2020-08-20T19:49:09.8726880Z   openssl            pkgs/main/linux-64::openssl-1.1.1g-h7b6447c_0
2020-08-20T19:49:09.8727605Z   pip                pkgs/main/linux-64::pip-20.0.2-py38_3
2020-08-20T19:49:09.8728288Z   pycosat            pkgs/main/linux-64::pycosat-0.6.3-py38h7b6447c_1
2020-08-20T19:49:09.8728937Z   pycparser          pkgs/main/noarch::pycparser-2.20-py_0
2020-08-20T19:49:09.8764092Z   pyopenssl          pkgs/main/linux-64::pyopenssl-19.1.0-py38_0
2020-08-20T19:49:09.8764866Z   pysocks            pkgs/main/linux-64::pysocks-1.7.1-py38_0
2020-08-20T19:49:09.8765543Z   python             pkgs/main/linux-64::python-3.8.3-hcff3b4d_0
2020-08-20T19:49:09.8766245Z   readline           pkgs/main/linux-64::readline-8.0-h7b6447c_0
2020-08-20T19:49:09.8768239Z   requests           pkgs/main/linux-64::requests-2.23.0-py38_0
2020-08-20T19:49:09.8768970Z   ruamel_yaml        pkgs/main/linux-64::ruamel_yaml-0.15.87-py38h7b6447c_0
2020-08-20T19:49:09.8769444Z   setuptools         pkgs/main/linux-64::setuptools-46.4.0-py38_0
2020-08-20T19:49:09.8769912Z   six                pkgs/main/linux-64::six-1.14.0-py38_0
2020-08-20T19:49:09.8770384Z   sqlite             pkgs/main/linux-64::sqlite-3.31.1-h62c20be_1
2020-08-20T19:49:09.8770845Z   tk                 pkgs/main/linux-64::tk-8.6.8-hbc83047_0
2020-08-20T19:49:09.8771480Z   tqdm               pkgs/main/noarch::tqdm-4.46.0-py_0
2020-08-20T19:49:09.8771956Z   urllib3            pkgs/main/linux-64::urllib3-1.25.8-py38_0
2020-08-20T19:49:09.8772439Z   wheel              pkgs/main/linux-64::wheel-0.34.2-py38_0
2020-08-20T19:49:09.8772919Z   xz                 pkgs/main/linux-64::xz-5.2.5-h7b6447c_0
2020-08-20T19:49:09.8773417Z   yaml               pkgs/main/linux-64::yaml-0.1.7-had09818_2
2020-08-20T19:49:09.8773912Z   zlib               pkgs/main/linux-64::zlib-1.2.11-h7b6447c_3
2020-08-20T19:49:09.8773996Z
2020-08-20T19:49:09.8774050Z
2020-08-20T19:49:10.1329877Z Preparing transaction: ...working... done
2020-08-20T19:49:13.3440697Z Executing transaction: ...working... done
2020-08-20T19:49:13.7874195Z installation finished.
2020-08-20T19:49:15.4603755Z Collecting package metadata (current_repodata.json): ...working... done
2020-08-20T19:49:16.0416752Z Solving environment: ...working... done
2020-08-20T19:49:16.0770617Z
2020-08-20T19:49:16.0771083Z ## Package Plan ##
2020-08-20T19:49:16.0771333Z
2020-08-20T19:49:16.0772499Z   environment location: /home/runner/.local/share/r-miniconda
2020-08-20T19:49:16.0772809Z
2020-08-20T19:49:16.0773138Z   added / updated specs:
2020-08-20T19:49:16.0773632Z     - conda
2020-08-20T19:49:16.0773922Z
2020-08-20T19:49:16.0774135Z
2020-08-20T19:49:16.0774511Z The following packages will be downloaded:
2020-08-20T19:49:16.0774747Z
2020-08-20T19:49:16.0775081Z     package                    |            build
2020-08-20T19:49:16.0775824Z     ---------------------------|-----------------
2020-08-20T19:49:16.0776467Z     brotlipy-0.7.0             |py38h7b6447c_1000         322 KB
2020-08-20T19:49:16.0777097Z     ca-certificates-2020.6.24  |                0         125 KB
2020-08-20T19:49:16.0777738Z     certifi-2020.6.20          |           py38_0         156 KB
2020-08-20T19:49:16.0778377Z     cffi-1.14.1                |   py38he30daa8_0         228 KB
2020-08-20T19:49:16.0779002Z     conda-4.8.4                |           py38_0         2.8 MB
2020-08-20T19:49:16.0779628Z     idna-2.10                  |             py_0          50 KB
2020-08-20T19:49:16.0780258Z     libedit-3.1.20191231       |       h14c3975_1         116 KB
2020-08-20T19:49:16.0780883Z     libffi-3.3                 |       he6710b0_2          50 KB
2020-08-20T19:49:16.0781520Z     pip-20.2.2                 |           py38_0         1.7 MB
2020-08-20T19:49:16.0782145Z     pycparser-2.20             |             py_2          94 KB
2020-08-20T19:49:16.0782763Z     pyopenssl-19.1.0           |             py_1          48 KB
2020-08-20T19:49:16.0783384Z     requests-2.24.0            |             py_0          56 KB
2020-08-20T19:49:16.0784232Z     ruamel_yaml-0.15.87        |   py38h7b6447c_1         249 KB
2020-08-20T19:49:16.0784948Z     setuptools-49.6.0          |           py38_0         748 KB
2020-08-20T19:49:16.0785579Z     six-1.15.0                 |             py_0          13 KB
2020-08-20T19:49:16.0786190Z     sqlite-3.33.0              |       h62c20be_0         1.1 MB
2020-08-20T19:49:16.0786813Z     tk-8.6.10                  |       hbc83047_0         3.0 MB
2020-08-20T19:49:16.0787438Z     tqdm-4.48.2                |             py_0          63 KB
2020-08-20T19:49:16.0788181Z     urllib3-1.25.10            |             py_0          98 KB
2020-08-20T19:49:16.0789057Z     yaml-0.2.5                 |       h7b6447c_0          75 KB
2020-08-20T19:49:16.0789959Z     ------------------------------------------------------------
2020-08-20T19:49:16.0790231Z                                            Total:        11.1 MB
2020-08-20T19:49:16.0790325Z
2020-08-20T19:49:16.0790532Z The following NEW packages will be INSTALLED:
2020-08-20T19:49:16.0790609Z
2020-08-20T19:49:16.0791332Z   brotlipy           pkgs/main/linux-64::brotlipy-0.7.0-py38h7b6447c_1000
2020-08-20T19:49:16.0791408Z
2020-08-20T19:49:16.0791572Z The following packages will be UPDATED:
2020-08-20T19:49:16.0791647Z
2020-08-20T19:49:16.0792043Z   ca-certificates                                2020.1.1-0 --> 2020.6.24-0
2020-08-20T19:49:16.0792461Z   certifi                                 2020.4.5.1-py38_0 --> 2020.6.20-py38_0
2020-08-20T19:49:16.0792875Z   cffi                                1.14.0-py38he30daa8_1 --> 1.14.1-py38he30daa8_0
2020-08-20T19:49:16.0793435Z   conda                                        4.8.3-py38_0 --> 4.8.4-py38_0
2020-08-20T19:49:16.0793822Z   idna                                             2.9-py_1 --> 2.10-py_0
2020-08-20T19:49:16.0794236Z   libedit                           3.1.20181209-hc058e9b_0 --> 3.1.20191231-h14c3975_1
2020-08-20T19:49:16.0794618Z   libffi                                     3.3-he6710b0_1 --> 3.3-he6710b0_2
2020-08-20T19:49:16.0794996Z   pip                                         20.0.2-py38_3 --> 20.2.2-py38_0
2020-08-20T19:49:16.0795553Z   pycparser                                       2.20-py_0 --> 2.20-py_2
2020-08-20T19:49:16.0796154Z   pyopenssl          pkgs/main/linux-64::pyopenssl-19.1.0-~ --> pkgs/main/noarch::pyopenssl-19.1.0-py_1
2020-08-20T19:49:16.0796756Z   requests           pkgs/main/linux-64::requests-2.23.0-p~ --> pkgs/main/noarch::requests-2.24.0-py_0
2020-08-20T19:49:16.0797182Z   ruamel_yaml                        0.15.87-py38h7b6447c_0 --> 0.15.87-py38h7b6447c_1
2020-08-20T19:49:16.0797761Z   setuptools                                  46.4.0-py38_0 --> 49.6.0-py38_0
2020-08-20T19:49:16.0798368Z   six                 pkgs/main/linux-64::six-1.14.0-py38_0 --> pkgs/main/noarch::six-1.15.0-py_0
2020-08-20T19:49:16.0798959Z   sqlite                                  3.31.1-h62c20be_1 --> 3.33.0-h62c20be_0
2020-08-20T19:49:16.0799519Z   tk                                       8.6.8-hbc83047_0 --> 8.6.10-hbc83047_0
2020-08-20T19:49:16.0799963Z   tqdm                                          4.46.0-py_0 --> 4.48.2-py_0
2020-08-20T19:49:16.0800571Z   urllib3            pkgs/main/linux-64::urllib3-1.25.8-py~ --> pkgs/main/noarch::urllib3-1.25.10-py_0
2020-08-20T19:49:16.0800979Z   yaml                                     0.1.7-had09818_2 --> 0.2.5-h7b6447c_0
2020-08-20T19:49:16.0801065Z
2020-08-20T19:49:16.0801117Z
2020-08-20T19:49:16.0801184Z
2020-08-20T19:49:16.0801338Z Downloading and Extracting Packages
2020-08-20T19:49:16.0801397Z
2020-08-20T19:49:16.2473048Z urllib3-1.25.10      | 98 KB     |            |   0%
2020-08-20T19:49:16.2482411Z urllib3-1.25.10      | 98 KB     | ########## | 100%
2020-08-20T19:49:16.2482747Z
2020-08-20T19:49:16.3608680Z ca-certificates-2020 | 125 KB    |            |   0%
2020-08-20T19:49:16.3616658Z ca-certificates-2020 | 125 KB    | ########## | 100%
2020-08-20T19:49:16.3617026Z
2020-08-20T19:49:16.4795132Z ruamel_yaml-0.15.87  | 249 KB    |            |   0%
2020-08-20T19:49:16.4803320Z ruamel_yaml-0.15.87  | 249 KB    | ########## | 100%
2020-08-20T19:49:16.4803684Z
2020-08-20T19:49:16.5967253Z pyopenssl-19.1.0     | 48 KB     |            |   0%
2020-08-20T19:49:16.5976405Z pyopenssl-19.1.0     | 48 KB     | ########## | 100%
2020-08-20T19:49:16.5976572Z
2020-08-20T19:49:16.7220940Z pycparser-2.20       | 94 KB     |            |   0%
2020-08-20T19:49:16.7235538Z pycparser-2.20       | 94 KB     | ########## | 100%
2020-08-20T19:49:16.7235891Z
2020-08-20T19:49:16.8988454Z tk-8.6.10            | 3.0 MB    |            |   0%
2020-08-20T19:49:16.8996226Z tk-8.6.10            | 3.0 MB    | ########## | 100%
2020-08-20T19:49:16.8996688Z
2020-08-20T19:49:17.0164242Z requests-2.24.0      | 56 KB     |            |   0%
2020-08-20T19:49:17.0171142Z requests-2.24.0      | 56 KB     | ########## | 100%
2020-08-20T19:49:17.0171276Z
2020-08-20T19:49:17.1520946Z sqlite-3.33.0        | 1.1 MB    |            |   0%
2020-08-20T19:49:17.1527737Z sqlite-3.33.0        | 1.1 MB    | ########## | 100%
2020-08-20T19:49:17.1528101Z
2020-08-20T19:49:17.2677232Z cffi-1.14.1          | 228 KB    |            |   0%
2020-08-20T19:49:17.2684486Z cffi-1.14.1          | 228 KB    | ########## | 100%
2020-08-20T19:49:17.2684838Z
2020-08-20T19:49:17.4337504Z pip-20.2.2           | 1.7 MB    |            |   0%
2020-08-20T19:49:17.4348229Z pip-20.2.2           | 1.7 MB    | ########## | 100%
2020-08-20T19:49:17.4348372Z
2020-08-20T19:49:17.5449870Z yaml-0.2.5           | 75 KB     |            |   0%
2020-08-20T19:49:17.5457454Z yaml-0.2.5           | 75 KB     | ########## | 100%
2020-08-20T19:49:17.5457825Z
2020-08-20T19:49:17.6568004Z libffi-3.3           | 50 KB     |            |   0%
2020-08-20T19:49:17.6573970Z libffi-3.3           | 50 KB     | ########## | 100%
2020-08-20T19:49:17.6574342Z
2020-08-20T19:49:17.7958968Z setuptools-49.6.0    | 748 KB    |            |   0%
2020-08-20T19:49:17.7966414Z setuptools-49.6.0    | 748 KB    | ########## | 100%
2020-08-20T19:49:17.7966763Z
2020-08-20T19:49:17.9048436Z libedit-3.1.20191231 | 116 KB    |            |   0%
2020-08-20T19:49:17.9056269Z libedit-3.1.20191231 | 116 KB    | ########## | 100%
2020-08-20T19:49:17.9056606Z
2020-08-20T19:49:18.0123268Z tqdm-4.48.2          | 63 KB     |            |   0%
2020-08-20T19:49:18.0130125Z tqdm-4.48.2          | 63 KB     | ########## | 100%
2020-08-20T19:49:18.0130247Z
2020-08-20T19:49:18.1213096Z brotlipy-0.7.0       | 322 KB    |            |   0%
2020-08-20T19:49:18.1221091Z brotlipy-0.7.0       | 322 KB    | ########## | 100%
2020-08-20T19:49:18.1221451Z
2020-08-20T19:49:18.2304756Z idna-2.10            | 50 KB     |            |   0%
2020-08-20T19:49:18.2311818Z idna-2.10            | 50 KB     | ########## | 100%
2020-08-20T19:49:18.2312144Z
2020-08-20T19:49:18.4095461Z conda-4.8.4          | 2.8 MB    |            |   0%
2020-08-20T19:49:18.4106968Z conda-4.8.4          | 2.8 MB    | ########## | 100%
2020-08-20T19:49:18.4107364Z
2020-08-20T19:49:18.5261585Z six-1.15.0           | 13 KB     |            |   0%
2020-08-20T19:49:18.5268505Z six-1.15.0           | 13 KB     | ########## | 100%
2020-08-20T19:49:18.5268739Z
2020-08-20T19:49:18.6394140Z certifi-2020.6.20    | 156 KB    |            |   0%
2020-08-20T19:49:18.6401775Z certifi-2020.6.20    | 156 KB    | ########## | 100%
2020-08-20T19:49:18.7390250Z Preparing transaction: ...working... done
2020-08-20T19:49:18.9683592Z Verifying transaction: ...working... done
2020-08-20T19:49:19.7472948Z Executing transaction: ...working... done
2020-08-20T19:49:24.9955430Z Collecting package metadata (current_repodata.json): ...working... done
2020-08-20T19:49:26.1350316Z Solving environment: ...working... done
2020-08-20T19:49:26.3122357Z
2020-08-20T19:49:26.3123081Z ## Package Plan ##
2020-08-20T19:49:26.3123321Z
2020-08-20T19:49:26.3124234Z   environment location: /home/runner/.local/share/r-miniconda/envs/r-reticulate
2020-08-20T19:49:26.3124515Z
2020-08-20T19:49:26.3124817Z   added / updated specs:
2020-08-20T19:49:26.3125272Z     - numpy
2020-08-20T19:49:26.3125978Z     - python=3.6
2020-08-20T19:49:26.3126284Z
2020-08-20T19:49:26.3126489Z
2020-08-20T19:49:26.3126814Z The following packages will be downloaded:
2020-08-20T19:49:26.3127032Z
2020-08-20T19:49:26.3127523Z     package                    |            build
2020-08-20T19:49:26.3128244Z     ---------------------------|-----------------
2020-08-20T19:49:26.3128895Z     _libgcc_mutex-0.1          |      conda_forge           3 KB  conda-forge
2020-08-20T19:49:26.3129545Z     _openmp_mutex-4.5          |            1_gnu          22 KB  conda-forge
2020-08-20T19:49:26.3130751Z     ca-certificates-2020.6.20  |       hecda079_0         145 KB  conda-forge
2020-08-20T19:49:26.3132014Z     certifi-2020.6.20          |   py36h9f0ad1d_0         151 KB  conda-forge
2020-08-20T19:49:26.3132718Z     ld_impl_linux-64-2.34      |       hc38a660_9         612 KB  conda-forge
2020-08-20T19:49:26.3133398Z     libblas-3.8.0              |      17_openblas          11 KB  conda-forge
2020-08-20T19:49:26.3134241Z     libcblas-3.8.0             |      17_openblas          11 KB  conda-forge
2020-08-20T19:49:26.3135202Z     libffi-3.2.1               |    he1b5a44_1007          47 KB  conda-forge
2020-08-20T19:49:26.3136007Z     libgcc-ng-9.3.0            |      h24d8f2e_15         7.8 MB  conda-forge
2020-08-20T19:49:26.3136641Z     libgfortran-ng-7.5.0       |      hdf63c60_15         1.3 MB  conda-forge
2020-08-20T19:49:26.3137274Z     libgomp-9.3.0              |      h24d8f2e_15         378 KB  conda-forge
2020-08-20T19:49:26.3137913Z     liblapack-3.8.0            |      17_openblas          11 KB  conda-forge
2020-08-20T19:49:26.3141779Z     libopenblas-0.3.10         |pthreads_hb3c22a3_4         7.8 MB  conda-forge
2020-08-20T19:49:26.3142322Z     libstdcxx-ng-9.3.0         |      hdf63c60_15         4.0 MB  conda-forge
2020-08-20T19:49:26.3142714Z     ncurses-6.2                |       he1b5a44_1         993 KB  conda-forge
2020-08-20T19:49:26.3143106Z     numpy-1.19.1               |   py36h3849536_2         5.2 MB  conda-forge
2020-08-20T19:49:26.3143495Z     openssl-1.1.1g             |       h516909a_1         2.1 MB  conda-forge
2020-08-20T19:49:26.3143875Z     pip-20.2.2                 |             py_0         1.1 MB  conda-forge
2020-08-20T19:49:26.3144247Z     python-3.6.11              |h4d41432_2_cpython        34.2 MB  conda-forge
2020-08-20T19:49:26.3144735Z     python_abi-3.6             |          1_cp36m           4 KB  conda-forge
2020-08-20T19:49:26.3145274Z     readline-8.0               |       he28a2e2_2         281 KB  conda-forge
2020-08-20T19:49:26.3145640Z     setuptools-49.6.0          |   py36h9f0ad1d_0         935 KB  conda-forge
2020-08-20T19:49:26.3146012Z     sqlite-3.33.0              |       h4cf870e_0         1.4 MB  conda-forge
2020-08-20T19:49:26.3146372Z     tk-8.6.10                  |       hed695b0_0         3.2 MB  conda-forge
2020-08-20T19:49:26.3146730Z     wheel-0.35.1               |     pyh9f0ad1d_0          29 KB  conda-forge
2020-08-20T19:49:26.3147098Z     xz-5.2.5                   |       h516909a_1         343 KB  conda-forge
2020-08-20T19:49:26.3147461Z     zlib-1.2.11                |    h516909a_1007         106 KB  conda-forge
2020-08-20T19:49:26.3147791Z     ------------------------------------------------------------
2020-08-20T19:49:26.3147994Z                                            Total:        72.1 MB
2020-08-20T19:49:26.3148057Z
2020-08-20T19:49:26.3148219Z The following NEW packages will be INSTALLED:
2020-08-20T19:49:26.3148273Z
2020-08-20T19:49:26.3149066Z   _libgcc_mutex      conda-forge/linux-64::_libgcc_mutex-0.1-conda_forge
2020-08-20T19:49:26.3149586Z   _openmp_mutex      conda-forge/linux-64::_openmp_mutex-4.5-1_gnu
2020-08-20T19:49:26.3150117Z   ca-certificates    conda-forge/linux-64::ca-certificates-2020.6.20-hecda079_0
2020-08-20T19:49:26.3150641Z   certifi            conda-forge/linux-64::certifi-2020.6.20-py36h9f0ad1d_0
2020-08-20T19:49:26.3151161Z   ld_impl_linux-64   conda-forge/linux-64::ld_impl_linux-64-2.34-hc38a660_9
2020-08-20T19:49:26.3151771Z   libblas            conda-forge/linux-64::libblas-3.8.0-17_openblas
2020-08-20T19:49:26.3152474Z   libcblas           conda-forge/linux-64::libcblas-3.8.0-17_openblas
2020-08-20T19:49:26.3152959Z   libffi             conda-forge/linux-64::libffi-3.2.1-he1b5a44_1007
2020-08-20T19:49:26.3153441Z   libgcc-ng          conda-forge/linux-64::libgcc-ng-9.3.0-h24d8f2e_15
2020-08-20T19:49:26.3154007Z   libgfortran-ng     conda-forge/linux-64::libgfortran-ng-7.5.0-hdf63c60_15
2020-08-20T19:49:26.3154487Z   libgomp            conda-forge/linux-64::libgomp-9.3.0-h24d8f2e_15
2020-08-20T19:49:26.3155071Z   liblapack          conda-forge/linux-64::liblapack-3.8.0-17_openblas
2020-08-20T19:49:26.3155580Z   libopenblas        conda-forge/linux-64::libopenblas-0.3.10-pthreads_hb3c22a3_4
2020-08-20T19:49:26.3156070Z   libstdcxx-ng       conda-forge/linux-64::libstdcxx-ng-9.3.0-hdf63c60_15
2020-08-20T19:49:26.3156547Z   ncurses            conda-forge/linux-64::ncurses-6.2-he1b5a44_1
2020-08-20T19:49:26.3157037Z   numpy              conda-forge/linux-64::numpy-1.19.1-py36h3849536_2
2020-08-20T19:49:26.3157520Z   openssl            conda-forge/linux-64::openssl-1.1.1g-h516909a_1
2020-08-20T19:49:26.3157970Z   pip                conda-forge/noarch::pip-20.2.2-py_0
2020-08-20T19:49:26.3158460Z   python             conda-forge/linux-64::python-3.6.11-h4d41432_2_cpython
2020-08-20T19:49:26.3158932Z   python_abi         conda-forge/linux-64::python_abi-3.6-1_cp36m
2020-08-20T19:49:26.3159566Z   readline           conda-forge/linux-64::readline-8.0-he28a2e2_2
2020-08-20T19:49:26.3160095Z   setuptools         conda-forge/linux-64::setuptools-49.6.0-py36h9f0ad1d_0
2020-08-20T19:49:26.3160584Z   sqlite             conda-forge/linux-64::sqlite-3.33.0-h4cf870e_0
2020-08-20T19:49:26.3161037Z   tk                 conda-forge/linux-64::tk-8.6.10-hed695b0_0
2020-08-20T19:49:26.3162527Z   wheel              conda-forge/noarch::wheel-0.35.1-pyh9f0ad1d_0
2020-08-20T19:49:26.3163226Z   xz                 conda-forge/linux-64::xz-5.2.5-h516909a_1
2020-08-20T19:49:26.3164215Z   zlib               conda-forge/linux-64::zlib-1.2.11-h516909a_1007
2020-08-20T19:49:26.3164329Z
2020-08-20T19:49:26.3164399Z
2020-08-20T19:49:26.3164480Z
2020-08-20T19:49:26.3164660Z Downloading and Extracting Packages
2020-08-20T19:49:26.3164751Z
2020-08-20T19:49:26.4125313Z python-3.6.11        | 34.2 MB   |            |   0%
2020-08-20T19:49:26.5136132Z python-3.6.11        | 34.2 MB   | #3         |  14%
2020-08-20T19:49:26.6125199Z python-3.6.11        | 34.2 MB   | #####      |  51%
2020-08-20T19:49:30.1925089Z python-3.6.11        | 34.2 MB   | ########9  |  89%
2020-08-20T19:49:30.1926880Z python-3.6.11        | 34.2 MB   | ########## | 100%
2020-08-20T19:49:30.1927107Z
2020-08-20T19:49:30.2526509Z libffi-3.2.1         | 47 KB     |            |   0%
2020-08-20T19:49:30.2546555Z libffi-3.2.1         | 47 KB     | ########## | 100%
2020-08-20T19:49:30.2546671Z
2020-08-20T19:49:30.4057045Z wheel-0.35.1         | 29 KB     |            |   0%
2020-08-20T19:49:30.4061408Z wheel-0.35.1         | 29 KB     | ########## | 100%
2020-08-20T19:49:30.4066230Z wheel-0.35.1         | 29 KB     | ########## | 100%
2020-08-20T19:49:30.4066769Z
2020-08-20T19:49:30.4578837Z _openmp_mutex-4.5    | 22 KB     |            |   0%
2020-08-20T19:49:30.4596725Z _openmp_mutex-4.5    | 22 KB     | ########## | 100%
2020-08-20T19:49:30.4597402Z
2020-08-20T19:49:30.5982059Z libgomp-9.3.0        | 378 KB    |            |   0%
2020-08-20T19:49:30.5987617Z libgomp-9.3.0        | 378 KB    | ########## | 100%
2020-08-20T19:49:30.6004530Z libgomp-9.3.0        | 378 KB    | ########## | 100%
2020-08-20T19:49:30.6004843Z
2020-08-20T19:49:31.1284981Z tk-8.6.10            | 3.2 MB    |            |   0%
2020-08-20T19:49:31.1289704Z tk-8.6.10            | 3.2 MB    | ########## | 100%
2020-08-20T19:49:31.1292752Z tk-8.6.10            | 3.2 MB    | ########## | 100%
2020-08-20T19:49:31.1293021Z
2020-08-20T19:49:31.3274990Z pip-20.2.2           | 1.1 MB    |            |   0%
2020-08-20T19:49:31.3277055Z pip-20.2.2           | 1.1 MB    | ########## | 100%
2020-08-20T19:49:31.3279905Z pip-20.2.2           | 1.1 MB    | ########## | 100%
2020-08-20T19:49:31.3280021Z
2020-08-20T19:49:31.3828460Z ca-certificates-2020 | 145 KB    |            |   0%
2020-08-20T19:49:31.3830979Z ca-certificates-2020 | 145 KB    | ########## | 100%
2020-08-20T19:49:31.3831220Z
2020-08-20T19:49:32.2230805Z numpy-1.19.1         | 5.2 MB    |            |   0%
2020-08-20T19:49:32.2234463Z numpy-1.19.1         | 5.2 MB    | ########## | 100%
2020-08-20T19:49:32.2243839Z numpy-1.19.1         | 5.2 MB    | ########## | 100%
2020-08-20T19:49:32.2244232Z
2020-08-20T19:49:32.3552617Z ld_impl_linux-64-2.3 | 612 KB    |            |   0%
2020-08-20T19:49:32.3559045Z ld_impl_linux-64-2.3 | 612 KB    | ########## | 100%
2020-08-20T19:49:32.3565062Z ld_impl_linux-64-2.3 | 612 KB    | ########## | 100%
2020-08-20T19:49:32.3565176Z
2020-08-20T19:49:32.5454250Z setuptools-49.6.0    | 935 KB    |            |   0%
2020-08-20T19:49:32.5458286Z setuptools-49.6.0    | 935 KB    | ########## | 100%
2020-08-20T19:49:32.5462299Z setuptools-49.6.0    | 935 KB    | ########## | 100%
2020-08-20T19:49:32.5462599Z
2020-08-20T19:49:32.8020202Z ncurses-6.2          | 993 KB    |            |   0%
2020-08-20T19:49:32.8024146Z ncurses-6.2          | 993 KB    | ########## | 100%
2020-08-20T19:49:32.8028507Z ncurses-6.2          | 993 KB    | ########## | 100%
2020-08-20T19:49:32.8028630Z
2020-08-20T19:49:32.9171443Z libgcc-ng-9.3.0      | 7.8 MB    |            |   0%
2020-08-20T19:49:33.0172164Z libgcc-ng-9.3.0      | 7.8 MB    |            |   0%
2020-08-20T19:49:33.9510911Z libgcc-ng-9.3.0      | 7.8 MB    | ######6    |  66%
2020-08-20T19:49:33.9513669Z libgcc-ng-9.3.0      | 7.8 MB    | ########## | 100%
2020-08-20T19:49:33.9517386Z libgcc-ng-9.3.0      | 7.8 MB    | ########## | 100%
2020-08-20T19:49:33.9517711Z
2020-08-20T19:49:34.5221548Z libstdcxx-ng-9.3.0   | 4.0 MB    |            |   0%
2020-08-20T19:49:34.5224440Z libstdcxx-ng-9.3.0   | 4.0 MB    | ########## | 100%
2020-08-20T19:49:34.5227239Z libstdcxx-ng-9.3.0   | 4.0 MB    | ########## | 100%
2020-08-20T19:49:34.5227559Z
2020-08-20T19:49:34.5846635Z readline-8.0         | 281 KB    |            |   0%
2020-08-20T19:49:34.5849081Z readline-8.0         | 281 KB    | ########## | 100%
2020-08-20T19:49:34.5849308Z
2020-08-20T19:49:34.6097190Z liblapack-3.8.0      | 11 KB     |            |   0%
2020-08-20T19:49:34.6118267Z liblapack-3.8.0      | 11 KB     | ########## | 100%
2020-08-20T19:49:34.6118489Z
2020-08-20T19:49:34.7315207Z xz-5.2.5             | 343 KB    |            |   0%
2020-08-20T19:49:34.7320328Z xz-5.2.5             | 343 KB    | ########## | 100%
2020-08-20T19:49:34.7325198Z xz-5.2.5             | 343 KB    | ########## | 100%
2020-08-20T19:49:34.7325327Z
2020-08-20T19:49:34.7586585Z libcblas-3.8.0       | 11 KB     |            |   0%
2020-08-20T19:49:34.7588514Z libcblas-3.8.0       | 11 KB     | ########## | 100%
2020-08-20T19:49:34.7588706Z
2020-08-20T19:49:34.9439560Z sqlite-3.33.0        | 1.4 MB    |            |   0%
2020-08-20T19:49:34.9443358Z sqlite-3.33.0        | 1.4 MB    | ########## | 100%
2020-08-20T19:49:34.9446925Z sqlite-3.33.0        | 1.4 MB    | ########## | 100%
2020-08-20T19:49:34.9447228Z
2020-08-20T19:49:34.9822199Z zlib-1.2.11          | 106 KB    |            |   0%
2020-08-20T19:49:34.9840611Z zlib-1.2.11          | 106 KB    | ########## | 100%
2020-08-20T19:49:34.9841060Z
2020-08-20T19:49:35.2085373Z libgfortran-ng-7.5.0 | 1.3 MB    |            |   0%
2020-08-20T19:49:35.2089025Z libgfortran-ng-7.5.0 | 1.3 MB    | ########## | 100%
2020-08-20T19:49:35.2093778Z libgfortran-ng-7.5.0 | 1.3 MB    | ########## | 100%
2020-08-20T19:49:35.2094108Z
2020-08-20T19:49:35.5201438Z openssl-1.1.1g       | 2.1 MB    |            |   0%
2020-08-20T19:49:35.5205004Z openssl-1.1.1g       | 2.1 MB    | ########## | 100%
2020-08-20T19:49:35.5208223Z openssl-1.1.1g       | 2.1 MB    | ########## | 100%
2020-08-20T19:49:35.5208600Z
2020-08-20T19:49:35.5405732Z libblas-3.8.0        | 11 KB     |            |   0%
2020-08-20T19:49:35.5410597Z libblas-3.8.0        | 11 KB     | ########## | 100%
2020-08-20T19:49:35.5410726Z
2020-08-20T19:49:35.5786629Z certifi-2020.6.20    | 151 KB    |            |   0%
2020-08-20T19:49:35.5789254Z certifi-2020.6.20    | 151 KB    | ########## | 100%
2020-08-20T19:49:35.5789471Z
2020-08-20T19:49:36.7217871Z libopenblas-0.3.10   | 7.8 MB    |            |   0%
2020-08-20T19:49:36.7220999Z libopenblas-0.3.10   | 7.8 MB    | ########## | 100%
2020-08-20T19:49:36.7226902Z libopenblas-0.3.10   | 7.8 MB    | ########## | 100%
2020-08-20T19:49:36.7227456Z
2020-08-20T19:49:36.7434641Z python_abi-3.6       | 4 KB      |            |   0%
2020-08-20T19:49:36.7439116Z python_abi-3.6       | 4 KB      | ########## | 100%
2020-08-20T19:49:36.7439643Z
2020-08-20T19:49:36.7661654Z _libgcc_mutex-0.1    | 3 KB      |            |   0%
2020-08-20T19:49:36.7662839Z _libgcc_mutex-0.1    | 3 KB      | ########## | 100%
2020-08-20T19:49:36.9663045Z Preparing transaction: ...working... done
2020-08-20T19:49:37.8972952Z Verifying transaction: ...working... done
2020-08-20T19:49:39.2034635Z Executing transaction: ...working... done
2020-08-20T19:49:39.2659496Z #
2020-08-20T19:49:39.2660038Z # To activate this environment, use
2020-08-20T19:49:39.2660354Z #
2020-08-20T19:49:39.2661261Z #     $ conda activate r-reticulate
2020-08-20T19:49:39.2661613Z #
2020-08-20T19:49:39.2661961Z # To deactivate an active environment, use
2020-08-20T19:49:39.2662238Z #
2020-08-20T19:49:39.2662786Z #     $ conda deactivate
2020-08-20T19:49:39.2663023Z
2020-08-20T19:49:39.9923738Z
2020-08-20T19:49:39.9924539Z [1] "/home/runner/.local/share/r-miniconda"
2020-08-20T19:49:39.9925409Z * Miniconda has been successfully installed at '/home/runner/.local/share/r-miniconda'.
2020-08-20T19:49:42.1375079Z Collecting package metadata (current_repodata.json): ...working... done
2020-08-20T19:49:42.4556562Z Solving environment: ...working... done
2020-08-20T19:49:42.5316100Z
2020-08-20T19:49:42.5316570Z ## Package Plan ##
2020-08-20T19:49:42.5316796Z
2020-08-20T19:49:42.5317741Z   environment location: /home/runner/.local/share/r-miniconda/envs/r-reticulate
2020-08-20T19:49:42.5318048Z
2020-08-20T19:49:42.5318332Z   added / updated specs:
2020-08-20T19:49:42.5318815Z     - python==3.6.10
2020-08-20T19:49:42.5319094Z
2020-08-20T19:49:42.5319536Z
2020-08-20T19:49:42.5319901Z The following packages will be downloaded:
2020-08-20T19:49:42.5320166Z
2020-08-20T19:49:42.5320492Z     package                    |            build
2020-08-20T19:49:42.5321045Z     ---------------------------|-----------------
2020-08-20T19:49:42.5321660Z     python-3.6.10              |       h7579374_2        29.7 MB
2020-08-20T19:49:42.5322253Z     ------------------------------------------------------------
2020-08-20T19:49:42.5322661Z                                            Total:        29.7 MB
2020-08-20T19:49:42.5322902Z
2020-08-20T19:49:42.5323227Z The following NEW packages will be INSTALLED:
2020-08-20T19:49:42.5323428Z
2020-08-20T19:49:42.5324217Z   _libgcc_mutex      conda-forge/linux-64::_libgcc_mutex-0.1-conda_forge
2020-08-20T19:49:42.5324999Z   _openmp_mutex      conda-forge/linux-64::_openmp_mutex-4.5-1_gnu
2020-08-20T19:49:42.5325794Z   ca-certificates    conda-forge/linux-64::ca-certificates-2020.6.20-hecda079_0
2020-08-20T19:49:42.5326584Z   certifi            conda-forge/linux-64::certifi-2020.6.20-py36h9f0ad1d_0
2020-08-20T19:49:42.5327383Z   ld_impl_linux-64   conda-forge/linux-64::ld_impl_linux-64-2.34-hc38a660_9
2020-08-20T19:49:42.5328145Z   libffi             pkgs/main/linux-64::libffi-3.3-he6710b0_2
2020-08-20T19:49:42.5328916Z   libgcc-ng          conda-forge/linux-64::libgcc-ng-9.3.0-h24d8f2e_15
2020-08-20T19:49:42.5329689Z   libgomp            conda-forge/linux-64::libgomp-9.3.0-h24d8f2e_15
2020-08-20T19:49:42.5330674Z   libstdcxx-ng       conda-forge/linux-64::libstdcxx-ng-9.3.0-hdf63c60_15
2020-08-20T19:49:42.5331518Z   ncurses            conda-forge/linux-64::ncurses-6.2-he1b5a44_1
2020-08-20T19:49:42.5332298Z   openssl            conda-forge/linux-64::openssl-1.1.1g-h516909a_1
2020-08-20T19:49:42.5333038Z   pip                conda-forge/noarch::pip-20.2.2-py_0
2020-08-20T19:49:42.5333801Z   python             pkgs/main/linux-64::python-3.6.10-h7579374_2
2020-08-20T19:49:42.5334559Z   python_abi         conda-forge/linux-64::python_abi-3.6-1_cp36m
2020-08-20T19:49:42.5335340Z   readline           conda-forge/linux-64::readline-8.0-he28a2e2_2
2020-08-20T19:49:42.5336309Z   setuptools         conda-forge/linux-64::setuptools-49.6.0-py36h9f0ad1d_0
2020-08-20T19:49:42.5337290Z   sqlite             conda-forge/linux-64::sqlite-3.33.0-h4cf870e_0
2020-08-20T19:49:42.5338085Z   tk                 conda-forge/linux-64::tk-8.6.10-hed695b0_0
2020-08-20T19:49:42.5338887Z   wheel              conda-forge/noarch::wheel-0.35.1-pyh9f0ad1d_0
2020-08-20T19:49:42.5339681Z   xz                 conda-forge/linux-64::xz-5.2.5-h516909a_1
2020-08-20T19:49:42.5340738Z   zlib               conda-forge/linux-64::zlib-1.2.11-h516909a_1007
2020-08-20T19:49:42.5341034Z
2020-08-20T19:49:42.5341291Z
2020-08-20T19:49:42.5341437Z
2020-08-20T19:49:42.5341583Z Downloading and Extracting Packages
2020-08-20T19:49:42.5341681Z
2020-08-20T19:49:42.6317776Z python-3.6.10        | 29.7 MB   |            |   0%
2020-08-20T19:49:42.7319056Z python-3.6.10        | 29.7 MB   | ##2        |  22%
2020-08-20T19:49:43.2281329Z python-3.6.10        | 29.7 MB   | #####5     |  55%
2020-08-20T19:49:43.2287178Z python-3.6.10        | 29.7 MB   | ########## | 100%
2020-08-20T19:49:43.2292424Z python-3.6.10        | 29.7 MB   | ########## | 100%
2020-08-20T19:49:43.4233669Z Preparing transaction: ...working... done
2020-08-20T19:49:44.0311839Z Verifying transaction: ...working... done
2020-08-20T19:49:45.2647193Z Executing transaction: ...working... done
2020-08-20T19:49:45.3223566Z #
2020-08-20T19:49:45.3224011Z # To activate this environment, use
2020-08-20T19:49:45.3224303Z #
2020-08-20T19:49:45.3225115Z #     $ conda activate r-reticulate
2020-08-20T19:49:45.3225453Z #
2020-08-20T19:49:45.3225779Z # To deactivate an active environment, use
2020-08-20T19:49:45.3226041Z #
2020-08-20T19:49:45.3226327Z #     $ conda deactivate
2020-08-20T19:49:45.3226548Z
2020-08-20T19:49:46.0122100Z [1] "/home/runner/.local/share/r-miniconda/envs/r-reticulate/bin/python"
2020-08-20T19:49:46.0267761Z ##[group]Run Rscript -e "reticulate::py_install(c('setuptools', 'wheel', 'requests', 'IPython'), pip = TRUE)"
2020-08-20T19:49:46.0268010Z [36;1mRscript -e "reticulate::py_install(c('setuptools', 'wheel', 'requests', 'IPython'), pip = TRUE)"[0m
2020-08-20T19:49:46.0268117Z [36;1mRscript -e "reticulate::py_install('fastai2==0.0.30',pip = TRUE)"[0m
2020-08-20T19:49:46.0268232Z [36;1mRscript -e "remotes::install_local()"[0m
2020-08-20T19:49:46.0313264Z shell: /bin/bash -e {0}
2020-08-20T19:49:46.0313376Z env:
2020-08-20T19:49:46.0313500Z   R_REMOTES_NO_ERRORS_FROM_WARNINGS: true
2020-08-20T19:49:46.0313611Z   PIP_NO_WARN_SCRIPT_LOCATION: false
2020-08-20T19:49:46.0313702Z   FASTAI2_VERSION:
2020-08-20T19:49:46.0313809Z   RETICULATE_AUTOCONFIGURE: FALSE
2020-08-20T19:49:46.0313971Z   CRAN: https://demo.rstudiopm.com/all/__linux__/xenial/latest
2020-08-20T19:49:46.0314106Z   R_LIBS_USER: /home/runner/work/_temp/Library
2020-08-20T19:49:46.0314215Z   TZ: UTC
2020-08-20T19:49:46.0314375Z   NOT_CRAN: true
2020-08-20T19:49:46.0314490Z ##[endgroup]
2020-08-20T19:49:47.8280469Z Collecting package metadata (current_repodata.json): ...working... done
2020-08-20T19:49:47.9696930Z Solving environment: ...working... done
2020-08-20T19:49:48.0535881Z
2020-08-20T19:49:48.0536144Z ## Package Plan ##
2020-08-20T19:49:48.0536226Z
2020-08-20T19:49:48.0537060Z   environment location: /home/runner/.local/share/r-miniconda/envs/r-reticulate
2020-08-20T19:49:48.0537554Z
2020-08-20T19:49:48.0537714Z   added / updated specs:
2020-08-20T19:49:48.0538013Z     - python
2020-08-20T19:49:48.0538090Z
2020-08-20T19:49:48.0538144Z
2020-08-20T19:49:48.0538341Z The following packages will be downloaded:
2020-08-20T19:49:48.0538590Z
2020-08-20T19:49:48.0538762Z     package                    |            build
2020-08-20T19:49:48.0539114Z     ---------------------------|-----------------
2020-08-20T19:49:48.0539507Z     certifi-2020.6.20          |           py36_0         156 KB
2020-08-20T19:49:48.0539907Z     ------------------------------------------------------------
2020-08-20T19:49:48.0540349Z                                            Total:         156 KB
2020-08-20T19:49:48.0540415Z
2020-08-20T19:49:48.0540589Z The following packages will be UPDATED:
2020-08-20T19:49:48.0540669Z
2020-08-20T19:49:48.0541387Z   ca-certificates    conda-forge::ca-certificates-2020.6.2~ --> pkgs/main::ca-certificates-2020.6.24-0
2020-08-20T19:49:48.0541476Z
2020-08-20T19:49:48.0542014Z The following packages will be SUPERSEDED by a higher-priority channel:
2020-08-20T19:49:48.0542103Z
2020-08-20T19:49:48.0542691Z   certifi            conda-forge::certifi-2020.6.20-py36h9~ --> pkgs/main::certifi-2020.6.20-py36_0
2020-08-20T19:49:48.0543298Z   openssl            conda-forge::openssl-1.1.1g-h516909a_1 --> pkgs/main::openssl-1.1.1g-h7b6447c_0
2020-08-20T19:49:48.0543376Z
2020-08-20T19:49:48.0543429Z
2020-08-20T19:49:48.0543503Z
2020-08-20T19:49:48.0543658Z Downloading and Extracting Packages
2020-08-20T19:49:48.0543718Z
2020-08-20T19:49:48.1817398Z certifi-2020.6.20    | 156 KB    |            |   0%
2020-08-20T19:49:48.1820772Z certifi-2020.6.20    | 156 KB    | ########## | 100%
2020-08-20T19:49:48.1826935Z certifi-2020.6.20    | 156 KB    | ########## | 100%
2020-08-20T19:49:48.1888063Z Preparing transaction: ...working... done
2020-08-20T19:49:48.2579363Z Verifying transaction: ...working... done
2020-08-20T19:49:48.2712844Z Executing transaction: ...working... done
2020-08-20T19:49:49.2086949Z Requirement already up-to-date: setuptools in /home/runner/.local/share/r-miniconda/envs/r-reticulate/lib/python3.6/site-packages (49.6.0.post20200814)
2020-08-20T19:49:49.2801037Z Requirement already up-to-date: wheel in /home/runner/.local/share/r-miniconda/envs/r-reticulate/lib/python3.6/site-packages (0.35.1)
2020-08-20T19:49:49.3624696Z Collecting requests
2020-08-20T19:49:49.3863499Z   Downloading requests-2.24.0-py2.py3-none-any.whl (61 kB)
2020-08-20T19:49:49.5093273Z Collecting IPython
2020-08-20T19:49:49.5145258Z   Downloading ipython-7.16.1-py3-none-any.whl (785 kB)
2020-08-20T19:49:49.6479695Z Collecting urllib3!=1.25.0,!=1.25.1,<1.26,>=1.21.1
2020-08-20T19:49:49.6549212Z   Downloading urllib3-1.25.10-py2.py3-none-any.whl (127 kB)
2020-08-20T19:49:49.6899855Z Collecting idna<3,>=2.5
2020-08-20T19:49:49.6945234Z   Downloading idna-2.10-py2.py3-none-any.whl (58 kB)
2020-08-20T19:49:49.7013845Z Requirement already satisfied, skipping upgrade: certifi>=2017.4.17 in /home/runner/.local/share/r-miniconda/envs/r-reticulate/lib/python3.6/site-packages (from requests) (2020.6.20)
2020-08-20T19:49:49.7160982Z Collecting chardet<4,>=3.0.2
2020-08-20T19:49:49.7206653Z   Downloading chardet-3.0.4-py2.py3-none-any.whl (133 kB)
2020-08-20T19:49:49.7367533Z Collecting backcall
2020-08-20T19:49:49.7404353Z   Downloading backcall-0.2.0-py2.py3-none-any.whl (11 kB)
2020-08-20T19:49:49.8225365Z Collecting prompt-toolkit!=3.0.0,!=3.0.1,<3.1.0,>=2.0.0
2020-08-20T19:49:49.8284807Z   Downloading prompt_toolkit-3.0.6-py3-none-any.whl (354 kB)
2020-08-20T19:49:49.8572015Z Collecting pickleshare
2020-08-20T19:49:49.8644174Z   Downloading pickleshare-0.7.5-py2.py3-none-any.whl (6.9 kB)
2020-08-20T19:49:49.8930862Z Collecting decorator
2020-08-20T19:49:49.9053482Z   Downloading decorator-4.4.2-py2.py3-none-any.whl (9.2 kB)
2020-08-20T19:49:49.9511412Z Collecting pygments
2020-08-20T19:49:49.9554736Z   Downloading Pygments-2.6.1-py3-none-any.whl (914 kB)
2020-08-20T19:49:49.9920723Z Collecting pexpect; sys_platform != "win32"
2020-08-20T19:49:49.9959844Z   Downloading pexpect-4.8.0-py2.py3-none-any.whl (59 kB)
2020-08-20T19:49:50.0245697Z Collecting traitlets>=4.2
2020-08-20T19:49:50.0286834Z   Downloading traitlets-4.3.3-py2.py3-none-any.whl (75 kB)
2020-08-20T19:49:50.0921016Z Collecting jedi>=0.10
2020-08-20T19:49:50.0987888Z   Downloading jedi-0.17.2-py2.py3-none-any.whl (1.4 MB)
2020-08-20T19:49:50.1640141Z Collecting wcwidth
2020-08-20T19:49:50.1765064Z   Downloading wcwidth-0.2.5-py2.py3-none-any.whl (30 kB)
2020-08-20T19:49:50.1954608Z Collecting ptyprocess>=0.5
2020-08-20T19:49:50.1997338Z   Downloading ptyprocess-0.6.0-py2.py3-none-any.whl (39 kB)
2020-08-20T19:49:50.2310522Z Collecting six
2020-08-20T19:49:50.2347797Z   Downloading six-1.15.0-py2.py3-none-any.whl (10 kB)
2020-08-20T19:49:50.2509013Z Collecting ipython-genutils
2020-08-20T19:49:50.2551856Z   Downloading ipython_genutils-0.2.0-py2.py3-none-any.whl (26 kB)
2020-08-20T19:49:50.2867964Z Collecting parso<0.8.0,>=0.7.0
2020-08-20T19:49:50.2908851Z   Downloading parso-0.7.1-py2.py3-none-any.whl (109 kB)
2020-08-20T19:49:50.4008196Z Installing collected packages: urllib3, idna, chardet, requests, backcall, wcwidth, prompt-toolkit, pickleshare, decorator, pygments, ptyprocess, pexpect, six, ipython-genutils, traitlets, parso, jedi, IPython
2020-08-20T19:49:52.4283006Z Successfully installed IPython-7.16.1 backcall-0.2.0 chardet-3.0.4 decorator-4.4.2 idna-2.10 ipython-genutils-0.2.0 jedi-0.17.2 parso-0.7.1 pexpect-4.8.0 pickleshare-0.7.5 prompt-toolkit-3.0.6 ptyprocess-0.6.0 pygments-2.6.1 requests-2.24.0 six-1.15.0 traitlets-4.3.3 urllib3-1.25.10 wcwidth-0.2.5
2020-08-20T19:49:54.2988498Z Collecting package metadata (current_repodata.json): ...working... done
2020-08-20T19:49:54.4398371Z Solving environment: ...working... done
2020-08-20T19:49:54.4927871Z
2020-08-20T19:49:54.4928375Z # All requested packages already installed.
2020-08-20T19:49:54.4928626Z
2020-08-20T19:49:54.9560013Z Collecting fastai2==0.0.30
2020-08-20T19:49:54.9760046Z   Downloading fastai2-0.0.30-py3-none-any.whl (179 kB)
2020-08-20T19:49:55.0501103Z Collecting fastcore>=0.1.34
2020-08-20T19:49:55.0593010Z   Downloading fastcore-1.0.0-py3-none-any.whl (36 kB)
2020-08-20T19:49:55.2429444Z Collecting spacy
2020-08-20T19:49:55.2630327Z   Downloading spacy-2.3.2-cp36-cp36m-manylinux1_x86_64.whl (9.9 MB)
2020-08-20T19:49:56.5426093Z Collecting scipy
2020-08-20T19:49:56.5482669Z   Downloading scipy-1.5.2-cp36-cp36m-manylinux1_x86_64.whl (25.9 MB)
2020-08-20T19:49:57.2329580Z Requirement already satisfied, skipping upgrade: requests in /home/runner/.local/share/r-miniconda/envs/r-reticulate/lib/python3.6/site-packages (from fastai2==0.0.30) (2.24.0)
2020-08-20T19:49:57.2736858Z Collecting torchvision>=0.7
2020-08-20T19:49:57.2870289Z   Downloading torchvision-0.7.0-cp36-cp36m-manylinux1_x86_64.whl (5.9 MB)
2020-08-20T19:49:57.4250033Z Collecting pyyaml
2020-08-20T19:49:57.4322454Z   Downloading PyYAML-5.3.1.tar.gz (269 kB)
2020-08-20T19:49:57.9627882Z Collecting scikit-learn
2020-08-20T19:49:57.9676565Z   Downloading scikit_learn-0.23.2-cp36-cp36m-manylinux1_x86_64.whl (6.8 MB)
2020-08-20T19:49:58.1304080Z Collecting torch>=1.6.0
2020-08-20T19:49:58.9077601Z   Downloading torch-1.6.0-cp36-cp36m-manylinux1_x86_64.whl (748.8 MB)
2020-08-20T19:50:24.6355038Z Collecting matplotlib
2020-08-20T19:50:24.6552258Z   Downloading matplotlib-3.3.1-cp36-cp36m-manylinux1_x86_64.whl (11.6 MB)
2020-08-20T19:50:25.0002304Z Collecting packaging
2020-08-20T19:50:25.0056999Z   Downloading packaging-20.4-py2.py3-none-any.whl (37 kB)
2020-08-20T19:50:25.2791277Z Collecting pandas
2020-08-20T19:50:25.2839932Z   Downloading pandas-1.1.0-cp36-cp36m-manylinux1_x86_64.whl (10.5 MB)
2020-08-20T19:50:25.5332363Z Requirement already satisfied, skipping upgrade: pip in /home/runner/.local/share/r-miniconda/envs/r-reticulate/lib/python3.6/site-packages (from fastai2==0.0.30) (20.2.2)
2020-08-20T19:50:25.5618953Z Collecting fastprogress>=0.2.4
2020-08-20T19:50:25.5661431Z   Downloading fastprogress-1.0.0-py3-none-any.whl (12 kB)
2020-08-20T19:50:25.9745124Z Collecting pillow
2020-08-20T19:50:25.9799890Z   Downloading Pillow-7.2.0-cp36-cp36m-manylinux1_x86_64.whl (2.2 MB)
2020-08-20T19:50:26.0403293Z Collecting dataclasses
2020-08-20T19:50:26.0445384Z   Downloading dataclasses-0.7-py3-none-any.whl (18 kB)
2020-08-20T19:50:26.4648864Z Collecting numpy
2020-08-20T19:50:26.4696180Z   Downloading numpy-1.19.1-cp36-cp36m-manylinux2010_x86_64.whl (14.5 MB)
2020-08-20T19:50:26.8551789Z Requirement already satisfied, skipping upgrade: wheel in /home/runner/.local/share/r-miniconda/envs/r-reticulate/lib/python3.6/site-packages (from fastcore>=0.1.34->fastai2==0.0.30) (0.35.1)
2020-08-20T19:50:26.8801448Z Collecting wasabi<1.1.0,>=0.4.0
2020-08-20T19:50:26.8903416Z   Downloading wasabi-0.7.1.tar.gz (22 kB)
2020-08-20T19:50:27.6305298Z Collecting preshed<3.1.0,>=3.0.2
2020-08-20T19:50:27.6357424Z   Downloading preshed-3.0.2-cp36-cp36m-manylinux1_x86_64.whl (119 kB)
2020-08-20T19:50:28.2354533Z Collecting murmurhash<1.1.0,>=0.28.0
2020-08-20T19:50:28.2402464Z   Downloading murmurhash-1.0.2-cp36-cp36m-manylinux1_x86_64.whl (19 kB)
2020-08-20T19:50:29.8155914Z Collecting catalogue<1.1.0,>=0.0.7
2020-08-20T19:50:29.8224265Z   Downloading catalogue-1.0.0-py2.py3-none-any.whl (7.7 kB)
2020-08-20T19:50:29.9666756Z Requirement already satisfied, skipping upgrade: setuptools in /home/runner/.local/share/r-miniconda/envs/r-reticulate/lib/python3.6/site-packages (from spacy->fastai2==0.0.30) (49.6.0.post20200814)
2020-08-20T19:50:30.2907008Z Collecting blis<0.5.0,>=0.4.0
2020-08-20T19:50:30.3006042Z   Downloading blis-0.4.1-cp36-cp36m-manylinux1_x86_64.whl (3.7 MB)
2020-08-20T19:50:31.1631957Z Collecting plac<1.2.0,>=0.9.6
2020-08-20T19:50:31.1701414Z   Downloading plac-1.1.3-py2.py3-none-any.whl (20 kB)
2020-08-20T19:50:31.9451956Z Collecting srsly<1.1.0,>=1.0.2
2020-08-20T19:50:31.9500118Z   Downloading srsly-1.0.2-cp36-cp36m-manylinux1_x86_64.whl (185 kB)
2020-08-20T19:50:32.4403696Z Collecting thinc==7.4.1
2020-08-20T19:50:32.4472868Z   Downloading thinc-7.4.1-cp36-cp36m-manylinux1_x86_64.whl (2.1 MB)
2020-08-20T19:50:32.6023085Z Collecting tqdm<5.0.0,>=4.38.0
2020-08-20T19:50:32.6064341Z   Downloading tqdm-4.48.2-py2.py3-none-any.whl (68 kB)
2020-08-20T19:50:32.6500587Z Collecting cymem<2.1.0,>=2.0.2
2020-08-20T19:50:32.6536394Z   Downloading cymem-2.0.3-cp36-cp36m-manylinux1_x86_64.whl (32 kB)
2020-08-20T19:50:32.6619020Z Requirement already satisfied, skipping upgrade: chardet<4,>=3.0.2 in /home/runner/.local/share/r-miniconda/envs/r-reticulate/lib/python3.6/site-packages (from requests->fastai2==0.0.30) (3.0.4)
2020-08-20T19:50:32.6627856Z Requirement already satisfied, skipping upgrade: urllib3!=1.25.0,!=1.25.1,<1.26,>=1.21.1 in /home/runner/.local/share/r-miniconda/envs/r-reticulate/lib/python3.6/site-packages (from requests->fastai2==0.0.30) (1.25.10)
2020-08-20T19:50:32.6741295Z Requirement already satisfied, skipping upgrade: certifi>=2017.4.17 in /home/runner/.local/share/r-miniconda/envs/r-reticulate/lib/python3.6/site-packages (from requests->fastai2==0.0.30) (2020.6.20)
2020-08-20T19:50:32.6750003Z Requirement already satisfied, skipping upgrade: idna<3,>=2.5 in /home/runner/.local/share/r-miniconda/envs/r-reticulate/lib/python3.6/site-packages (from requests->fastai2==0.0.30) (2.10)
2020-08-20T19:50:32.6896429Z Collecting threadpoolctl>=2.0.0
2020-08-20T19:50:32.6933724Z   Downloading threadpoolctl-2.1.0-py3-none-any.whl (12 kB)
2020-08-20T19:50:32.7489558Z Collecting joblib>=0.11
2020-08-20T19:50:32.7529976Z   Downloading joblib-0.16.0-py3-none-any.whl (300 kB)
2020-08-20T19:50:32.7904179Z Collecting future
2020-08-20T19:50:32.7947198Z   Downloading future-0.18.2.tar.gz (829 kB)
2020-08-20T19:50:33.2022917Z Collecting kiwisolver>=1.0.1
2020-08-20T19:50:33.2091023Z   Downloading kiwisolver-1.2.0-cp36-cp36m-manylinux1_x86_64.whl (88 kB)
2020-08-20T19:50:33.2497183Z Collecting python-dateutil>=2.1
2020-08-20T19:50:33.2535849Z   Downloading python_dateutil-2.8.1-py2.py3-none-any.whl (227 kB)
2020-08-20T19:50:33.2774791Z Collecting cycler>=0.10
2020-08-20T19:50:33.2808563Z   Downloading cycler-0.10.0-py2.py3-none-any.whl (6.5 kB)
2020-08-20T19:50:33.3667340Z Collecting pyparsing!=2.0.4,!=2.1.2,!=2.1.6,>=2.0.3
2020-08-20T19:50:33.3769808Z   Downloading pyparsing-2.4.7-py2.py3-none-any.whl (67 kB)
2020-08-20T19:50:33.3858086Z Requirement already satisfied, skipping upgrade: six in /home/runner/.local/share/r-miniconda/envs/r-reticulate/lib/python3.6/site-packages (from packaging->fastai2==0.0.30) (1.15.0)
2020-08-20T19:50:33.5175989Z Collecting pytz>=2017.2
2020-08-20T19:50:33.5255644Z   Downloading pytz-2020.1-py2.py3-none-any.whl (510 kB)
2020-08-20T19:50:33.6091239Z Collecting importlib-metadata>=0.20; python_version < "3.8"
2020-08-20T19:50:33.6135100Z   Downloading importlib_metadata-1.7.0-py2.py3-none-any.whl (31 kB)
2020-08-20T19:50:33.6628649Z Collecting zipp>=0.5
2020-08-20T19:50:33.6666571Z   Downloading zipp-3.1.0-py3-none-any.whl (4.9 kB)
2020-08-20T19:50:33.6780650Z Building wheels for collected packages: pyyaml, wasabi, future
2020-08-20T19:50:33.6784576Z   Building wheel for pyyaml (setup.py): started
2020-08-20T19:50:34.0069617Z   Building wheel for pyyaml (setup.py): finished with status 'done'
2020-08-20T19:50:34.0076380Z   Created wheel for pyyaml: filename=PyYAML-5.3.1-cp36-cp36m-linux_x86_64.whl size=44619 sha256=4bb6a5309350e3cc3fa9396c01c13a49c6daf5df274e309bfcb75910f06ae558
2020-08-20T19:50:34.0077058Z   Stored in directory: /home/runner/.cache/pip/wheels/e5/9d/ad/2ee53cf262cba1ffd8afe1487eef788ea3f260b7e6232a80fc
2020-08-20T19:50:34.0087217Z   Building wheel for wasabi (setup.py): started
2020-08-20T19:50:34.2735873Z   Building wheel for wasabi (setup.py): finished with status 'done'
2020-08-20T19:50:34.2740002Z   Created wheel for wasabi: filename=wasabi-0.7.1-py3-none-any.whl size=20836 sha256=a1d9541f9cd758b7be5766deb7fc6eb96252da5a0a13628a75a7f98c9097870e
2020-08-20T19:50:34.2740620Z   Stored in directory: /home/runner/.cache/pip/wheels/81/48/90/cf81833b3dfce6eaf7eab4bd5fdc0e75dbca4418b263f444b8
2020-08-20T19:50:34.2750419Z   Building wheel for future (setup.py): started
2020-08-20T19:50:34.7309992Z   Building wheel for future (setup.py): finished with status 'done'
2020-08-20T19:50:34.7328138Z   Created wheel for future: filename=future-0.18.2-py3-none-any.whl size=491059 sha256=9bb8ee93aa049d4614bd19a324ea977b3a14d31e5e65fb5eaa77438a0654b937
2020-08-20T19:50:34.7328732Z   Stored in directory: /home/runner/.cache/pip/wheels/6e/9c/ed/4499c9865ac1002697793e0ae05ba6be33553d098f3347fb94
2020-08-20T19:50:34.7333578Z Successfully built pyyaml wasabi future
2020-08-20T19:50:35.0021335Z Installing collected packages: dataclasses, pyparsing, packaging, numpy, fastcore, wasabi, murmurhash, cymem, preshed, zipp, importlib-metadata, catalogue, blis, plac, srsly, tqdm, thinc, spacy, scipy, pillow, future, torch, torchvision, pyyaml, threadpoolctl, joblib, scikit-learn, kiwisolver, python-dateutil, cycler, matplotlib, pytz, pandas, fastprogress, fastai2
2020-08-20T19:51:12.1734259Z Successfully installed blis-0.4.1 catalogue-1.0.0 cycler-0.10.0 cymem-2.0.3 dataclasses-0.7 fastai2-0.0.30 fastcore-1.0.0 fastprogress-1.0.0 future-0.18.2 importlib-metadata-1.7.0 joblib-0.16.0 kiwisolver-1.2.0 matplotlib-3.3.1 murmurhash-1.0.2 numpy-1.19.1 packaging-20.4 pandas-1.1.0 pillow-7.2.0 plac-1.1.3 preshed-3.0.2 pyparsing-2.4.7 python-dateutil-2.8.1 pytz-2020.1 pyyaml-5.3.1 scikit-learn-0.23.2 scipy-1.5.2 spacy-2.3.2 srsly-1.0.2 thinc-7.4.1 threadpoolctl-2.1.0 torch-1.6.0 torchvision-0.7.0 tqdm-4.48.2 wasabi-0.7.1 zipp-3.1.0
2020-08-20T19:51:15.4597479Z
2020-08-20T19:51:15.8080310Z
2020-08-20T19:51:15.8081644Z    checking for file /tmp/RtmpAStDKu/file2fb41f63f9/fastai/DESCRIPTION ...
2020-08-20T19:51:15.8081831Z
2020-08-20T19:51:15.8082335Z [32m[39m  [90mchecking for file /tmp/RtmpAStDKu/file2fb41f63f9/fastai/DESCRIPTION[39m[36m[39m
2020-08-20T19:51:15.8293529Z
2020-08-20T19:51:15.8293719Z
2020-08-20T19:51:15.8294314Z [90m[39m[90m  [39m[90mpreparing fastai:[39m[36m[39m
2020-08-20T19:51:15.8294412Z
2020-08-20T19:51:15.8294527Z
2020-08-20T19:51:15.8361813Z    checking DESCRIPTION meta-information ...
2020-08-20T19:51:15.8457479Z
2020-08-20T19:51:15.8458898Z [32m[39m  [90mchecking DESCRIPTION meta-information[39m[36m[39m
2020-08-20T19:51:15.9325650Z
2020-08-20T19:51:15.9345750Z
2020-08-20T19:51:15.9347458Z [90m[39m[90m  [39m[90mchecking for LF line-endings in source and make files and shell scripts[39m[36m[39m
2020-08-20T19:51:15.9363258Z
2020-08-20T19:51:15.9384952Z
2020-08-20T19:51:15.9386886Z [90m[39m[90m  [39m[90mchecking for empty or unneeded directories[39m[36m[39m
2020-08-20T19:51:15.9399451Z
2020-08-20T19:51:15.9421490Z
2020-08-20T19:51:15.9423002Z [90m[39m[90m  [39m[90mbuilding fastai_0.1.0.1.tar.gz[39m[36m[39m
2020-08-20T19:51:16.3255363Z
2020-08-20T19:51:16.3257827Z
2020-08-20T19:51:16.3258839Z
2020-08-20T19:51:16.3400752Z Installing package into /home/runner/work/_temp/Library
2020-08-20T19:51:16.3402950Z (as lib is unspecified)
2020-08-20T19:51:16.7057653Z * installing *source* package fastai ...
2020-08-20T19:51:16.7058951Z ** using staged installation
2020-08-20T19:51:16.7181373Z ** R
2020-08-20T19:51:16.7260043Z ** byte-compile and prepare package for lazy loading
2020-08-20T19:51:18.2931980Z ** help
2020-08-20T19:51:18.4740357Z *** installing help indices
2020-08-20T19:51:18.5942456Z ** building package indices
2020-08-20T19:51:18.8991277Z ** testing if installed package can be loaded from temporary location
2020-08-20T19:51:22.7758697Z ** testing if installed package can be loaded from final location
2020-08-20T19:51:25.9144469Z ** testing if installed package keeps a record of temporary installation path
2020-08-20T19:51:25.9153877Z * DONE (fastai)
2020-08-20T19:51:25.9330354Z
2020-08-20T19:51:25.9355788Z ##[group]Run Rscript -e "rcmdcheck::rcmdcheck(args = '--no-manual', error_on = 'error', check_dir = 'check')"
2020-08-20T19:51:25.9356014Z [36;1mRscript -e "rcmdcheck::rcmdcheck(args = '--no-manual', error_on = 'error', check_dir = 'check')"[0m
2020-08-20T19:51:25.9450550Z shell: /bin/bash -e {0}
2020-08-20T19:51:25.9450653Z env:
2020-08-20T19:51:25.9450740Z   R_REMOTES_NO_ERRORS_FROM_WARNINGS: true
2020-08-20T19:51:25.9450839Z   PIP_NO_WARN_SCRIPT_LOCATION: false
2020-08-20T19:51:25.9450935Z   FASTAI2_VERSION:
2020-08-20T19:51:25.9451031Z   RETICULATE_AUTOCONFIGURE: FALSE
2020-08-20T19:51:25.9451187Z   CRAN: https://demo.rstudiopm.com/all/__linux__/xenial/latest
2020-08-20T19:51:25.9451310Z   R_LIBS_USER: /home/runner/work/_temp/Library
2020-08-20T19:51:25.9451404Z   TZ: UTC
2020-08-20T19:51:25.9451496Z   NOT_CRAN: true
2020-08-20T19:51:25.9451574Z ##[endgroup]
2020-08-20T19:51:26.3003780Z [36m R CMD build [39m
2020-08-20T19:51:26.4904334Z * checking for file .../DESCRIPTION ... OK
2020-08-20T19:51:26.5080176Z * preparing fastai:
2020-08-20T19:51:26.5177844Z * checking DESCRIPTION meta-information ... OK
2020-08-20T19:51:26.6353916Z * checking for LF line-endings in source and make files and shell scripts
2020-08-20T19:51:26.6361685Z * checking for empty or unneeded directories
2020-08-20T19:51:26.6391066Z * building fastai_0.1.0.1.tar.gz
2020-08-20T19:51:27.0011450Z
2020-08-20T19:51:27.1346558Z [36m R CMD check [39m
2020-08-20T19:51:27.3551897Z * using log directory /home/runner/work/fastai/fastai/check/fastai.Rcheck
2020-08-20T19:51:27.3575037Z * using R version 4.0.2 (2020-06-22)
2020-08-20T19:51:27.3575490Z * using platform: x86_64-pc-linux-gnu (64-bit)
2020-08-20T19:51:27.3575799Z * using session charset: UTF-8
2020-08-20T19:51:27.5650431Z * using option --no-manual
2020-08-20T19:51:27.5672856Z * checking for file fastai/DESCRIPTION ... OK
2020-08-20T19:51:27.5673078Z * checking extension type ... Package
2020-08-20T19:51:27.5682545Z * this is package fastai version 0.1.0.1
2020-08-20T19:51:27.5682878Z * package encoding: UTF-8
2020-08-20T19:51:27.5717740Z * checking package namespace information ... OK
2020-08-20T19:51:28.3721022Z * checking package dependencies ... OK
2020-08-20T19:51:28.3730979Z * checking if this is a source package ... OK
2020-08-20T19:51:28.3739491Z * checking if there is a namespace ... OK
2020-08-20T19:51:28.6861992Z * checking for executable files ... OK
2020-08-20T19:51:28.6862548Z * checking for hidden files and directories ... OK
2020-08-20T19:51:28.6898101Z * checking for portable file names ... OK
2020-08-20T19:51:28.6914802Z * checking for sufficient/correct file permissions ... OK
2020-08-20T19:51:38.1640813Z * checking whether package fastai can be installed ... OK
2020-08-20T19:51:38.1735959Z * checking installed package size ... OK
2020-08-20T19:51:38.1736395Z * checking package directory ... OK
2020-08-20T19:51:38.3395210Z * checking DESCRIPTION meta-information ... OK
2020-08-20T19:51:38.3396341Z * checking top-level files ... OK
2020-08-20T19:51:38.3470256Z * checking for left-over files ... OK
2020-08-20T19:51:38.3470819Z * checking index information ... OK
2020-08-20T19:51:38.3959919Z * checking package subdirectories ... OK
2020-08-20T19:51:38.4393588Z * checking R files for non-ASCII characters ... OK
2020-08-20T19:51:38.4872479Z * checking R files for syntax errors ... OK
2020-08-20T19:51:41.6311600Z * checking whether the package can be loaded ... OK
2020-08-20T19:51:44.7947969Z * checking whether the package can be loaded with stated dependencies ... OK
2020-08-20T19:51:47.9548354Z * checking whether the package can be unloaded cleanly ... OK
2020-08-20T19:51:51.0742624Z * checking whether the namespace can be loaded with stated dependencies ... OK
2020-08-20T19:51:54.2400713Z * checking whether the namespace can be unloaded cleanly ... OK
2020-08-20T19:51:57.3880910Z * checking loading without being on the library search path ... OK
2020-08-20T19:52:00.5192993Z * checking dependencies in R code ... OK
2020-08-20T19:52:04.1560728Z * checking S3 generic/method consistency ... WARNING
2020-08-20T19:52:04.1562867Z ##[warning]fit:
2020-08-20T19:52:04.1566243Z   function(object, ...)
2020-08-20T19:52:04.1566815Z fit.fastai2.tabular.learner.TabularLearner:
2020-08-20T19:52:04.1567045Z   function(object, n_epoch, lr, wd, callbacks)
2020-08-20T19:52:04.1567106Z
2020-08-20T19:52:04.1576668Z predict:
2020-08-20T19:52:04.1577105Z   function(object, ...)
2020-08-20T19:52:04.1577427Z predict.fastai2.tabular.learner.TabularLearner:
2020-08-20T19:52:04.1577757Z   function(object, row)
2020-08-20T19:52:04.1577919Z
2020-08-20T19:52:04.1578210Z summary:
2020-08-20T19:52:04.1578468Z   function(object, ...)
2020-08-20T19:52:04.1578761Z summary.fastai2.tabular.learner.TabularLearner:
2020-08-20T19:52:04.1579010Z   function(object)
2020-08-20T19:52:04.1579237Z
2020-08-20T19:52:04.1580113Z See section Generic functions and methods in the Writing R
2020-08-20T19:52:04.1580555Z Extensions manual.
2020-08-20T19:52:07.2400701Z * checking replacement functions ... OK
2020-08-20T19:52:10.3882260Z * checking foreign function calls ... OK
2020-08-20T19:52:18.1277018Z * checking R code for possible problems ... NOTE
2020-08-20T19:52:18.1277536Z URLs_ADULT_SAMPLE: no visible global function definition for
2020-08-20T19:52:18.1278324Z   download.file
2020-08-20T19:52:18.1278868Z URLs_AG_NEWS: no visible global function definition for download.file
2020-08-20T19:52:18.1279193Z URLs_AMAZON_REVIEWSAMAZON_REVIEWS: no visible global function
2020-08-20T19:52:18.1279995Z   definition for download.file
2020-08-20T19:52:18.1280334Z URLs_AMAZON_REVIEWS_POLARITY: no visible global function definition for
2020-08-20T19:52:18.1280707Z   download.file
2020-08-20T19:52:18.1281011Z URLs_BIWI_HEAD_POSE: no visible global function definition for
2020-08-20T19:52:18.1281671Z   download.file
2020-08-20T19:52:18.1281991Z URLs_CALTECH_101: no visible global function definition for
2020-08-20T19:52:18.1282357Z   download.file
2020-08-20T19:52:18.1282847Z URLs_CAMVID: no visible global function definition for download.file
2020-08-20T19:52:18.1283780Z URLs_CAMVID_TINY: no visible global function definition for
2020-08-20T19:52:18.1284808Z   download.file
2020-08-20T19:52:18.1285481Z URLs_CARS: no visible global function definition for download.file
2020-08-20T19:52:18.1286151Z URLs_CIFAR: no visible global function definition for download.file
2020-08-20T19:52:18.1286553Z URLs_CIFAR_100: no visible global function definition for
2020-08-20T19:52:18.1287528Z   download.file
2020-08-20T19:52:18.1287837Z URLs_COCO_TINY: no visible global function definition for
2020-08-20T19:52:18.1288350Z   download.file
2020-08-20T19:52:18.1289353Z URLs_CUB_200_2011: no visible global function definition for
2020-08-20T19:52:18.1289853Z   download.file
2020-08-20T19:52:18.1290402Z URLs_DBPEDIA: no visible global function definition for download.file
2020-08-20T19:52:18.1290906Z URLs_DOGS: no visible global function definition for download.file
2020-08-20T19:52:18.1291407Z URLs_FLOWERS: no visible global function definition for download.file
2020-08-20T19:52:18.1291894Z URLs_FOOD: no visible global function definition for download.file
2020-08-20T19:52:18.1292421Z URLs_HUMAN_NUMBERS: no visible global function definition for
2020-08-20T19:52:18.1292849Z   download.file
2020-08-20T19:52:18.1293152Z URLs_IMAGENETTE: no visible global function definition for
2020-08-20T19:52:18.1293491Z   download.file
2020-08-20T19:52:18.1293977Z URLs_IMAGENETTE_160: no visible global function definition for
2020-08-20T19:52:18.1294345Z   download.file
2020-08-20T19:52:18.1294656Z URLs_IMAGENETTE_320: no visible global function definition for
2020-08-20T19:52:18.1295024Z   download.file
2020-08-20T19:52:18.1295330Z URLs_IMAGEWOOF: no visible global function definition for
2020-08-20T19:52:18.1295720Z   download.file
2020-08-20T19:52:18.1296195Z URLs_IMAGEWOOF_160: no visible global function definition for
2020-08-20T19:52:18.1296818Z   download.file
2020-08-20T19:52:18.1297119Z URLs_IMAGEWOOF_320: no visible global function definition for
2020-08-20T19:52:18.1297471Z   download.file
2020-08-20T19:52:18.1297944Z URLs_IMDB: no visible global function definition for download.file
2020-08-20T19:52:18.1298250Z URLs_IMDB_SAMPLE: no visible global function definition for
2020-08-20T19:52:18.1298622Z   download.file
2020-08-20T19:52:18.1298900Z URLs_LSUN_BEDROOMS: no visible global function definition for
2020-08-20T19:52:18.1299250Z   download.file
2020-08-20T19:52:18.1299542Z URLs_ML_SAMPLE: no visible global function definition for
2020-08-20T19:52:18.1299886Z   download.file
2020-08-20T19:52:18.1300363Z URLs_MNIST: no visible global function definition for download.file
2020-08-20T19:52:18.1300678Z URLs_MNIST_SAMPLE: no visible global function definition for
2020-08-20T19:52:18.1301058Z   download.file
2020-08-20T19:52:18.1301362Z URLs_MNIST_TINY: no visible global function definition for
2020-08-20T19:52:18.1301727Z   download.file
2020-08-20T19:52:18.1302877Z URLs_MNIST_VAR_SIZE_TINY: no visible global function definition for
2020-08-20T19:52:18.1303385Z   download.file
2020-08-20T19:52:18.1303581Z URLs_MT_ENG_FRA: no visible global function definition for
2020-08-20T19:52:18.1303831Z   download.file
2020-08-20T19:52:18.1304021Z URLs_OPENAI_TRANSFORMER: no visible global function definition for
2020-08-20T19:52:18.1304274Z   download.file
2020-08-20T19:52:18.1304470Z URLs_PASCAL_2007: no visible global function definition for
2020-08-20T19:52:18.1304720Z   download.file
2020-08-20T19:52:18.1304917Z URLs_PASCAL_2012: no visible global function definition for
2020-08-20T19:52:18.1305170Z   download.file
2020-08-20T19:52:18.1305534Z URLs_PETS: no visible global function definition for download.file
2020-08-20T19:52:18.1305747Z URLs_PLANET_SAMPLE: no visible global function definition for
2020-08-20T19:52:18.1306170Z   download.file
2020-08-20T19:52:18.1306351Z URLs_PLANET_TINY: no visible global function definition for
2020-08-20T19:52:18.1306611Z   download.file
2020-08-20T19:52:18.1306983Z URLs_S3_COCO: no visible global function definition for download.file
2020-08-20T19:52:18.1307183Z URLs_S3_IMAGE: no visible global function definition for
2020-08-20T19:52:18.1307432Z   download.file
2020-08-20T19:52:18.1307625Z URLs_S3_IMAGELOC: no visible global function definition for
2020-08-20T19:52:18.1307869Z   download.file
2020-08-20T19:52:18.1308062Z URLs_S3_MODEL: no visible global function definition for
2020-08-20T19:52:18.1309106Z   download.file
2020-08-20T19:52:18.1309468Z URLs_S3_NLP: no visible global function definition for download.file
2020-08-20T19:52:18.1309669Z URLs_SKIN_LESION: no visible global function definition for
2020-08-20T19:52:18.1309905Z   download.file
2020-08-20T19:52:18.1310091Z URLs_SOGOU_NEWS: no visible global function definition for
2020-08-20T19:52:18.1310349Z   download.file
2020-08-20T19:52:18.1310542Z URLs_WIKITEXT: no visible global function definition for
2020-08-20T19:52:18.1310780Z   download.file
2020-08-20T19:52:18.1310956Z URLs_WIKITEXT_TINY: no visible global function definition for
2020-08-20T19:52:18.1311194Z   download.file
2020-08-20T19:52:18.1311376Z URLs_WT103_BWD: no visible global function definition for
2020-08-20T19:52:18.1311611Z   download.file
2020-08-20T19:52:18.1311790Z URLs_WT103_FWD: no visible global function definition for
2020-08-20T19:52:18.1312027Z   download.file
2020-08-20T19:52:18.1312216Z URLs_YAHOO_ANSWERS: no visible global function definition for
2020-08-20T19:52:18.1312451Z   download.file
2020-08-20T19:52:18.1312622Z URLs_YELP_REVIEWS: no visible global function definition for
2020-08-20T19:52:18.1312859Z   download.file
2020-08-20T19:52:18.1313059Z URLs_YELP_REVIEWS_POLARITY: no visible global function definition for
2020-08-20T19:52:18.1313313Z   download.file
2020-08-20T19:52:18.1313747Z XResNet: no visible binding for global variable asintec_out
2020-08-20T19:52:18.1313975Z predict.fastai2.tabular.learner.TabularLearner: no visible binding for
2020-08-20T19:52:18.1314262Z   global variable model
2020-08-20T19:52:18.1315621Z tabular_apply: no visible binding for global variable .SD
2020-08-20T19:52:18.1315845Z tabular_apply : <anonymous>: no visible global function definition for
2020-08-20T19:52:18.1316106Z   sd
2020-08-20T19:52:18.1316264Z Undefined global functions or variables:
2020-08-20T19:52:18.1316426Z   .SD asintec_out download.file model sd
2020-08-20T19:52:18.1316551Z Consider adding
2020-08-20T19:52:18.1316689Z   importFrom("stats", "sd")
2020-08-20T19:52:18.1316846Z   importFrom("utils", "download.file")
2020-08-20T19:52:18.1316980Z to your NAMESPACE file.
2020-08-20T19:52:18.4880885Z * checking Rd files ... NOTE
2020-08-20T19:52:18.4883013Z prepare_Rd: get_emb_sz.Rd:17-19: Dropping empty section \details
2020-08-20T19:52:18.4883605Z prepare_Rd: open_image.Rd:23-25: Dropping empty section \details
2020-08-20T19:52:18.4884131Z prepare_Rd: open_mask.Rd:21-23: Dropping empty section \details
2020-08-20T19:52:18.4884688Z prepare_Rd: tabular_TabularList_show_xys.Rd:17-19: Dropping empty section \details
2020-08-20T19:52:18.4885229Z prepare_Rd: tabular_TabularList_show_xyzs.Rd:19-21: Dropping empty section \details
2020-08-20T19:52:18.4885727Z prepare_Rd: xception.Rd:19-21: Dropping empty section \details
2020-08-20T19:52:18.5319845Z * checking Rd metadata ... OK
2020-08-20T19:52:18.6662472Z * checking Rd cross-references ... OK
2020-08-20T19:52:21.7520928Z * checking for missing documentation entries ... OK
2020-08-20T19:52:31.3404858Z * checking for code/documentation mismatches ... OK
2020-08-20T19:52:31.6165361Z * checking Rd \usage sections ... WARNING
2020-08-20T19:52:31.6168348Z ##[warning]Undocumented arguments in documentation object 'DynamicUnet'
2020-08-20T19:52:31.6170464Z   ...
2020-08-20T19:52:31.6170977Z
2020-08-20T19:52:31.6172041Z Undocumented arguments in documentation object 'ResLayer'
2020-08-20T19:52:31.6172611Z   ...
2020-08-20T19:52:31.6172919Z
2020-08-20T19:52:31.6173881Z Undocumented arguments in documentation object 'UnetBlock'
2020-08-20T19:52:31.6174411Z   ...
2020-08-20T19:52:31.6174680Z
2020-08-20T19:52:31.6175271Z Undocumented arguments in documentation object 'WideResNet'
2020-08-20T19:52:31.6175798Z   ...
2020-08-20T19:52:31.6176884Z
2020-08-20T19:52:31.6178731Z Undocumented arguments in documentation object 'add_test'
2020-08-20T19:52:31.6179831Z   object
2020-08-20T19:52:31.6180188Z
2020-08-20T19:52:31.6180827Z Undocumented arguments in documentation object 'confusion_matrix'
2020-08-20T19:52:31.6181484Z   model
2020-08-20T19:52:31.6181771Z
2020-08-20T19:52:31.6182461Z Undocumented arguments in documentation object 'data_collate'
2020-08-20T19:52:31.6182755Z   object
2020-08-20T19:52:31.6182865Z
2020-08-20T19:52:31.6183901Z Undocumented arguments in documentation object 'fit.fastai2.tabular.learner.TabularLearner'
2020-08-20T19:52:31.6184262Z   object n_epoch
2020-08-20T19:52:31.6184740Z Documented arguments not in \usage in documentation object 'fit.fastai2.tabular.learner.TabularLearner':
2020-08-20T19:52:31.6185008Z   epochs
2020-08-20T19:52:31.6185069Z
2020-08-20T19:52:31.6185412Z Undocumented arguments in documentation object 'open_image'
2020-08-20T19:52:31.6185651Z   ...
2020-08-20T19:52:31.6186026Z Documented arguments not in \usage in documentation object 'open_image':
2020-08-20T19:52:31.6186267Z   cls
2020-08-20T19:52:31.6186323Z
2020-08-20T19:52:31.6186667Z Undocumented arguments in documentation object 'split_by_idx'
2020-08-20T19:52:31.6186917Z   object
2020-08-20T19:52:31.6186976Z
2020-08-20T19:52:31.6187835Z Undocumented arguments in documentation object 'summary.fastai2.tabular.learner.TabularLearner'
2020-08-20T19:52:31.6188101Z   object
2020-08-20T19:52:31.6188586Z Documented arguments not in \usage in documentation object 'summary.fastai2.tabular.learner.TabularLearner':
2020-08-20T19:52:31.6188860Z   m
2020-08-20T19:52:31.6188919Z
2020-08-20T19:52:31.6189456Z Undocumented arguments in documentation object 'tabular_apply'
2020-08-20T19:52:31.6189781Z   object DT
2020-08-20T19:52:31.6190017Z
2020-08-20T19:52:31.6190518Z Undocumented arguments in documentation object 'wrn_22'
2020-08-20T19:52:31.6190735Z   ...
2020-08-20T19:52:31.6190811Z
2020-08-20T19:52:31.6191153Z Undocumented arguments in documentation object 'xresnet101'
2020-08-20T19:52:31.6191385Z   ...
2020-08-20T19:52:31.6191442Z
2020-08-20T19:52:31.6191783Z Undocumented arguments in documentation object 'xresnet152'
2020-08-20T19:52:31.6192015Z   ...
2020-08-20T19:52:31.6192071Z
2020-08-20T19:52:31.6192410Z Undocumented arguments in documentation object 'xresnet18'
2020-08-20T19:52:31.6192641Z   ...
2020-08-20T19:52:31.6192695Z
2020-08-20T19:52:31.6193044Z Undocumented arguments in documentation object 'xresnet18_deep'
2020-08-20T19:52:31.6193278Z   ...
2020-08-20T19:52:31.6193361Z
2020-08-20T19:52:31.6193708Z Undocumented arguments in documentation object 'xresnet34'
2020-08-20T19:52:31.6193928Z   ...
2020-08-20T19:52:31.6194000Z
2020-08-20T19:52:31.6194348Z Undocumented arguments in documentation object 'xresnet34_deep'
2020-08-20T19:52:31.6194584Z   ...
2020-08-20T19:52:31.6194639Z
2020-08-20T19:52:31.6194975Z Undocumented arguments in documentation object 'xresnet50'
2020-08-20T19:52:31.6195206Z   ...
2020-08-20T19:52:31.6195262Z
2020-08-20T19:52:31.6195614Z Undocumented arguments in documentation object 'xresnet50_deep'
2020-08-20T19:52:31.6195849Z   ...
2020-08-20T19:52:31.6195919Z
2020-08-20T19:52:31.6196309Z Functions with \usage entries need to have the appropriate \alias
2020-08-20T19:52:31.6196500Z entries, and all their arguments documented.
2020-08-20T19:52:31.6196718Z The \usage entries must correspond to syntactically valid R code.
2020-08-20T19:52:31.6197094Z See chapter Writing R documentation files in the Writing R
2020-08-20T19:52:31.6197684Z Extensions manual.
2020-08-20T19:52:35.5467241Z * checking Rd contents ... OK
2020-08-20T19:52:35.6419252Z * checking for unstated dependencies in examples ... OK
2020-08-20T19:52:35.8623629Z * checking examples ... NONE
2020-08-20T19:52:35.8624044Z * DONE
2020-08-20T19:52:35.8647733Z
2020-08-20T19:52:35.8647980Z Status: 2 WARNINGs, 2 NOTEs
2020-08-20T19:52:35.8648206Z See
2020-08-20T19:52:35.8649088Z   /home/runner/work/fastai/fastai/check/fastai.Rcheck/00check.log
2020-08-20T19:52:35.8649353Z for details.
2020-08-20T19:52:35.8649529Z
2020-08-20T19:52:35.8649619Z
2020-08-20T19:52:36.0311924Z [36m R CMD check results  fastai 0.1.0.1 [39m
2020-08-20T19:52:36.0340121Z Duration: 1m 9s
2020-08-20T19:52:36.0340486Z
2020-08-20T19:52:36.0358353Z [35m checking S3 generic/method consistency ... WARNING[39m
2020-08-20T19:52:36.0358791Z   fit:
2020-08-20T19:52:36.0359106Z     function(object, ...)
2020-08-20T19:52:36.0359718Z   fit.fastai2.tabular.learner.TabularLearner:
2020-08-20T19:52:36.0360455Z     function(object, n_epoch, lr, wd, callbacks)
2020-08-20T19:52:36.0360756Z
2020-08-20T19:52:36.0361049Z   predict:
2020-08-20T19:52:36.0361355Z     function(object, ...)
2020-08-20T19:52:36.0361700Z   predict.fastai2.tabular.learner.TabularLearner:
2020-08-20T19:52:36.0362009Z     function(object, row)
2020-08-20T19:52:36.0362283Z
2020-08-20T19:52:36.0362557Z   summary:
2020-08-20T19:52:36.0362857Z     function(object, ...)
2020-08-20T19:52:36.0363270Z   summary.fastai2.tabular.learner.TabularLearner:
2020-08-20T19:52:36.0363764Z     function(object)
2020-08-20T19:52:36.0364025Z
2020-08-20T19:52:36.0364860Z   See section Generic functions and methods in the Writing R
2020-08-20T19:52:36.0365513Z   Extensions manual.
2020-08-20T19:52:36.0365808Z
2020-08-20T19:52:36.0366574Z [35m checking Rd \usage sections ... WARNING[39m
2020-08-20T19:52:36.0367447Z   Undocumented arguments in documentation object 'DynamicUnet'
2020-08-20T19:52:36.0368105Z     ...
2020-08-20T19:52:36.0368419Z
2020-08-20T19:52:36.0369121Z   Undocumented arguments in documentation object 'ResLayer'
2020-08-20T19:52:36.0369685Z     ...
2020-08-20T19:52:36.0370003Z
2020-08-20T19:52:36.0370541Z   Undocumented arguments in documentation object 'UnetBlock'
2020-08-20T19:52:36.0371023Z     ...
2020-08-20T19:52:36.0371332Z
2020-08-20T19:52:36.0371865Z   Undocumented arguments in documentation object 'WideResNet'
2020-08-20T19:52:36.0372343Z     ...
2020-08-20T19:52:36.0372650Z
2020-08-20T19:52:36.0373180Z   Undocumented arguments in documentation object 'add_test'
2020-08-20T19:52:36.0373663Z     object
2020-08-20T19:52:36.0373954Z
2020-08-20T19:52:36.0374502Z   Undocumented arguments in documentation object 'confusion_matrix'
2020-08-20T19:52:36.0374986Z     model
2020-08-20T19:52:36.0375340Z
2020-08-20T19:52:36.0375881Z   Undocumented arguments in documentation object 'data_collate'
2020-08-20T19:52:36.0376553Z     object
2020-08-20T19:52:36.0377062Z
2020-08-20T19:52:36.0378136Z   Undocumented arguments in documentation object 'fit.fastai2.tabular.learner.TabularLearner'
2020-08-20T19:52:36.0378722Z     object n_epoch
2020-08-20T19:52:36.0379498Z   Documented arguments not in \usage in documentation object 'fit.fastai2.tabular.learner.TabularLearner':
2020-08-20T19:52:36.0380062Z     epochs
2020-08-20T19:52:36.0380570Z
2020-08-20T19:52:36.0381507Z   Undocumented arguments in documentation object 'open_image'
2020-08-20T19:52:36.0382548Z     ...
2020-08-20T19:52:36.0383248Z   Documented arguments not in \usage in documentation object 'open_image':
2020-08-20T19:52:36.0383689Z     cls
2020-08-20T19:52:36.0383904Z
2020-08-20T19:52:36.0384350Z   Undocumented arguments in documentation object 'split_by_idx'
2020-08-20T19:52:36.0384724Z     object
2020-08-20T19:52:36.0384932Z
2020-08-20T19:52:36.0385470Z   Undocumented arguments in documentation object 'summary.fastai2.tabular.learner.TabularLearner'
2020-08-20T19:52:36.0385852Z     object
2020-08-20T19:52:36.0386653Z   Documented arguments not in \usage in documentation object 'summary.fastai2.tabular.learner.TabularLearner':
2020-08-20T19:52:36.0387056Z     m
2020-08-20T19:52:36.0387273Z
2020-08-20T19:52:36.0387701Z   Undocumented arguments in documentation object 'tabular_apply'
2020-08-20T19:52:36.0388086Z     object DT
2020-08-20T19:52:36.0388304Z
2020-08-20T19:52:36.0388736Z   Undocumented arguments in documentation object 'wrn_22'
2020-08-20T19:52:36.0389100Z     ...
2020-08-20T19:52:36.0389314Z
2020-08-20T19:52:36.0389755Z   Undocumented arguments in documentation object 'xresnet101'
2020-08-20T19:52:36.0390119Z     ...
2020-08-20T19:52:36.0390333Z
2020-08-20T19:52:36.0390770Z   Undocumented arguments in documentation object 'xresnet152'
2020-08-20T19:52:36.0391131Z     ...
2020-08-20T19:52:36.0391341Z
2020-08-20T19:52:36.0391758Z   Undocumented arguments in documentation object 'xresnet18'
2020-08-20T19:52:36.0392121Z     ...
2020-08-20T19:52:36.0392518Z
2020-08-20T19:52:36.0393012Z   Undocumented arguments in documentation object 'xresnet18_deep'
2020-08-20T19:52:36.0393410Z     ...
2020-08-20T19:52:36.0393642Z
2020-08-20T19:52:36.0394106Z   Undocumented arguments in documentation object 'xresnet34'
2020-08-20T19:52:36.0394489Z     ...
2020-08-20T19:52:36.0394710Z
2020-08-20T19:52:36.0395181Z   Undocumented arguments in documentation object 'xresnet34_deep'
2020-08-20T19:52:36.0395756Z     ...
2020-08-20T19:52:36.0395978Z
2020-08-20T19:52:36.0396429Z   Undocumented arguments in documentation object 'xresnet50'
2020-08-20T19:52:36.0396819Z     ...
2020-08-20T19:52:36.0397222Z
2020-08-20T19:52:36.0397729Z   Undocumented arguments in documentation object 'xresnet50_deep'
2020-08-20T19:52:36.0398129Z     ...
2020-08-20T19:52:36.0398366Z
2020-08-20T19:52:36.0398667Z   Functions with \usage entries need to have the appropriate \alias
2020-08-20T19:52:36.0399123Z   entries, and all their arguments documented.
2020-08-20T19:52:36.0400101Z   The \usage entries must correspond to syntactically valid R code.
2020-08-20T19:52:36.0400918Z   See chapter Writing R documentation files in the Writing R
2020-08-20T19:52:36.0401380Z   Extensions manual.
2020-08-20T19:52:36.0401546Z
2020-08-20T19:52:36.0402084Z [34m checking R code for possible problems ... NOTE[39m
2020-08-20T19:52:36.0402405Z   URLs_ADULT_SAMPLE: no visible global function definition for
2020-08-20T19:52:36.0402773Z     download.file
2020-08-20T19:52:36.0403270Z   URLs_AG_NEWS: no visible global function definition for download.file
2020-08-20T19:52:36.0403586Z   URLs_AMAZON_REVIEWSAMAZON_REVIEWS: no visible global function
2020-08-20T19:52:36.0403985Z     definition for download.file
2020-08-20T19:52:36.0404305Z   URLs_AMAZON_REVIEWS_POLARITY: no visible global function definition for
2020-08-20T19:52:36.0404669Z     download.file
2020-08-20T19:52:36.0404995Z   URLs_BIWI_HEAD_POSE: no visible global function definition for
2020-08-20T19:52:36.0405360Z     download.file
2020-08-20T19:52:36.0405661Z   URLs_CALTECH_101: no visible global function definition for
2020-08-20T19:52:36.0406062Z     download.file
2020-08-20T19:52:36.0406579Z   URLs_CAMVID: no visible global function definition for download.file
2020-08-20T19:52:36.0406902Z   URLs_CAMVID_TINY: no visible global function definition for
2020-08-20T19:52:36.0407257Z     download.file
2020-08-20T19:52:36.0407778Z   URLs_CARS: no visible global function definition for download.file
2020-08-20T19:52:36.0408277Z   URLs_CIFAR: no visible global function definition for download.file
2020-08-20T19:52:36.0408621Z   URLs_CIFAR_100: no visible global function definition for
2020-08-20T19:52:36.0408989Z     download.file
2020-08-20T19:52:36.0409271Z   URLs_COCO_TINY: no visible global function definition for
2020-08-20T19:52:36.0409641Z     download.file
2020-08-20T19:52:36.0409966Z   URLs_CUB_200_2011: no visible global function definition for
2020-08-20T19:52:36.0410333Z     download.file
2020-08-20T19:52:36.0410822Z   URLs_DBPEDIA: no visible global function definition for download.file
2020-08-20T19:52:36.0411548Z   URLs_DOGS: no visible global function definition for download.file
2020-08-20T19:52:36.0412064Z   URLs_FLOWERS: no visible global function definition for download.file
2020-08-20T19:52:36.0412575Z   URLs_FOOD: no visible global function definition for download.file
2020-08-20T19:52:36.0412895Z   URLs_HUMAN_NUMBERS: no visible global function definition for
2020-08-20T19:52:36.0413243Z     download.file
2020-08-20T19:52:36.0413569Z   URLs_IMAGENETTE: no visible global function definition for
2020-08-20T19:52:36.0413942Z     download.file
2020-08-20T19:52:36.0414232Z   URLs_IMAGENETTE_160: no visible global function definition for
2020-08-20T19:52:36.0414603Z     download.file
2020-08-20T19:52:36.0414933Z   URLs_IMAGENETTE_320: no visible global function definition for
2020-08-20T19:52:36.0415301Z     download.file
2020-08-20T19:52:36.0415587Z   URLs_IMAGEWOOF: no visible global function definition for
2020-08-20T19:52:36.0416502Z     download.file
2020-08-20T19:52:36.0416746Z   URLs_IMAGEWOOF_160: no visible global function definition for
2020-08-20T19:52:36.0417051Z     download.file
2020-08-20T19:52:36.0417437Z   URLs_IMAGEWOOF_320: no visible global function definition for
2020-08-20T19:52:36.0417704Z     download.file
2020-08-20T19:52:36.0418074Z   URLs_IMDB: no visible global function definition for download.file
2020-08-20T19:52:36.0418291Z   URLs_IMDB_SAMPLE: no visible global function definition for
2020-08-20T19:52:36.0418547Z     download.file
2020-08-20T19:52:36.0418738Z   URLs_LSUN_BEDROOMS: no visible global function definition for
2020-08-20T19:52:36.0418998Z     download.file
2020-08-20T19:52:36.0419198Z   URLs_ML_SAMPLE: no visible global function definition for
2020-08-20T19:52:36.0419458Z     download.file
2020-08-20T19:52:36.0419996Z   URLs_MNIST: no visible global function definition for download.file
2020-08-20T19:52:36.0420210Z   URLs_MNIST_SAMPLE: no visible global function definition for
2020-08-20T19:52:36.0420479Z     download.file
2020-08-20T19:52:36.0420937Z   URLs_MNIST_TINY: no visible global function definition for
2020-08-20T19:52:36.0421214Z     download.file
2020-08-20T19:52:36.0421419Z   URLs_MNIST_VAR_SIZE_TINY: no visible global function definition for
2020-08-20T19:52:36.0421663Z     download.file
2020-08-20T19:52:36.0421852Z   URLs_MT_ENG_FRA: no visible global function definition for
2020-08-20T19:52:36.0422088Z     download.file
2020-08-20T19:52:36.0422287Z   URLs_OPENAI_TRANSFORMER: no visible global function definition for
2020-08-20T19:52:36.0422529Z     download.file
2020-08-20T19:52:36.0422719Z   URLs_PASCAL_2007: no visible global function definition for
2020-08-20T19:52:36.0422959Z     download.file
2020-08-20T19:52:36.0423131Z   URLs_PASCAL_2012: no visible global function definition for
2020-08-20T19:52:36.0423372Z     download.file
2020-08-20T19:52:36.0423713Z   URLs_PETS: no visible global function definition for download.file
2020-08-20T19:52:36.0423932Z   URLs_PLANET_SAMPLE: no visible global function definition for
2020-08-20T19:52:36.0424178Z     download.file
2020-08-20T19:52:36.0424366Z   URLs_PLANET_TINY: no visible global function definition for
2020-08-20T19:52:36.0424605Z     download.file
2020-08-20T19:52:36.0424960Z   URLs_S3_COCO: no visible global function definition for download.file
2020-08-20T19:52:36.0425196Z   URLs_S3_IMAGE: no visible global function definition for
2020-08-20T19:52:36.0425441Z     download.file
2020-08-20T19:52:36.0425614Z   URLs_S3_IMAGELOC: no visible global function definition for
2020-08-20T19:52:36.0425854Z     download.file
2020-08-20T19:52:36.0426038Z   URLs_S3_MODEL: no visible global function definition for
2020-08-20T19:52:36.0426275Z     download.file
2020-08-20T19:52:36.0426622Z   URLs_S3_NLP: no visible global function definition for download.file
2020-08-20T19:52:36.0426823Z   URLs_SKIN_LESION: no visible global function definition for
2020-08-20T19:52:36.0427183Z     download.file
2020-08-20T19:52:36.0427380Z   URLs_SOGOU_NEWS: no visible global function definition for
2020-08-20T19:52:36.0427605Z     download.file
2020-08-20T19:52:36.0427790Z   URLs_WIKITEXT: no visible global function definition for
2020-08-20T19:52:36.0428033Z     download.file
2020-08-20T19:52:36.0428227Z   URLs_WIKITEXT_TINY: no visible global function definition for
2020-08-20T19:52:36.0428474Z     download.file
2020-08-20T19:52:36.0428660Z   URLs_WT103_BWD: no visible global function definition for
2020-08-20T19:52:36.0428899Z     download.file
2020-08-20T19:52:36.0429082Z   URLs_WT103_FWD: no visible global function definition for
2020-08-20T19:52:36.0429489Z     download.file
2020-08-20T19:52:36.0429691Z   URLs_YAHOO_ANSWERS: no visible global function definition for
2020-08-20T19:52:36.0429945Z     download.file
2020-08-20T19:52:36.0430146Z   URLs_YELP_REVIEWS: no visible global function definition for
2020-08-20T19:52:36.0430401Z     download.file
2020-08-20T19:52:36.0430626Z   URLs_YELP_REVIEWS_POLARITY: no visible global function definition for
2020-08-20T19:52:36.0430955Z     download.file
2020-08-20T19:52:36.0431340Z   XResNet: no visible binding for global variable asintec_out
2020-08-20T19:52:36.0431567Z   predict.fastai2.tabular.learner.TabularLearner: no visible binding for
2020-08-20T19:52:36.0431827Z     global variable model
2020-08-20T19:52:36.0432173Z   tabular_apply: no visible binding for global variable .SD
2020-08-20T19:52:36.0432396Z   tabular_apply : <anonymous>: no visible global function definition for
2020-08-20T19:52:36.0432792Z     sd
2020-08-20T19:52:36.0432954Z   Undefined global functions or variables:
2020-08-20T19:52:36.0433118Z     .SD asintec_out download.file model sd
2020-08-20T19:52:36.0433242Z   Consider adding
2020-08-20T19:52:36.0433381Z     importFrom("stats", "sd")
2020-08-20T19:52:36.0433522Z     importFrom("utils", "download.file")
2020-08-20T19:52:36.0433658Z   to your NAMESPACE file.
2020-08-20T19:52:36.0433730Z
2020-08-20T19:52:36.0434040Z [34m checking Rd files ... NOTE[39m
2020-08-20T19:52:36.0434401Z   prepare_Rd: get_emb_sz.Rd:17-19: Dropping empty section \details
2020-08-20T19:52:36.0434741Z   prepare_Rd: open_image.Rd:23-25: Dropping empty section \details
2020-08-20T19:52:36.0435089Z   prepare_Rd: open_mask.Rd:21-23: Dropping empty section \details
2020-08-20T19:52:36.0435480Z   prepare_Rd: tabular_TabularList_show_xys.Rd:17-19: Dropping empty section \details
2020-08-20T19:52:36.0435874Z   prepare_Rd: tabular_TabularList_show_xyzs.Rd:19-21: Dropping empty section \details
2020-08-20T19:52:36.0436226Z   prepare_Rd: xception.Rd:19-21: Dropping empty section \details
2020-08-20T19:52:36.0436306Z
2020-08-20T19:52:36.0436637Z [32m0 errors [39m | [31m2 warnings [39m | [31m2 notes [39m
2020-08-20T19:52:36.0490397Z Cleaning up orphan processes
